20260909-07:55.31-93796(us) 2393041 * ParseNewFormat  (configuration.cc:102): Using new configuration format
20260909-07:55.31-93927(us) 2393041 * ParseNewFormat  (configuration.cc:162): Loaded 1 sites in 1 shards
20260909-07:55.31-93956(us) 2393041 * handle_new_config_format (dbtest.cc:368):    Site local_s0: shard=0, replica_idx=0, is_leader=1, cluster=localhost
SiloRuntime[0]::InitializeAllocator()
  hugepgsize: 2097152
  mmap() region [0x7d12e5200000, 0x7d1365400000)
  runtime0 cpu0 owns [0x7d12e5200000, 0x7d1365200000)
Database Benchmark:
  pid: 2393041
settings:
  num-cpus    : 128
  num-threads : 1
  shardIndex  : 0
  paxos_proc_name  : localhost
  nshards     : 1
  is_micro    : 0
  is_replicated : 0
  storage_engine : cpp
  var-encode  : yes
  allocator   : jemalloc
system properties:
  tuple_prefetch          : no
  btree_node_prefetch     : yes
tpcc settings:
  cross_partition_transactions : 1
  read_only_snapshots          : 1
  partition_locks              : 0
  separate_tree_per_partition  : 1
  new_order_remote_item_pct    : 1
  new_order_fast_id_gen        : 1
  uniform_item_dist            : 0
  order_status_scan_hack       : 0
  workload_mix                 : [45, 43, 4, 4, 4]
20260909-07:55.31-97966(us) 2393041 * ParseNewFormat  (configuration.cc:102): Using new configuration format
20260909-07:55.31-98019(us) 2393041 * ParseNewFormat  (configuration.cc:162): Loaded 1 sites in 1 shards
20260909-07:55.31-98311(us) 2393041 * Initialize      (srpc_rpc_backend.cc:66): SrpcRpcBackend::Initialize: poll_thread_worker_ created, is_some=1
20260909-07:55.31-98461(us) 2393041 * Initialize      (srpc_rpc_backend.cc:97): SrpcRpcBackend initialized on 127.0.0.1:31007 (listening on 0.0.0.0:31007)
20260909-07:55.31-98483(us) 2393041 * FastTransport   (fasttransport.cc:147): FastTransport initialized with srpc/rpc backend on 127.0.0.1:31007
20260909-07:55.31-98497(us) 2393041 * RunEventLoop    (srpc_rpc_backend.cc:516): SrpcRpcBackend::RunEventLoop: Starting event loop
20260909-07:55.31-100884(us) 2393041 * ParseNewFormat  (configuration.cc:102): Using new configuration format
20260909-07:55.31-100932(us) 2393041 * ParseNewFormat  (configuration.cc:162): Loaded 1 sites in 1 shards
20260909-07:55.31-101266(us) 2393041 * Initialize      (srpc_rpc_backend.cc:66): SrpcRpcBackend::Initialize: poll_thread_worker_ created, is_some=1
20260909-07:55.31-101342(us) 2393041 * Initialize      (srpc_rpc_backend.cc:97): SrpcRpcBackend initialized on 127.0.0.1:31006 (listening on 0.0.0.0:31006)
20260909-07:55.31-101357(us) 2393041 * FastTransport   (fasttransport.cc:147): FastTransport initialized with srpc/rpc backend on 127.0.0.1:31006
20260909-07:55.31-101371(us) 2393041 * RunEventLoop    (srpc_rpc_backend.cc:516): SrpcRpcBackend::RunEventLoop: Starting event loop
20260909-07:55.31-103840(us) 2393041 ! run             (bench.cc:537):     # of loaders size:6
20260909-07:55.31-104871(us) 2393041 * benchmark_thread_init (mbta_wrapper.hh:1811): thread_init: thread_id=0, shard_index=0, getShardIndex=0, loader=1
[INFO] finished loading warehouse
[INFO]   * average warehouse record length: 97 bytes
20260909-07:55.31-105866(us) 2393041 * benchmark_thread_init (mbta_wrapper.hh:1811): thread_init: thread_id=1, shard_index=0, getShardIndex=0, loader=1
[INFO] finished loading item
[INFO]   * average item record length: 84.1739 bytes
20260909-07:55.31-355263(us) 2393041 * benchmark_thread_init (mbta_wrapper.hh:1811): thread_init: thread_id=2, shard_index=0, getShardIndex=0, loader=1
PinToWarehouseId(): coreid=2 pinned to whse=1 (partid=0)
[INFO] finished loading stock
[INFO]   * average stock record length: 8 bytes
20260909-07:55.32-827026(us) 2393041 * benchmark_thread_init (mbta_wrapper.hh:1811): thread_init: thread_id=3, shard_index=0, getShardIndex=0, loader=1
PinToWarehouseId(): coreid=3 pinned to whse=1 (partid=0)
[INFO] finished loading district
[INFO]   * average district record length: 99 bytes
20260909-07:55.32-828012(us) 2393041 * benchmark_thread_init (mbta_wrapper.hh:1811): thread_init: thread_id=4, shard_index=0, getShardIndex=0, loader=1
num batches: 30
PinToWarehouseId(): coreid=4 pinned to whse=1 (partid=0)
[INFO] finished loading customer
[INFO]   * average customer record length: 153.725 bytes 
20260909-07:55.33-248379(us) 2393041 * benchmark_thread_init (mbta_wrapper.hh:1811): thread_init: thread_id=5, shard_index=0, getShardIndex=0, loader=1
PinToWarehouseId(): coreid=5 pinned to whse=1 (partid=0)
[INFO] finished loading order
[INFO]   * average order_line record length: 10.9193 bytes
[INFO]   * average oorder record length: 7.4286 bytes
[INFO]   * average new_order record length: 12 bytes
timed region dataloading took 2362.16 ms
DB size: 149.664 MB
[0, 0, 0] txns persisted in loading phase
20260909-07:55.33-466050(us) 2393041 ! run             (bench.cc:607):     # of nthreads:1
starting benchmark...
tpcc: worker id 128 => warehouses [1, 2)
20260909-07:55.33-468845(us) 2393041 * benchmark_thread_init (mbta_wrapper.hh:1811): thread_init: thread_id=6, shard_index=0, getShardIndex=0, loader=0
20260909-07:55.33-470681(us) 2393041 * ParseNewFormat  (configuration.cc:102): Using new configuration format
20260909-07:55.33-470723(us) 2393041 * ParseNewFormat  (configuration.cc:162): Loaded 1 sites in 1 shards
20260909-07:55.33-471944(us) 2393041 * ParseNewFormat  (configuration.cc:102): Using new configuration format
20260909-07:55.33-471974(us) 2393041 * ParseNewFormat  (configuration.cc:162): Loaded 1 sites in 1 shards
20260909-07:55.33-472569(us) 2393041 * Initialize      (srpc_rpc_backend.cc:66): SrpcRpcBackend::Initialize: poll_thread_worker_ created, is_some=1
20260909-07:55.33-472822(us) 2393041 * Initialize      (srpc_rpc_backend.cc:97): SrpcRpcBackend initialized on 127.0.0.1:31000 (listening on 0.0.0.0:31000)
20260909-07:55.33-472848(us) 2393041 * FastTransport   (fasttransport.cc:147): FastTransport initialized with srpc/rpc backend on 127.0.0.1:31000
20260909-07:55.33-474019(us) 2393041 * ParseNewFormat  (configuration.cc:102): Using new configuration format
20260909-07:55.33-474066(us) 2393041 * ParseNewFormat  (configuration.cc:162): Loaded 1 sites in 1 shards
20260909-07:55.33-477401(us) 2393041 ! run             (bench.cc:685):     TPCC_BENCH_MEASURE_START
20260909-07:55.33-477420(us) 2393041 ! run             (bench.cc:693):     start the running time, runTime:10
20260909-07:55.33-477434(us) 2393041 ! run             (bench.cc:705):     runtime time left:10000 ms, bool:1
20260909-07:55.34-483390(us) 2393041 ! run             (bench.cc:705):     runtime time left:9000 ms, bool:1
20260909-07:55.35-490430(us) 2393041 ! run             (bench.cc:705):     runtime time left:8000 ms, bool:1
20260909-07:55.36-495841(us) 2393041 ! run             (bench.cc:705):     runtime time left:7000 ms, bool:1
20260909-07:55.37-502242(us) 2393041 ! run             (bench.cc:705):     runtime time left:6000 ms, bool:1
20260909-07:55.38-508857(us) 2393041 ! run             (bench.cc:705):     runtime time left:5000 ms, bool:1
20260909-07:55.39-516936(us) 2393041 ! run             (bench.cc:705):     runtime time left:4000 ms, bool:1
20260909-07:55.40-524313(us) 2393041 ! run             (bench.cc:705):     runtime time left:3000 ms, bool:1
20260909-07:55.41-531070(us) 2393041 ! run             (bench.cc:705):     runtime time left:2000 ms, bool:1
20260909-07:55.42-536757(us) 2393041 ! run             (bench.cc:705):     runtime time left:1000 ms, bool:1
20260909-07:55.43-546494(us) 2393041 ! run             (bench.cc:718):     runtime_plus:0
[SHUTDOWN] Setting running=false to stop database worker threads
[SHUTDOWN] Calling first stop() to stop client transports
20260909-07:55.43-546565(us) 2393041 ! stop            (bench.cc:514):     stop all rpc clients. set stop=false
20260909-07:55.43-546581(us) 2393041 * Stop            (srpc_rpc_backend.cc:593): SrpcRpcBackend::Stop: BEGIN - Setting stop flag
20260909-07:55.43-546596(us) 2393041 * Stop            (srpc_rpc_backend.cc:596): SrpcRpcBackend::Stop: Waiting for event loop to exit...
20260909-07:55.43-546608(us) 2393041 * Stop            (srpc_rpc_backend.cc:612): SrpcRpcBackend::Stop: Event loop exited successfully
20260909-07:55.43-546621(us) 2393041 * Stop            (srpc_rpc_backend.cc:616): SrpcRpcBackend::Stop: Signaling 0 request queues to stop
20260909-07:55.43-546634(us) 2393041 * Stop            (srpc_rpc_backend.cc:624): SrpcRpcBackend::Stop: Signaling 0 response queues to stop
20260909-07:55.43-546651(us) 2393041 * Stop            (srpc_rpc_backend.cc:635): SrpcRpcBackend::Stop: Server cleanup deferred to destructor
20260909-07:55.43-546663(us) 2393041 * Stop            (srpc_rpc_backend.cc:638): SrpcRpcBackend::Stop: Closing client connections
20260909-07:55.43-546676(us) 2393041 * Stop            (srpc_rpc_backend.cc:642): SrpcRpcBackend::Stop: Found 0 client connections to close
20260909-07:55.43-546689(us) 2393041 * Stop            (srpc_rpc_backend.cc:662): SrpcRpcBackend::Stop: Closed 0 client connections
20260909-07:55.43-546701(us) 2393041 * Stop            (srpc_rpc_backend.cc:675): SrpcRpcBackend stats: msg_size_resp_sent: 0 bytes, counter: 0, avg: 0.000000
20260909-07:55.43-546718(us) 2393041 * Stop            (srpc_rpc_backend.cc:676): SrpcRpcBackend::Stop: END
[SHUTDOWN] First stop() completed
[SHUTDOWN] Joining 1 worker threads
[SHUTDOWN] Joining worker 0
20260909-07:55.43-546782(us) 2393041 * PrintStats      (srpc_rpc_backend.cc:686): SrpcRpcBackend request stats: msg_size_req_sent: 0 bytes, counter: 0, avg: 0.000000
20260909-07:55.44-552303(us) 2393041 * Stop            (srpc_rpc_backend.cc:589): SrpcRpcBackend::Stop: Already stopped, returning
20260909-07:55.44-552340(us) 2393041 * Shutdown        (srpc_rpc_backend.cc:112): SrpcRpcBackend::Shutdown: About to delete server
20260909-07:55.44-552354(us) 2393041 * Shutdown        (srpc_rpc_backend.cc:116): SrpcRpcBackend::Shutdown: Server pointer is valid, deleting...
20260909-07:55.44-552381(us) 2393041 * Shutdown        (srpc_rpc_backend.cc:120): SrpcRpcBackend::Shutdown: Server deleted successfully
20260909-07:55.44-552394(us) 2393041 * Shutdown        (srpc_rpc_backend.cc:132): SrpcRpcBackend::Shutdown: About to shutdown poll_thread_worker_
20260909-07:55.44-552406(us) 2393041 * Shutdown        (srpc_rpc_backend.cc:136): SrpcRpcBackend::Shutdown: poll_thread_worker_ is valid, calling shutdown()
20260909-07:55.44-553333(us) 2393041 * Shutdown        (srpc_rpc_backend.cc:138): SrpcRpcBackend::Shutdown: poll_thread_worker_->shutdown() completed
20260909-07:55.44-553366(us) 2393041 * Shutdown        (srpc_rpc_backend.cc:140): SrpcRpcBackend::Shutdown: poll_thread_worker_ reset to None
20260909-07:55.44-553379(us) 2393041 * Shutdown        (srpc_rpc_backend.cc:145): SrpcRpcBackend::Shutdown: Shutdown sequence completed, destructor will now exit
20260909-07:55.44-553392(us) 2393041 * ~SrpcRpcBackend (srpc_rpc_backend.cc:52): SrpcRpcBackend::~SrpcRpcBackend: START destructor
20260909-07:55.44-553405(us) 2393041 * Stop            (srpc_rpc_backend.cc:589): SrpcRpcBackend::Stop: Already stopped, returning
20260909-07:55.44-553418(us) 2393041 * Shutdown        (srpc_rpc_backend.cc:112): SrpcRpcBackend::Shutdown: About to delete server
20260909-07:55.44-553431(us) 2393041 * Shutdown        (srpc_rpc_backend.cc:129): SrpcRpcBackend::Shutdown: Server pointer is null, skipping deletion
20260909-07:55.44-553455(us) 2393041 * Shutdown        (srpc_rpc_backend.cc:132): SrpcRpcBackend::Shutdown: About to shutdown poll_thread_worker_
20260909-07:55.44-553481(us) 2393041 * Shutdown        (srpc_rpc_backend.cc:142): SrpcRpcBackend::Shutdown: poll_thread_worker_ is null, skipping shutdown
20260909-07:55.44-553494(us) 2393041 * Shutdown        (srpc_rpc_backend.cc:145): SrpcRpcBackend::Shutdown: Shutdown sequence completed, destructor will now exit
20260909-07:55.44-553510(us) 2393041 * ~SrpcRpcBackend (srpc_rpc_backend.cc:54): SrpcRpcBackend::~SrpcRpcBackend: Shutdown() completed
[SHUTDOWN] Worker 0 joined
[SHUTDOWN] All workers joined
[SHUTDOWN] Calling stop_rpc_server()
[STOP_SERVER] Stopping 2 server transports
[STOP_SERVER] Stopping server transport 0
20260909-07:55.44-553675(us) 2393041 * Stop            (srpc_rpc_backend.cc:593): SrpcRpcBackend::Stop: BEGIN - Setting stop flag
20260909-07:55.44-553692(us) 2393041 * Stop            (srpc_rpc_backend.cc:596): SrpcRpcBackend::Stop: Waiting for event loop to exit...
20260909-07:55.44-553800(us) 2393041 * RunEventLoop    (srpc_rpc_backend.cc:577): SrpcRpcBackend::RunEventLoop: Stop flag detected, exiting event loop
20260909-07:55.44-553816(us) 2393041 * RunEventLoop    (srpc_rpc_backend.cc:581): SrpcRpcBackend::RunEventLoop: Exited cleanly
20260909-07:55.44-553840(us) 2393041 * rpc_server      (rpc_setup.cc:126): the rpc_server is terminated on shardIdx:0, alpha:0!
20260909-07:55.44-563765(us) 2393041 * Stop            (srpc_rpc_backend.cc:612): SrpcRpcBackend::Stop: Event loop exited successfully
20260909-07:55.44-563787(us) 2393041 * Stop            (srpc_rpc_backend.cc:616): SrpcRpcBackend::Stop: Signaling 0 request queues to stop
20260909-07:55.44-563803(us) 2393041 * Stop            (srpc_rpc_backend.cc:624): SrpcRpcBackend::Stop: Signaling 0 response queues to stop
20260909-07:55.44-563818(us) 2393041 * Stop            (srpc_rpc_backend.cc:635): SrpcRpcBackend::Stop: Server cleanup deferred to destructor
20260909-07:55.44-563838(us) 2393041 * Stop            (srpc_rpc_backend.cc:638): SrpcRpcBackend::Stop: Closing client connections
20260909-07:55.44-563851(us) 2393041 * Stop            (srpc_rpc_backend.cc:642): SrpcRpcBackend::Stop: Found 0 client connections to close
20260909-07:55.44-563863(us) 2393041 * Stop            (srpc_rpc_backend.cc:662): SrpcRpcBackend::Stop: Closed 0 client connections
20260909-07:55.44-563876(us) 2393041 * Stop            (srpc_rpc_backend.cc:675): SrpcRpcBackend stats: msg_size_resp_sent: 0 bytes, counter: 0, avg: 0.000000
20260909-07:55.44-563891(us) 2393041 * Stop            (srpc_rpc_backend.cc:676): SrpcRpcBackend::Stop: END
[STOP_SERVER] Server transport 0 stopped
[STOP_SERVER] Stopping server transport 1
20260909-07:55.44-563916(us) 2393041 * Stop            (srpc_rpc_backend.cc:593): SrpcRpcBackend::Stop: BEGIN - Setting stop flag
20260909-07:55.44-563930(us) 2393041 * Stop            (srpc_rpc_backend.cc:596): SrpcRpcBackend::Stop: Waiting for event loop to exit...
20260909-07:55.44-563949(us) 2393041 * RunEventLoop    (srpc_rpc_backend.cc:577): SrpcRpcBackend::RunEventLoop: Stop flag detected, exiting event loop
20260909-07:55.44-563963(us) 2393041 * RunEventLoop    (srpc_rpc_backend.cc:581): SrpcRpcBackend::RunEventLoop: Exited cleanly
20260909-07:55.44-563976(us) 2393041 * rpc_server      (rpc_setup.cc:126): the rpc_server is terminated on shardIdx:0, alpha:1!
20260909-07:55.44-574002(us) 2393041 * Stop            (srpc_rpc_backend.cc:612): SrpcRpcBackend::Stop: Event loop exited successfully
20260909-07:55.44-574022(us) 2393041 * Stop            (srpc_rpc_backend.cc:616): SrpcRpcBackend::Stop: Signaling 0 request queues to stop
20260909-07:55.44-574036(us) 2393041 * Stop            (srpc_rpc_backend.cc:624): SrpcRpcBackend::Stop: Signaling 0 response queues to stop
20260909-07:55.44-574049(us) 2393041 * Stop            (srpc_rpc_backend.cc:635): SrpcRpcBackend::Stop: Server cleanup deferred to destructor
20260909-07:55.44-574061(us) 2393041 * Stop            (srpc_rpc_backend.cc:638): SrpcRpcBackend::Stop: Closing client connections
20260909-07:55.44-574080(us) 2393041 * Stop            (srpc_rpc_backend.cc:642): SrpcRpcBackend::Stop: Found 0 client connections to close
20260909-07:55.44-574092(us) 2393041 * Stop            (srpc_rpc_backend.cc:662): SrpcRpcBackend::Stop: Closed 0 client connections
20260909-07:55.44-574105(us) 2393041 * Stop            (srpc_rpc_backend.cc:675): SrpcRpcBackend stats: msg_size_resp_sent: 0 bytes, counter: 0, avg: 0.000000
20260909-07:55.44-574131(us) 2393041 * Stop            (srpc_rpc_backend.cc:676): SrpcRpcBackend::Stop: END
[STOP_SERVER] Server transport 1 stopped
20260909-07:55.44-574153(us) 2393041 * Stop            (srpc_rpc_backend.cc:589): SrpcRpcBackend::Stop: Already stopped, returning
20260909-07:55.44-574170(us) 2393041 * Shutdown        (srpc_rpc_backend.cc:112): SrpcRpcBackend::Shutdown: About to delete server
20260909-07:55.44-574183(us) 2393041 * Shutdown        (srpc_rpc_backend.cc:116): SrpcRpcBackend::Shutdown: Server pointer is valid, deleting...
20260909-07:55.44-574199(us) 2393041 * Shutdown        (srpc_rpc_backend.cc:120): SrpcRpcBackend::Shutdown: Server deleted successfully
20260909-07:55.44-574213(us) 2393041 * Shutdown        (srpc_rpc_backend.cc:132): SrpcRpcBackend::Shutdown: About to shutdown poll_thread_worker_
20260909-07:55.44-574226(us) 2393041 * Shutdown        (srpc_rpc_backend.cc:136): SrpcRpcBackend::Shutdown: poll_thread_worker_ is valid, calling shutdown()
20260909-07:55.44-575040(us) 2393041 * Shutdown        (srpc_rpc_backend.cc:138): SrpcRpcBackend::Shutdown: poll_thread_worker_->shutdown() completed
20260909-07:55.44-575072(us) 2393041 * Shutdown        (srpc_rpc_backend.cc:140): SrpcRpcBackend::Shutdown: poll_thread_worker_ reset to None
20260909-07:55.44-575085(us) 2393041 * Shutdown        (srpc_rpc_backend.cc:145): SrpcRpcBackend::Shutdown: Shutdown sequence completed, destructor will now exit
20260909-07:55.44-575098(us) 2393041 * ~SrpcRpcBackend (srpc_rpc_backend.cc:52): SrpcRpcBackend::~SrpcRpcBackend: START destructor
20260909-07:55.44-575110(us) 2393041 * Stop            (srpc_rpc_backend.cc:589): SrpcRpcBackend::Stop: Already stopped, returning
20260909-07:55.44-575123(us) 2393041 * Shutdown        (srpc_rpc_backend.cc:112): SrpcRpcBackend::Shutdown: About to delete server
20260909-07:55.44-575136(us) 2393041 * Shutdown        (srpc_rpc_backend.cc:129): SrpcRpcBackend::Shutdown: Server pointer is null, skipping deletion
20260909-07:55.44-575148(us) 2393041 * Shutdown        (srpc_rpc_backend.cc:132): SrpcRpcBackend::Shutdown: About to shutdown poll_thread_worker_
20260909-07:55.44-575162(us) 2393041 * Shutdown        (srpc_rpc_backend.cc:142): SrpcRpcBackend::Shutdown: poll_thread_worker_ is null, skipping shutdown
20260909-07:55.44-575179(us) 2393041 * Shutdown        (srpc_rpc_backend.cc:145): SrpcRpcBackend::Shutdown: Shutdown sequence completed, destructor will now exit
20260909-07:55.44-575192(us) 2393041 * ~SrpcRpcBackend (srpc_rpc_backend.cc:54): SrpcRpcBackend::~SrpcRpcBackend: Shutdown() completed
20260909-07:55.44-575232(us) 2393041 * Stop            (srpc_rpc_backend.cc:589): SrpcRpcBackend::Stop: Already stopped, returning
20260909-07:55.44-575247(us) 2393041 * Shutdown        (srpc_rpc_backend.cc:112): SrpcRpcBackend::Shutdown: About to delete server
20260909-07:55.44-575259(us) 2393041 * Shutdown        (srpc_rpc_backend.cc:116): SrpcRpcBackend::Shutdown: Server pointer is valid, deleting...
20260909-07:55.44-575275(us) 2393041 * Shutdown        (srpc_rpc_backend.cc:120): SrpcRpcBackend::Shutdown: Server deleted successfully
20260909-07:55.44-575293(us) 2393041 * Shutdown        (srpc_rpc_backend.cc:132): SrpcRpcBackend::Shutdown: About to shutdown poll_thread_worker_
20260909-07:55.44-575305(us) 2393041 * Shutdown        (srpc_rpc_backend.cc:136): SrpcRpcBackend::Shutdown: poll_thread_worker_ is valid, calling shutdown()
20260909-07:55.44-575545(us) 2393041 * Shutdown        (srpc_rpc_backend.cc:138): SrpcRpcBackend::Shutdown: poll_thread_worker_->shutdown() completed
20260909-07:55.44-575575(us) 2393041 * Shutdown        (srpc_rpc_backend.cc:140): SrpcRpcBackend::Shutdown: poll_thread_worker_ reset to None
20260909-07:55.44-575588(us) 2393041 * Shutdown        (srpc_rpc_backend.cc:145): SrpcRpcBackend::Shutdown: Shutdown sequence completed, destructor will now exit
20260909-07:55.44-575600(us) 2393041 * ~SrpcRpcBackend (srpc_rpc_backend.cc:52): SrpcRpcBackend::~SrpcRpcBackend: START destructor
20260909-07:55.44-575613(us) 2393041 * Stop            (srpc_rpc_backend.cc:589): SrpcRpcBackend::Stop: Already stopped, returning
20260909-07:55.44-575626(us) 2393041 * Shutdown        (srpc_rpc_backend.cc:112): SrpcRpcBackend::Shutdown: About to delete server
20260909-07:55.44-575638(us) 2393041 * Shutdown        (srpc_rpc_backend.cc:129): SrpcRpcBackend::Shutdown: Server pointer is null, skipping deletion
20260909-07:55.44-575651(us) 2393041 * Shutdown        (srpc_rpc_backend.cc:132): SrpcRpcBackend::Shutdown: About to shutdown poll_thread_worker_
20260909-07:55.44-575663(us) 2393041 * Shutdown        (srpc_rpc_backend.cc:142): SrpcRpcBackend::Shutdown: poll_thread_worker_ is null, skipping shutdown
20260909-07:55.44-575676(us) 2393041 * Shutdown        (srpc_rpc_backend.cc:145): SrpcRpcBackend::Shutdown: Shutdown sequence completed, destructor will now exit
20260909-07:55.44-575689(us) 2393041 * ~SrpcRpcBackend (srpc_rpc_backend.cc:54): SrpcRpcBackend::~SrpcRpcBackend: Shutdown() completed
[STOP_SERVER] All server transports stopped
[SHUTDOWN] stop_rpc_server() completed
[SHUTDOWN] Calling second stop()
20260909-07:55.44-575733(us) 2393041 ! stop            (bench.cc:514):     stop all rpc clients. set stop=false
[SHUTDOWN] Second stop() completed
20260909-07:55.44-575751(us) 2393041 ! run             (bench.cc:774):     TPCC_BENCH_MEASURE_END
[SHUTDOWN] Calling do_txn_finish()
[SHUTDOWN] do_txn_finish() completed
--- n_commits per partition ---
 par_id: 0, n_commits: 408638
--- benchmark statistics ---
runtime: 10.0984 sec
memory delta: 262.609 MB
n_commits: 408638
latency_numer_us: 9825885
latency_numer_us_remote: 0
memory delta rate: 26.0051 MB/sec
logical memory delta: 25.9366 MB
logical memory delta rate: 2.5684 MB/sec
agg_nosync_throughput: 40465.9 ops/sec
avg_nosync_per_core_throughput: 40465.9 ops/sec/core
agg_throughput: 40465.8 ops/sec
avg_per_core_throughput: 40465.8 ops/sec/core
agg_persist_throughput: 40465.8 ops/sec
avg_per_core_persist_throughput: 40465.8 ops/sec/core
avg_latency: 0.0240455 ms
avg_persist_latency: 0 ms
agg_abort_rate: 0 aborts/sec
avg_per_core_abort_rate: 0 aborts/sec/core
  NewOrder_local_commit_latency: 0.0265345 ms
  NewOrder_local_abort_latency: 0 ms
  NewOrder_local_abort_ratio: 0
  Payment_local_commit_latency: 0.00854946 ms
  Payment_local_abort_latency: 0 ms
  Payment_local_abort_ratio: 0
  Delivery_local_commit_latency: 0.105664 ms
  Delivery_local_abort_latency: 0 ms
  Delivery_local_abort_ratio: 0
  OrderStatus_local_commit_latency: 0.00871679 ms
  OrderStatus_local_abort_latency: 0 ms
  OrderStatus_local_abort_ratio: 0
  StockLevel_local_commit_latency: 0.108702 ms
  StockLevel_local_abort_latency: 0 ms
  StockLevel_local_abort_ratio: 0
  NewOrder_remote_ratio: 0 %
  NewOrder_remote_abort_ratio: 0 %
  NewOrder_remote_commit_latency: 0 ms
  NewOrder_remote_abort_latency: 0 ms
  Payment_remote_ratio: 0 %
  Payment_remote_abort_ratio: 0 %
  Payment_remote_commit_latency: 0 ms
  Payment_remote_abort_latency: 0 ms
--- system counters (for benchmark) ---
--- perf counters (if enabled, for benchmark) ---
--- allocator stats ---
[SiloRuntime 0] ncpus=1
[SiloRuntime 0] cpu=0 fully_faulted?=0 remaining=2147483648 bytes
---------------------------------------
--- system counters for n_commits ---
[STOP_SERVER] Stopping 0 server transports
[STOP_SERVER] All server transports stopped
