new table is created with name: customer_0, table-id: 1, on shard-server id:0
new table is created with name: customer_1, table-id: 2, on shard-server id:0
new table is created with name: customer_2, table-id: 3, on shard-server id:0
new table is created with name: customer_3, table-id: 4, on shard-server id:0
new table is created with name: customer_4, table-id: 5, on shard-server id:0
new table is created with name: customer_5, table-id: 6, on shard-server id:0
new table is created with name: customer_6, table-id: 7, on shard-server id:0
new table is created with name: customer_7, table-id: 8, on shard-server id:0
new table is created with name: customer_8, table-id: 9, on shard-server id:0
new table is created with name: customer_9, table-id: 10, on shard-server id:0
new table is created with name: customer_10, table-id: 11, on shard-server id:0
new table is created with name: customer_11, table-id: 12, on shard-server id:0
new table is created with name: customer_12, table-id: 13, on shard-server id:0
new table is created with name: customer_13, table-id: 14, on shard-server id:0
new table is created with name: customer_14, table-id: 15, on shard-server id:0
new table is created with name: customer_15, table-id: 16, on shard-server id:0
new table is created with name: customer_name_idx_0, table-id: 17, on shard-server id:0
new table is created with name: customer_name_idx_1, table-id: 18, on shard-server id:0
new table is created with name: customer_name_idx_2, table-id: 19, on shard-server id:0
new table is created with name: customer_name_idx_3, table-id: 20, on shard-server id:0
new table is created with name: customer_name_idx_4, table-id: 21, on shard-server id:0
new table is created with name: customer_name_idx_5, table-id: 22, on shard-server id:0
new table is created with name: customer_name_idx_6, table-id: 23, on shard-server id:0
new table is created with name: customer_name_idx_7, table-id: 24, on shard-server id:0
new table is created with name: customer_name_idx_8, table-id: 25, on shard-server id:0
new table is created with name: customer_name_idx_9, table-id: 26, on shard-server id:0
new table is created with name: customer_name_idx_10, table-id: 27, on shard-server id:0
new table is created with name: customer_name_idx_11, table-id: 28, on shard-server id:0
new table is created with name: customer_name_idx_12, table-id: 29, on shard-server id:0
new table is created with name: customer_name_idx_13, table-id: 30, on shard-server id:0
new table is created with name: customer_name_idx_14, table-id: 31, on shard-server id:0
new table is created with name: customer_name_idx_15, table-id: 32, on shard-server id:0
new table is created with name: district_0, table-id: 33, on shard-server id:0
new table is created with name: district_1, table-id: 34, on shard-server id:0
new table is created with name: district_2, table-id: 35, on shard-server id:0
new table is created with name: district_3, table-id: 36, on shard-server id:0
new table is created with name: district_4, table-id: 37, on shard-server id:0
new table is created with name: district_5, table-id: 38, on shard-server id:0
new table is created with name: district_6, table-id: 39, on shard-server id:0
new table is created with name: district_7, table-id: 40, on shard-server id:0
new table is created with name: district_8, table-id: 41, on shard-server id:0
new table is created with name: district_9, table-id: 42, on shard-server id:0
new table is created with name: district_10, table-id: 43, on shard-server id:0
new table is created with name: district_11, table-id: 44, on shard-server id:0
new table is created with name: district_12, table-id: 45, on shard-server id:0
new table is created with name: district_13, table-id: 46, on shard-server id:0
new table is created with name: district_14, table-id: 47, on shard-server id:0
new table is created with name: district_15, table-id: 48, on shard-server id:0
new table is created with name: history_0, table-id: 49, on shard-server id:0
new table is created with name: history_1, table-id: 50, on shard-server id:0
new table is created with name: history_2, table-id: 51, on shard-server id:0
new table is created with name: history_3, table-id: 52, on shard-server id:0
new table is created with name: history_4, table-id: 53, on shard-server id:0
new table is created with name: history_5, table-id: 54, on shard-server id:0
new table is created with name: history_6, table-id: 55, on shard-server id:0
new table is created with name: history_7, table-id: 56, on shard-server id:0
new table is created with name: history_8, table-id: 57, on shard-server id:0
new table is created with name: history_9, table-id: 58, on shard-server id:0
new table is created with name: history_10, table-id: 59, on shard-server id:0
new table is created with name: history_11, table-id: 60, on shard-server id:0
new table is created with name: history_12, table-id: 61, on shard-server id:0
new table is created with name: history_13, table-id: 62, on shard-server id:0
new table is created with name: history_14, table-id: 63, on shard-server id:0
new table is created with name: history_15, table-id: 64, on shard-server id:0
new table is created with name: new_order_0, table-id: 65, on shard-server id:0
new table is created with name: new_order_1, table-id: 66, on shard-server id:0
new table is created with name: new_order_2, table-id: 67, on shard-server id:0
new table is created with name: new_order_3, table-id: 68, on shard-server id:0
new table is created with name: new_order_4, table-id: 69, on shard-server id:0
new table is created with name: new_order_5, table-id: 70, on shard-server id:0
new table is created with name: new_order_6, table-id: 71, on shard-server id:0
new table is created with name: new_order_7, table-id: 72, on shard-server id:0
new table is created with name: new_order_8, table-id: 73, on shard-server id:0
new table is created with name: new_order_9, table-id: 74, on shard-server id:0
new table is created with name: new_order_10, table-id: 75, on shard-server id:0
new table is created with name: new_order_11, table-id: 76, on shard-server id:0
new table is created with name: new_order_12, table-id: 77, on shard-server id:0
new table is created with name: new_order_13, table-id: 78, on shard-server id:0
new table is created with name: new_order_14, table-id: 79, on shard-server id:0
new table is created with name: new_order_15, table-id: 80, on shard-server id:0
new table is created with name: oorder_0, table-id: 81, on shard-server id:0
new table is created with name: oorder_1, table-id: 82, on shard-server id:0
new table is created with name: oorder_2, table-id: 83, on shard-server id:0
new table is created with name: oorder_3, table-id: 84, on shard-server id:0
new table is created with name: oorder_4, table-id: 85, on shard-server id:0
new table is created with name: oorder_5, table-id: 86, on shard-server id:0
new table is created with name: oorder_6, table-id: 87, on shard-server id:0
new table is created with name: oorder_7, table-id: 88, on shard-server id:0
new table is created with name: oorder_8, table-id: 89, on shard-server id:0
new table is created with name: oorder_9, table-id: 90, on shard-server id:0
new table is created with name: oorder_10, table-id: 91, on shard-server id:0
new table is created with name: oorder_11, table-id: 92, on shard-server id:0
new table is created with name: oorder_12, table-id: 93, on shard-server id:0
new table is created with name: oorder_13, table-id: 94, on shard-server id:0
new table is created with name: oorder_14, table-id: 95, on shard-server id:0
new table is created with name: oorder_15, table-id: 96, on shard-server id:0
new table is created with name: oorder_c_id_idx_0, table-id: 97, on shard-server id:0
new table is created with name: oorder_c_id_idx_1, table-id: 98, on shard-server id:0
new table is created with name: oorder_c_id_idx_2, table-id: 99, on shard-server id:0
new table is created with name: oorder_c_id_idx_3, table-id: 100, on shard-server id:0
new table is created with name: oorder_c_id_idx_4, table-id: 101, on shard-server id:0
new table is created with name: oorder_c_id_idx_5, table-id: 102, on shard-server id:0
new table is created with name: oorder_c_id_idx_6, table-id: 103, on shard-server id:0
new table is created with name: oorder_c_id_idx_7, table-id: 104, on shard-server id:0
new table is created with name: oorder_c_id_idx_8, table-id: 105, on shard-server id:0
new table is created with name: oorder_c_id_idx_9, table-id: 106, on shard-server id:0
new table is created with name: oorder_c_id_idx_10, table-id: 107, on shard-server id:0
new table is created with name: oorder_c_id_idx_11, table-id: 108, on shard-server id:0
new table is created with name: oorder_c_id_idx_12, table-id: 109, on shard-server id:0
new table is created with name: oorder_c_id_idx_13, table-id: 110, on shard-server id:0
new table is created with name: oorder_c_id_idx_14, table-id: 111, on shard-server id:0
new table is created with name: oorder_c_id_idx_15, table-id: 112, on shard-server id:0
new table is created with name: order_line_0, table-id: 113, on shard-server id:0
new table is created with name: order_line_1, table-id: 114, on shard-server id:0
new table is created with name: order_line_2, table-id: 115, on shard-server id:0
new table is created with name: order_line_3, table-id: 116, on shard-server id:0
new table is created with name: order_line_4, table-id: 117, on shard-server id:0
new table is created with name: order_line_5, table-id: 118, on shard-server id:0
new table is created with name: order_line_6, table-id: 119, on shard-server id:0
new table is created with name: order_line_7, table-id: 120, on shard-server id:0
new table is created with name: order_line_8, table-id: 121, on shard-server id:0
new table is created with name: order_line_9, table-id: 122, on shard-server id:0
new table is created with name: order_line_10, table-id: 123, on shard-server id:0
new table is created with name: order_line_11, table-id: 124, on shard-server id:0
new table is created with name: order_line_12, table-id: 125, on shard-server id:0
new table is created with name: order_line_13, table-id: 126, on shard-server id:0
new table is created with name: order_line_14, table-id: 127, on shard-server id:0
new table is created with name: order_line_15, table-id: 128, on shard-server id:0
new table is created with name: stock_0, table-id: 129, on shard-server id:0
new table is created with name: stock_1, table-id: 130, on shard-server id:0
new table is created with name: stock_2, table-id: 131, on shard-server id:0
new table is created with name: stock_3, table-id: 132, on shard-server id:0
new table is created with name: stock_4, table-id: 133, on shard-server id:0
new table is created with name: stock_5, table-id: 134, on shard-server id:0
new table is created with name: stock_6, table-id: 135, on shard-server id:0
new table is created with name: stock_7, table-id: 136, on shard-server id:0
new table is created with name: stock_8, table-id: 137, on shard-server id:0
new table is created with name: stock_9, table-id: 138, on shard-server id:0
new table is created with name: stock_10, table-id: 139, on shard-server id:0
new table is created with name: stock_11, table-id: 140, on shard-server id:0
new table is created with name: stock_12, table-id: 141, on shard-server id:0
new table is created with name: stock_13, table-id: 142, on shard-server id:0
new table is created with name: stock_14, table-id: 143, on shard-server id:0
new table is created with name: stock_15, table-id: 144, on shard-server id:0
new table is created with name: stock_data_0, table-id: 145, on shard-server id:0
new table is created with name: stock_data_1, table-id: 146, on shard-server id:0
new table is created with name: stock_data_2, table-id: 147, on shard-server id:0
new table is created with name: stock_data_3, table-id: 148, on shard-server id:0
new table is created with name: stock_data_4, table-id: 149, on shard-server id:0
new table is created with name: stock_data_5, table-id: 150, on shard-server id:0
new table is created with name: stock_data_6, table-id: 151, on shard-server id:0
new table is created with name: stock_data_7, table-id: 152, on shard-server id:0
new table is created with name: stock_data_8, table-id: 153, on shard-server id:0
new table is created with name: stock_data_9, table-id: 154, on shard-server id:0
new table is created with name: stock_data_10, table-id: 155, on shard-server id:0
new table is created with name: stock_data_11, table-id: 156, on shard-server id:0
new table is created with name: stock_data_12, table-id: 157, on shard-server id:0
new table is created with name: stock_data_13, table-id: 158, on shard-server id:0
new table is created with name: stock_data_14, table-id: 159, on shard-server id:0
new table is created with name: stock_data_15, table-id: 160, on shard-server id:0
new table is created with name: warehouse_0, table-id: 161, on shard-server id:0
new table is created with name: warehouse_1, table-id: 162, on shard-server id:0
new table is created with name: warehouse_2, table-id: 163, on shard-server id:0
new table is created with name: warehouse_3, table-id: 164, on shard-server id:0
new table is created with name: warehouse_4, table-id: 165, on shard-server id:0
new table is created with name: warehouse_5, table-id: 166, on shard-server id:0
new table is created with name: warehouse_6, table-id: 167, on shard-server id:0
new table is created with name: warehouse_7, table-id: 168, on shard-server id:0
new table is created with name: warehouse_8, table-id: 169, on shard-server id:0
new table is created with name: warehouse_9, table-id: 170, on shard-server id:0
new table is created with name: warehouse_10, table-id: 171, on shard-server id:0
new table is created with name: warehouse_11, table-id: 172, on shard-server id:0
new table is created with name: warehouse_12, table-id: 173, on shard-server id:0
new table is created with name: warehouse_13, table-id: 174, on shard-server id:0
new table is created with name: warehouse_14, table-id: 175, on shard-server id:0
new table is created with name: warehouse_15, table-id: 176, on shard-server id:0
new table is created with name: item, table-id: 177, on shard-server id:0
TPC-C Sharding: Initialized policy with 16 warehouses across 1 shards (version 1788944953)
D [<unknown>:0] 2026-09-09 09:09:13.201 | Server: generated instance_id=3688005281422130257
D [<unknown>:0] 2026-09-09 09:09:13.201 | [poll_loop] Starting poll loop
D [<unknown>:0] 2026-09-09 09:09:13.201 | Server: generated instance_id=6042292315660089767
start worker:3699
D [<unknown>:0] 2026-09-09 09:09:13.202 | [poll_loop] Starting poll loop
D [<unknown>:0] 2026-09-09 09:09:13.202 | create a fiber scheduler
D [<unknown>:0] 2026-09-09 09:09:13.203 | create a fiber scheduler
--------------Finish loading data and wait for others completing load phase ------------
No JEMALLOC_NO_RENAME
No JEMALLOC_NO_RENAME
No JEMALLOC_NO_RENAME
No JEMALLOC_NO_RENAME
No JEMALLOC_NO_RENAME
No JEMALLOC_NO_RENAME
No JEMALLOC_NO_RENAME
No JEMALLOC_NO_RENAME
No JEMALLOC_NO_RENAME
No JEMALLOC_NO_RENAME
No JEMALLOC_NO_RENAME
No JEMALLOC_NO_RENAME
No JEMALLOC_NO_RENAME
No JEMALLOC_NO_RENAME
D [<unknown>:0] 2026-09-09 09:09:33.768 | Server: generated instance_id=3903045732199870169
D [<unknown>:0] 2026-09-09 09:09:33.768 | [poll_loop] Starting poll loop
D [<unknown>:0] 2026-09-09 09:09:33.768 | Server: generated instance_id=4395479587644262172
No JEMALLOC_NO_RENAME
D [<unknown>:0] 2026-09-09 09:09:33.768 | Server: generated instance_id=6588124547702990679
D [<unknown>:0] 2026-09-09 09:09:33.768 | [poll_loop] Starting poll loop
D [<unknown>:0] 2026-09-09 09:09:33.768 | Server: generated instance_id=8073516287081360921
No JEMALLOC_NO_RENAME
D [<unknown>:0] 2026-09-09 09:09:33.769 | [poll_loop] Starting poll loop
D [<unknown>:0] 2026-09-09 09:09:33.769 | [poll_loop] Starting poll loop
D [<unknown>:0] 2026-09-09 09:09:33.769 | create a fiber scheduler
D [<unknown>:0] 2026-09-09 09:09:33.769 | Server: generated instance_id=1979638674261190366
D [<unknown>:0] 2026-09-09 09:09:33.769 | [poll_loop] Starting poll loop
D [<unknown>:0] 2026-09-09 09:09:33.769 | Server: generated instance_id=7197553467203523627
D [<unknown>:0] 2026-09-09 09:09:33.770 | create a fiber scheduler
D [<unknown>:0] 2026-09-09 09:09:33.769 | [poll_loop] Starting poll loop
D [<unknown>:0] 2026-09-09 09:09:33.770 | create a fiber scheduler
D [<unknown>:0] 2026-09-09 09:09:33.770 | create a fiber scheduler
D [<unknown>:0] 2026-09-09 09:09:33.770 | [poll_loop] Starting poll loop
D [<unknown>:0] 2026-09-09 09:09:33.771 | create a fiber scheduler
D [<unknown>:0] 2026-09-09 09:09:33.771 | [poll_loop] Starting poll loop
D [<unknown>:0] 2026-09-09 09:09:33.771 | Server: generated instance_id=8787424278588633955
D [<unknown>:0] 2026-09-09 09:09:33.771 | Server: generated instance_id=641377584356812343
D [<unknown>:0] 2026-09-09 09:09:33.772 | create a fiber scheduler
D [<unknown>:0] 2026-09-09 09:09:33.772 | create a fiber scheduler
D [<unknown>:0] 2026-09-09 09:09:33.772 | create a fiber scheduler
D [<unknown>:0] 2026-09-09 09:09:33.787 | Server: generated instance_id=7177562979654133635
D [<unknown>:0] 2026-09-09 09:09:33.787 | Server: generated instance_id=3799550828489963724
D [<unknown>:0] 2026-09-09 09:09:33.787 | [poll_loop] Starting poll loop
D [<unknown>:0] 2026-09-09 09:09:33.787 | Server: generated instance_id=1281984914872751611
D [<unknown>:0] 2026-09-09 09:09:33.787 | [poll_loop] Starting poll loop
D [<unknown>:0] 2026-09-09 09:09:33.787 | [poll_loop] Starting poll loop
D [<unknown>:0] 2026-09-09 09:09:33.788 | create a fiber scheduler
D [<unknown>:0] 2026-09-09 09:09:33.788 | create a fiber scheduler
D [<unknown>:0] 2026-09-09 09:09:33.788 | create a fiber scheduler
D [<unknown>:0] 2026-09-09 09:09:33.788 | Server: generated instance_id=7975926870819617788
D [<unknown>:0] 2026-09-09 09:09:33.788 | [poll_loop] Starting poll loop
D [<unknown>:0] 2026-09-09 09:09:33.790 | Server: generated instance_id=1195638865781874110
D [<unknown>:0] 2026-09-09 09:09:33.790 | create a fiber scheduler
D [<unknown>:0] 2026-09-09 09:09:33.790 | Server: generated instance_id=5231145852560513245
D [<unknown>:0] 2026-09-09 09:09:33.790 | Server: generated instance_id=4638950459663118675
D [<unknown>:0] 2026-09-09 09:09:33.790 | [poll_loop] Starting poll loop
D [<unknown>:0] 2026-09-09 09:09:33.790 | Server: generated instance_id=1359029853666152956
D [<unknown>:0] 2026-09-09 09:09:33.790 | [poll_loop] Starting poll loop
D [<unknown>:0] 2026-09-09 09:09:33.791 | create a fiber scheduler
D [<unknown>:0] 2026-09-09 09:09:33.791 | create a fiber scheduler
D [<unknown>:0] 2026-09-09 09:09:33.793 | [poll_loop] Starting poll loop
D [<unknown>:0] 2026-09-09 09:09:33.793 | [poll_loop] Starting poll loop
D [<unknown>:0] 2026-09-09 09:09:33.794 | create a fiber scheduler
D [<unknown>:0] 2026-09-09 09:09:33.794 | create a fiber scheduler
D [<unknown>:0] 2026-09-09 09:09:44.875 | [PollThread::shutdown] Called from TID=2433546
D [<unknown>:0] 2026-09-09 09:09:44.875 | [PollThread::shutdown] Sending CmdShutdown
D [<unknown>:0] 2026-09-09 09:09:44.875 | [PollThread::shutdown] CmdShutdown sent
D [<unknown>:0] 2026-09-09 09:09:44.875 | [PollThread::shutdown] Acquiring join_handle lock...
D [<unknown>:0] 2026-09-09 09:09:44.875 | [PollThread::shutdown] join_handle lock acquired
D [<unknown>:0] 2026-09-09 09:09:44.875 | [PollThread::shutdown] Calling thread.join()...
D [<unknown>:0] 2026-09-09 09:09:44.877 | [PollThread::shutdown] Called from TID=2433552
D [<unknown>:0] 2026-09-09 09:09:44.877 | [PollThread::shutdown] Sending CmdShutdown
D [<unknown>:0] 2026-09-09 09:09:44.877 | [PollThread::shutdown] CmdShutdown sent
D [<unknown>:0] 2026-09-09 09:09:44.877 | [PollThread::shutdown] Acquiring join_handle lock...
D [<unknown>:0] 2026-09-09 09:09:44.877 | [PollThread::shutdown] join_handle lock acquired
D [<unknown>:0] 2026-09-09 09:09:44.877 | [PollThread::shutdown] Calling thread.join()...
D [<unknown>:0] 2026-09-09 09:09:44.877 | [PollThread::shutdown] Called from TID=2433544
D [<unknown>:0] 2026-09-09 09:09:44.877 | [PollThread::shutdown] Sending CmdShutdown
D [<unknown>:0] 2026-09-09 09:09:44.877 | [PollThread::shutdown] CmdShutdown sent
D [<unknown>:0] 2026-09-09 09:09:44.877 | [PollThread::shutdown] Acquiring join_handle lock...
D [<unknown>:0] 2026-09-09 09:09:44.877 | [PollThread::shutdown] join_handle lock acquired
D [<unknown>:0] 2026-09-09 09:09:44.877 | [PollThread::shutdown] Calling thread.join()...
D [<unknown>:0] 2026-09-09 09:09:44.877 | [poll_loop] Exited while loop (stop_=true), starting cleanup
D [<unknown>:0] 2026-09-09 09:09:44.877 | [poll_loop] Cleanup complete, poll_loop exiting
D [<unknown>:0] 2026-09-09 09:09:44.877 | [Reactor::~Reactor] Starting destruction, all_events_.len()=0, fibers_.size()=0
D [<unknown>:0] 2026-09-09 09:09:44.877 | [Reactor::~Reactor] Destructor body complete, about to destroy member variables
D [<unknown>:0] 2026-09-09 09:09:44.878 | [poll_loop] Exited while loop (stop_=true), starting cleanup
D [<unknown>:0] 2026-09-09 09:09:44.878 | [poll_loop] Cleanup complete, poll_loop exiting
D [<unknown>:0] 2026-09-09 09:09:44.878 | [Reactor::~Reactor] Starting destruction, all_events_.len()=0, fibers_.size()=0
D [<unknown>:0] 2026-09-09 09:09:44.878 | [PollThread::shutdown] thread.join() completed!
D [<unknown>:0] 2026-09-09 09:09:44.878 | [PollThread::shutdown] Released join_handle lock
D [<unknown>:0] 2026-09-09 09:09:44.878 | [PollThread::shutdown] Complete
D [<unknown>:0] 2026-09-09 09:09:44.878 | [Reactor::~Reactor] Destructor body complete, about to destroy member variables
D [<unknown>:0] 2026-09-09 09:09:44.878 | [PollThread::~PollThread] Destructor called from TID=2433546
D [<unknown>:0] 2026-09-09 09:09:44.878 | [PollThread::shutdown] Called from TID=2433546
D [<unknown>:0] 2026-09-09 09:09:44.878 | [PollThread::shutdown] Already called, returning
D [<unknown>:0] 2026-09-09 09:09:44.878 | [PollThread::~PollThread] Destructor complete
D [<unknown>:0] 2026-09-09 09:09:44.878 | [PollThread::shutdown] thread.join() completed!
D [<unknown>:0] 2026-09-09 09:09:44.878 | [PollThread::shutdown] Released join_handle lock
D [<unknown>:0] 2026-09-09 09:09:44.878 | [PollThread::shutdown] Complete
D [<unknown>:0] 2026-09-09 09:09:44.878 | [PollThread::~PollThread] Destructor called from TID=2433552
D [<unknown>:0] 2026-09-09 09:09:44.878 | [PollThread::shutdown] Called from TID=2433552
D [<unknown>:0] 2026-09-09 09:09:44.878 | [PollThread::shutdown] Already called, returning
D [<unknown>:0] 2026-09-09 09:09:44.878 | [PollThread::~PollThread] Destructor complete
D [<unknown>:0] 2026-09-09 09:09:44.879 | [poll_loop] Exited while loop (stop_=true), starting cleanup
D [<unknown>:0] 2026-09-09 09:09:44.879 | [poll_loop] Cleanup complete, poll_loop exiting
D [<unknown>:0] 2026-09-09 09:09:44.879 | [Reactor::~Reactor] Starting destruction, all_events_.len()=0, fibers_.size()=0
D [<unknown>:0] 2026-09-09 09:09:44.879 | [Reactor::~Reactor] Destructor body complete, about to destroy member variables
D [<unknown>:0] 2026-09-09 09:09:44.879 | [PollThread::shutdown] thread.join() completed!
D [<unknown>:0] 2026-09-09 09:09:44.879 | [PollThread::shutdown] Released join_handle lock
D [<unknown>:0] 2026-09-09 09:09:44.879 | [PollThread::shutdown] Complete
D [<unknown>:0] 2026-09-09 09:09:44.879 | [PollThread::~PollThread] Destructor called from TID=2433544
D [<unknown>:0] 2026-09-09 09:09:44.879 | [PollThread::shutdown] Called from TID=2433544
D [<unknown>:0] 2026-09-09 09:09:44.879 | [PollThread::shutdown] Already called, returning
D [<unknown>:0] 2026-09-09 09:09:44.879 | [PollThread::~PollThread] Destructor complete
D [<unknown>:0] 2026-09-09 09:09:44.881 | [PollThread::shutdown] Called from TID=2433550
D [<unknown>:0] 2026-09-09 09:09:44.881 | [PollThread::shutdown] Sending CmdShutdown
D [<unknown>:0] 2026-09-09 09:09:44.881 | [PollThread::shutdown] CmdShutdown sent
D [<unknown>:0] 2026-09-09 09:09:44.881 | [PollThread::shutdown] Acquiring join_handle lock...
D [<unknown>:0] 2026-09-09 09:09:44.881 | [PollThread::shutdown] join_handle lock acquired
D [<unknown>:0] 2026-09-09 09:09:44.881 | [PollThread::shutdown] Calling thread.join()...
D [<unknown>:0] 2026-09-09 09:09:44.881 | [poll_loop] Exited while loop (stop_=true), starting cleanup
D [<unknown>:0] 2026-09-09 09:09:44.881 | [poll_loop] Cleanup complete, poll_loop exiting
D [<unknown>:0] 2026-09-09 09:09:44.881 | [Reactor::~Reactor] Starting destruction, all_events_.len()=0, fibers_.size()=0
D [<unknown>:0] 2026-09-09 09:09:44.881 | [Reactor::~Reactor] Destructor body complete, about to destroy member variables
D [<unknown>:0] 2026-09-09 09:09:44.881 | [PollThread::shutdown] thread.join() completed!
D [<unknown>:0] 2026-09-09 09:09:44.881 | [PollThread::shutdown] Released join_handle lock
D [<unknown>:0] 2026-09-09 09:09:44.881 | [PollThread::shutdown] Complete
D [<unknown>:0] 2026-09-09 09:09:44.881 | [PollThread::~PollThread] Destructor called from TID=2433550
D [<unknown>:0] 2026-09-09 09:09:44.881 | [PollThread::shutdown] Called from TID=2433550
D [<unknown>:0] 2026-09-09 09:09:44.881 | [PollThread::shutdown] Already called, returning
D [<unknown>:0] 2026-09-09 09:09:44.881 | [PollThread::~PollThread] Destructor complete
D [<unknown>:0] 2026-09-09 09:09:44.882 | [PollThread::shutdown] Called from TID=2433542
D [<unknown>:0] 2026-09-09 09:09:44.882 | [PollThread::shutdown] Sending CmdShutdown
D [<unknown>:0] 2026-09-09 09:09:44.882 | [PollThread::shutdown] CmdShutdown sent
D [<unknown>:0] 2026-09-09 09:09:44.882 | [PollThread::shutdown] Acquiring join_handle lock...
D [<unknown>:0] 2026-09-09 09:09:44.882 | [PollThread::shutdown] join_handle lock acquired
D [<unknown>:0] 2026-09-09 09:09:44.882 | [PollThread::shutdown] Calling thread.join()...
D [<unknown>:0] 2026-09-09 09:09:44.882 | [PollThread::shutdown] Called from TID=2433558
D [<unknown>:0] 2026-09-09 09:09:44.882 | [PollThread::shutdown] Sending CmdShutdown
D [<unknown>:0] 2026-09-09 09:09:44.882 | [PollThread::shutdown] CmdShutdown sent
D [<unknown>:0] 2026-09-09 09:09:44.882 | [PollThread::shutdown] Acquiring join_handle lock...
D [<unknown>:0] 2026-09-09 09:09:44.882 | [PollThread::shutdown] join_handle lock acquired
D [<unknown>:0] 2026-09-09 09:09:44.882 | [PollThread::shutdown] Calling thread.join()...
D [<unknown>:0] 2026-09-09 09:09:44.883 | [poll_loop] Exited while loop (stop_=true), starting cleanup
D [<unknown>:0] 2026-09-09 09:09:44.883 | [poll_loop] Cleanup complete, poll_loop exiting
D [<unknown>:0] 2026-09-09 09:09:44.883 | [PollThread::shutdown] Called from TID=2433548
D [<unknown>:0] 2026-09-09 09:09:44.883 | [Reactor::~Reactor] Starting destruction, all_events_.len()=0, fibers_.size()=0
D [<unknown>:0] 2026-09-09 09:09:44.883 | [Reactor::~Reactor] Destructor body complete, about to destroy member variables
D [<unknown>:0] 2026-09-09 09:09:44.883 | [PollThread::shutdown] Sending CmdShutdown
D [<unknown>:0] 2026-09-09 09:09:44.883 | [PollThread::shutdown] CmdShutdown sent
D [<unknown>:0] 2026-09-09 09:09:44.883 | [PollThread::shutdown] Acquiring join_handle lock...
D [<unknown>:0] 2026-09-09 09:09:44.883 | [PollThread::shutdown] join_handle lock acquired
D [<unknown>:0] 2026-09-09 09:09:44.883 | [PollThread::shutdown] Calling thread.join()...
D [<unknown>:0] 2026-09-09 09:09:44.883 | [PollThread::shutdown] thread.join() completed!
D [<unknown>:0] 2026-09-09 09:09:44.883 | [PollThread::shutdown] Released join_handle lock
D [<unknown>:0] 2026-09-09 09:09:44.883 | [PollThread::shutdown] Complete
D [<unknown>:0] 2026-09-09 09:09:44.883 | [PollThread::shutdown] Called from TID=2433545
D [<unknown>:0] 2026-09-09 09:09:44.883 | [PollThread::shutdown] Sending CmdShutdown
D [<unknown>:0] 2026-09-09 09:09:44.883 | [PollThread::~PollThread] Destructor called from TID=2433558
D [<unknown>:0] 2026-09-09 09:09:44.883 | [PollThread::shutdown] CmdShutdown sentD [<unknown>:0] 2026-09-09 09:09:44.883 | [PollThread::shutdown] Called from TID=2433558
D [<unknown>:0] 2026-09-09 09:09:44.883 | [PollThread::shutdown] Already called, returning
D [<unknown>:0] 2026-09-09 09:09:44.883 | [PollThread::~PollThread] Destructor complete

D [<unknown>:0] 2026-09-09 09:09:44.883 | [PollThread::shutdown] Acquiring join_handle lock...
D [<unknown>:0] 2026-09-09 09:09:44.883 | [PollThread::shutdown] join_handle lock acquired
D [<unknown>:0] 2026-09-09 09:09:44.883 | [PollThread::shutdown] Calling thread.join()...
D [<unknown>:0] 2026-09-09 09:09:44.883 | [poll_loop] Exited while loop (stop_=true), starting cleanup
D [<unknown>:0] 2026-09-09 09:09:44.883 | [poll_loop] Cleanup complete, poll_loop exiting
D [<unknown>:0] 2026-09-09 09:09:44.883 | [Reactor::~Reactor] Starting destruction, all_events_.len()=0, fibers_.size()=0
D [<unknown>:0] 2026-09-09 09:09:44.884 | [Reactor::~Reactor] Destructor body complete, about to destroy member variables
D [<unknown>:0] 2026-09-09 09:09:44.883 | [poll_loop] Exited while loop (stop_=true), starting cleanup
D [<unknown>:0] 2026-09-09 09:09:44.884 | [poll_loop] Cleanup complete, poll_loop exiting
D [<unknown>:0] 2026-09-09 09:09:44.884 | [Reactor::~Reactor] Starting destruction, all_events_.len()=0, fibers_.size()=0
D [<unknown>:0] 2026-09-09 09:09:44.884 | [Reactor::~Reactor] Destructor body complete, about to destroy member variables
D [<unknown>:0] 2026-09-09 09:09:44.884 | [PollThread::shutdown] thread.join() completed!
D [<unknown>:0] 2026-09-09 09:09:44.884 | [PollThread::shutdown] Released join_handle lock
D [<unknown>:0] 2026-09-09 09:09:44.884 | [PollThread::shutdown] Complete
D [<unknown>:0] 2026-09-09 09:09:44.884 | [PollThread::~PollThread] Destructor called from TID=2433542
D [<unknown>:0] 2026-09-09 09:09:44.884 | [poll_loop] Exited while loop (stop_=true), starting cleanup
D [<unknown>:0] 2026-09-09 09:09:44.884 | [PollThread::shutdown] Called from TID=2433542
D [<unknown>:0] 2026-09-09 09:09:44.884 | [poll_loop] Cleanup complete, poll_loop exiting
D [<unknown>:0] 2026-09-09 09:09:44.884 | [PollThread::shutdown] Already called, returning
D [<unknown>:0] 2026-09-09 09:09:44.884 | [PollThread::~PollThread] Destructor complete
D [<unknown>:0] 2026-09-09 09:09:44.884 | [Reactor::~Reactor] Starting destruction, all_events_.len()=0, fibers_.size()=0
D [<unknown>:0] 2026-09-09 09:09:44.884 | [Reactor::~Reactor] Destructor body complete, about to destroy member variables
D [<unknown>:0] 2026-09-09 09:09:44.884 | [PollThread::shutdown] thread.join() completed!
D [<unknown>:0] 2026-09-09 09:09:44.884 | [PollThread::shutdown] Released join_handle lock
D [<unknown>:0] 2026-09-09 09:09:44.884 | [PollThread::shutdown] Complete
D [<unknown>:0] 2026-09-09 09:09:44.884 | [PollThread::~PollThread] Destructor called from TID=2433548
D [<unknown>:0] 2026-09-09 09:09:44.884 | [PollThread::shutdown] Called from TID=2433548
D [<unknown>:0] 2026-09-09 09:09:44.884 | [PollThread::shutdown] Already called, returning
D [<unknown>:0] 2026-09-09 09:09:44.884 | [PollThread::~PollThread] Destructor complete
D [<unknown>:0] 2026-09-09 09:09:44.885 | [PollThread::shutdown] Called from TID=2433553
D [<unknown>:0] 2026-09-09 09:09:44.885 | [PollThread::shutdown] Sending CmdShutdown
D [<unknown>:0] 2026-09-09 09:09:44.885 | [PollThread::shutdown] CmdShutdown sent
D [<unknown>:0] 2026-09-09 09:09:44.885 | [PollThread::shutdown] Acquiring join_handle lock...
D [<unknown>:0] 2026-09-09 09:09:44.885 | [PollThread::shutdown] join_handle lock acquired
D [<unknown>:0] 2026-09-09 09:09:44.885 | [PollThread::shutdown] Calling thread.join()...
D [<unknown>:0] 2026-09-09 09:09:44.885 | [PollThread::shutdown] thread.join() completed!
D [<unknown>:0] 2026-09-09 09:09:44.885 | [PollThread::shutdown] Released join_handle lock
D [<unknown>:0] 2026-09-09 09:09:44.885 | [PollThread::shutdown] Complete
D [<unknown>:0] 2026-09-09 09:09:44.885 | [PollThread::~PollThread] Destructor called from TID=2433545
D [<unknown>:0] 2026-09-09 09:09:44.885 | [PollThread::shutdown] Called from TID=2433545
D [<unknown>:0] 2026-09-09 09:09:44.885 | [PollThread::shutdown] Already called, returning
D [<unknown>:0] 2026-09-09 09:09:44.885 | [PollThread::~PollThread] Destructor complete
D [<unknown>:0] 2026-09-09 09:09:44.886 | [poll_loop] Exited while loop (stop_=true), starting cleanup
D [<unknown>:0] 2026-09-09 09:09:44.886 | [poll_loop] Cleanup complete, poll_loop exiting
D [<unknown>:0] 2026-09-09 09:09:44.886 | [Reactor::~Reactor] Starting destruction, all_events_.len()=0, fibers_.size()=0
D [<unknown>:0] 2026-09-09 09:09:44.886 | [Reactor::~Reactor] Destructor body complete, about to destroy member variables
D [<unknown>:0] 2026-09-09 09:09:44.886 | [PollThread::shutdown] thread.join() completed!
D [<unknown>:0] 2026-09-09 09:09:44.886 | [PollThread::shutdown] Released join_handle lock
D [<unknown>:0] 2026-09-09 09:09:44.886 | [PollThread::shutdown] Complete
D [<unknown>:0] 2026-09-09 09:09:44.886 | [PollThread::~PollThread] Destructor called from TID=2433553
D [<unknown>:0] 2026-09-09 09:09:44.886 | [PollThread::shutdown] Called from TID=2433553
D [<unknown>:0] 2026-09-09 09:09:44.886 | [PollThread::shutdown] Already called, returning
D [<unknown>:0] 2026-09-09 09:09:44.886 | [PollThread::~PollThread] Destructor complete
D [<unknown>:0] 2026-09-09 09:09:44.890 | [PollThread::shutdown] Called from TID=2433560
D [<unknown>:0] 2026-09-09 09:09:44.890 | [PollThread::shutdown] Sending CmdShutdown
D [<unknown>:0] 2026-09-09 09:09:44.890 | [PollThread::shutdown] CmdShutdown sent
D [<unknown>:0] 2026-09-09 09:09:44.890 | [PollThread::shutdown] Acquiring join_handle lock...
D [<unknown>:0] 2026-09-09 09:09:44.890 | [PollThread::shutdown] join_handle lock acquired
D [<unknown>:0] 2026-09-09 09:09:44.890 | [PollThread::shutdown] Calling thread.join()...
D [<unknown>:0] 2026-09-09 09:09:44.890 | [PollThread::shutdown] Called from TID=2433551
D [<unknown>:0] 2026-09-09 09:09:44.890 | [PollThread::shutdown] Sending CmdShutdown
D [<unknown>:0] 2026-09-09 09:09:44.890 | [PollThread::shutdown] CmdShutdown sent
D [<unknown>:0] 2026-09-09 09:09:44.890 | [PollThread::shutdown] Acquiring join_handle lock...
D [<unknown>:0] 2026-09-09 09:09:44.890 | [PollThread::shutdown] join_handle lock acquired
D [<unknown>:0] 2026-09-09 09:09:44.890 | [PollThread::shutdown] Calling thread.join()...
D [<unknown>:0] 2026-09-09 09:09:44.890 | [PollThread::shutdown] Called from TID=2433541
D [<unknown>:0] 2026-09-09 09:09:44.890 | [PollThread::shutdown] Sending CmdShutdown
D [<unknown>:0] 2026-09-09 09:09:44.890 | [PollThread::shutdown] CmdShutdown sent
D [<unknown>:0] 2026-09-09 09:09:44.890 | [PollThread::shutdown] Acquiring join_handle lock...
D [<unknown>:0] 2026-09-09 09:09:44.890 | [PollThread::shutdown] join_handle lock acquired
D [<unknown>:0] 2026-09-09 09:09:44.890 | [PollThread::shutdown] Calling thread.join()...
D [<unknown>:0] 2026-09-09 09:09:44.891 | [poll_loop] Exited while loop (stop_=true), starting cleanup
D [<unknown>:0] 2026-09-09 09:09:44.891 | [poll_loop] Cleanup complete, poll_loop exiting
D [<unknown>:0] 2026-09-09 09:09:44.891 | [Reactor::~Reactor] Starting destruction, all_events_.len()=0, fibers_.size()=0
D [<unknown>:0] 2026-09-09 09:09:44.891 | [Reactor::~Reactor] Destructor body complete, about to destroy member variables
D [<unknown>:0] 2026-09-09 09:09:44.891 | [poll_loop] Exited while loop (stop_=true), starting cleanup
D [<unknown>:0] 2026-09-09 09:09:44.891 | [poll_loop] Cleanup complete, poll_loop exiting
D [<unknown>:0] 2026-09-09 09:09:44.891 | [poll_loop] Exited while loop (stop_=true), starting cleanup
D [<unknown>:0] 2026-09-09 09:09:44.891 | [poll_loop] Cleanup complete, poll_loop exiting
D [<unknown>:0] 2026-09-09 09:09:44.891 | [Reactor::~Reactor] Starting destruction, all_events_.len()=0, fibers_.size()=0
D [<unknown>:0] 2026-09-09 09:09:44.891 | [Reactor::~Reactor] Destructor body complete, about to destroy member variables
D [<unknown>:0] 2026-09-09 09:09:44.891 | [Reactor::~Reactor] Starting destruction, all_events_.len()=0, fibers_.size()=0
D [<unknown>:0] 2026-09-09 09:09:44.891 | [Reactor::~Reactor] Destructor body complete, about to destroy member variables
D [<unknown>:0] 2026-09-09 09:09:44.891 | [PollThread::shutdown] thread.join() completed!
D [<unknown>:0] 2026-09-09 09:09:44.891 | [PollThread::shutdown] Released join_handle lock
D [<unknown>:0] 2026-09-09 09:09:44.891 | [PollThread::shutdown] Complete
D [<unknown>:0] 2026-09-09 09:09:44.891 | [PollThread::~PollThread] Destructor called from TID=2433551
D [<unknown>:0] 2026-09-09 09:09:44.891 | [PollThread::shutdown] Called from TID=2433551
D [<unknown>:0] 2026-09-09 09:09:44.891 | [PollThread::shutdown] Already called, returning
D [<unknown>:0] 2026-09-09 09:09:44.891 | [PollThread::~PollThread] Destructor complete
D [<unknown>:0] 2026-09-09 09:09:44.891 | [PollThread::shutdown] thread.join() completed!
D [<unknown>:0] 2026-09-09 09:09:44.891 | [PollThread::shutdown] Released join_handle lock
D [<unknown>:0] 2026-09-09 09:09:44.891 | [PollThread::shutdown] Complete
D [<unknown>:0] 2026-09-09 09:09:44.891 | [PollThread::~PollThread] Destructor called from TID=2433560
D [<unknown>:0] 2026-09-09 09:09:44.891 | [PollThread::shutdown] Called from TID=2433560
D [<unknown>:0] 2026-09-09 09:09:44.891 | [PollThread::shutdown] Already called, returning
D [<unknown>:0] 2026-09-09 09:09:44.891 | [PollThread::~PollThread] Destructor complete
D [<unknown>:0] 2026-09-09 09:09:44.891 | [PollThread::shutdown] thread.join() completed!
D [<unknown>:0] 2026-09-09 09:09:44.891 | [PollThread::shutdown] Released join_handle lock
D [<unknown>:0] 2026-09-09 09:09:44.891 | [PollThread::shutdown] Complete
D [<unknown>:0] 2026-09-09 09:09:44.892 | [PollThread::~PollThread] Destructor called from TID=2433541
D [<unknown>:0] 2026-09-09 09:09:44.892 | [PollThread::shutdown] Called from TID=2433541
D [<unknown>:0] 2026-09-09 09:09:44.892 | [PollThread::shutdown] Already called, returning
D [<unknown>:0] 2026-09-09 09:09:44.892 | [PollThread::~PollThread] Destructor complete
D [<unknown>:0] 2026-09-09 09:09:44.896 | [PollThread::shutdown] Called from TID=2433543
D [<unknown>:0] 2026-09-09 09:09:44.896 | [PollThread::shutdown] Sending CmdShutdown
D [<unknown>:0] 2026-09-09 09:09:44.896 | [PollThread::shutdown] CmdShutdown sent
D [<unknown>:0] 2026-09-09 09:09:44.896 | [PollThread::shutdown] Acquiring join_handle lock...
D [<unknown>:0] 2026-09-09 09:09:44.896 | [PollThread::shutdown] join_handle lock acquired
D [<unknown>:0] 2026-09-09 09:09:44.896 | [PollThread::shutdown] Calling thread.join()...
D [<unknown>:0] 2026-09-09 09:09:44.896 | [PollThread::shutdown] Called from TID=2433549
D [<unknown>:0] 2026-09-09 09:09:44.896 | [PollThread::shutdown] Sending CmdShutdown
D [<unknown>:0] 2026-09-09 09:09:44.896 | [PollThread::shutdown] CmdShutdown sent
D [<unknown>:0] 2026-09-09 09:09:44.896 | [PollThread::shutdown] Acquiring join_handle lock...
D [<unknown>:0] 2026-09-09 09:09:44.896 | [PollThread::shutdown] join_handle lock acquired
D [<unknown>:0] 2026-09-09 09:09:44.896 | [PollThread::shutdown] Calling thread.join()...
D [<unknown>:0] 2026-09-09 09:09:44.897 | [poll_loop] Exited while loop (stop_=true), starting cleanup
D [<unknown>:0] 2026-09-09 09:09:44.897 | [poll_loop] Cleanup complete, poll_loop exiting
D [<unknown>:0] 2026-09-09 09:09:44.897 | [Reactor::~Reactor] Starting destruction, all_events_.len()=0, fibers_.size()=0
D [<unknown>:0] 2026-09-09 09:09:44.897 | [Reactor::~Reactor] Destructor body complete, about to destroy member variables
D [<unknown>:0] 2026-09-09 09:09:44.897 | [PollThread::shutdown] thread.join() completed!
D [<unknown>:0] 2026-09-09 09:09:44.897 | [PollThread::shutdown] Released join_handle lock
D [<unknown>:0] 2026-09-09 09:09:44.897 | [PollThread::shutdown] Complete
D [<unknown>:0] 2026-09-09 09:09:44.897 | [PollThread::~PollThread] Destructor called from TID=2433543
D [<unknown>:0] 2026-09-09 09:09:44.897 | [PollThread::shutdown] Called from TID=2433543
D [<unknown>:0] 2026-09-09 09:09:44.897 | [PollThread::shutdown] Already called, returning
D [<unknown>:0] 2026-09-09 09:09:44.897 | [PollThread::~PollThread] Destructor complete
D [<unknown>:0] 2026-09-09 09:09:44.897 | [poll_loop] Exited while loop (stop_=true), starting cleanup
D [<unknown>:0] 2026-09-09 09:09:44.897 | [poll_loop] Cleanup complete, poll_loop exiting
D [<unknown>:0] 2026-09-09 09:09:44.897 | [Reactor::~Reactor] Starting destruction, all_events_.len()=0, fibers_.size()=0
D [<unknown>:0] 2026-09-09 09:09:44.897 | [Reactor::~Reactor] Destructor body complete, about to destroy member variables
D [<unknown>:0] 2026-09-09 09:09:44.897 | [PollThread::shutdown] thread.join() completed!
D [<unknown>:0] 2026-09-09 09:09:44.897 | [PollThread::shutdown] Released join_handle lock
D [<unknown>:0] 2026-09-09 09:09:44.897 | [PollThread::shutdown] Complete
D [<unknown>:0] 2026-09-09 09:09:44.897 | [PollThread::shutdown] Called from TID=2433547
D [<unknown>:0] 2026-09-09 09:09:44.897 | [PollThread::shutdown] Sending CmdShutdown
D [<unknown>:0] 2026-09-09 09:09:44.897 | [PollThread::shutdown] CmdShutdown sent
D [<unknown>:0] 2026-09-09 09:09:44.897 | [PollThread::shutdown] Acquiring join_handle lock...
D [<unknown>:0] 2026-09-09 09:09:44.897 | [PollThread::shutdown] join_handle lock acquired
D [<unknown>:0] 2026-09-09 09:09:44.897 | [PollThread::shutdown] Calling thread.join()...
D [<unknown>:0] 2026-09-09 09:09:44.897 | [PollThread::~PollThread] Destructor called from TID=2433549
D [<unknown>:0] 2026-09-09 09:09:44.897 | [PollThread::shutdown] Called from TID=2433549
D [<unknown>:0] 2026-09-09 09:09:44.897 | [PollThread::shutdown] Already called, returning
D [<unknown>:0] 2026-09-09 09:09:44.897 | [PollThread::~PollThread] Destructor complete
D [<unknown>:0] 2026-09-09 09:09:44.898 | [PollThread::shutdown] Called from TID=2433555
D [<unknown>:0] 2026-09-09 09:09:44.898 | [PollThread::shutdown] Sending CmdShutdown
D [<unknown>:0] 2026-09-09 09:09:44.898 | [PollThread::shutdown] CmdShutdown sent
D [<unknown>:0] 2026-09-09 09:09:44.898 | [PollThread::shutdown] Acquiring join_handle lock...
D [<unknown>:0] 2026-09-09 09:09:44.898 | [PollThread::shutdown] join_handle lock acquired
D [<unknown>:0] 2026-09-09 09:09:44.898 | [PollThread::shutdown] Calling thread.join()...
D [<unknown>:0] 2026-09-09 09:09:44.898 | [poll_loop] Exited while loop (stop_=true), starting cleanup
D [<unknown>:0] 2026-09-09 09:09:44.898 | [poll_loop] Cleanup complete, poll_loop exiting
D [<unknown>:0] 2026-09-09 09:09:44.898 | [Reactor::~Reactor] Starting destruction, all_events_.len()=0, fibers_.size()=0
D [<unknown>:0] 2026-09-09 09:09:44.898 | [Reactor::~Reactor] Destructor body complete, about to destroy member variables
D [<unknown>:0] 2026-09-09 09:09:44.898 | [PollThread::shutdown] thread.join() completed!
D [<unknown>:0] 2026-09-09 09:09:44.898 | [PollThread::shutdown] Released join_handle lock
D [<unknown>:0] 2026-09-09 09:09:44.898 | [PollThread::shutdown] Complete
D [<unknown>:0] 2026-09-09 09:09:44.898 | [PollThread::~PollThread] Destructor called from TID=2433555
D [<unknown>:0] 2026-09-09 09:09:44.898 | [PollThread::shutdown] Called from TID=2433555
D [<unknown>:0] 2026-09-09 09:09:44.898 | [PollThread::shutdown] Already called, returning
D [<unknown>:0] 2026-09-09 09:09:44.898 | [PollThread::~PollThread] Destructor complete
D [<unknown>:0] 2026-09-09 09:09:44.899 | [poll_loop] Exited while loop (stop_=true), starting cleanup
D [<unknown>:0] 2026-09-09 09:09:44.899 | [poll_loop] Cleanup complete, poll_loop exiting
D [<unknown>:0] 2026-09-09 09:09:44.899 | [Reactor::~Reactor] Starting destruction, all_events_.len()=0, fibers_.size()=0
D [<unknown>:0] 2026-09-09 09:09:44.899 | [Reactor::~Reactor] Destructor body complete, about to destroy member variables
D [<unknown>:0] 2026-09-09 09:09:44.899 | [PollThread::shutdown] thread.join() completed!
D [<unknown>:0] 2026-09-09 09:09:44.899 | [PollThread::shutdown] Released join_handle lock
D [<unknown>:0] 2026-09-09 09:09:44.899 | [PollThread::shutdown] Complete
D [<unknown>:0] 2026-09-09 09:09:44.899 | [PollThread::~PollThread] Destructor called from TID=2433547
D [<unknown>:0] 2026-09-09 09:09:44.899 | [PollThread::shutdown] Called from TID=2433547
D [<unknown>:0] 2026-09-09 09:09:44.899 | [PollThread::shutdown] Already called, returning
D [<unknown>:0] 2026-09-09 09:09:44.899 | [PollThread::~PollThread] Destructor complete
D [<unknown>:0] 2026-09-09 09:09:44.921 | [PollThread::shutdown] Called from TID=2433508
D [<unknown>:0] 2026-09-09 09:09:44.921 | [PollThread::shutdown] Sending CmdShutdown
D [<unknown>:0] 2026-09-09 09:09:44.921 | [PollThread::shutdown] CmdShutdown sent
D [<unknown>:0] 2026-09-09 09:09:44.921 | [PollThread::shutdown] Acquiring join_handle lock...
D [<unknown>:0] 2026-09-09 09:09:44.921 | [PollThread::shutdown] join_handle lock acquired
D [<unknown>:0] 2026-09-09 09:09:44.921 | [PollThread::shutdown] Calling thread.join()...
D [<unknown>:0] 2026-09-09 09:09:44.922 | [poll_loop] Exited while loop (stop_=true), starting cleanup
D [<unknown>:0] 2026-09-09 09:09:44.922 | [poll_loop] Cleanup complete, poll_loop exiting
D [<unknown>:0] 2026-09-09 09:09:44.922 | [Reactor::~Reactor] Starting destruction, all_events_.len()=0, fibers_.size()=0
D [<unknown>:0] 2026-09-09 09:09:44.922 | [Reactor::~Reactor] Destructor body complete, about to destroy member variables
D [<unknown>:0] 2026-09-09 09:09:44.922 | [PollThread::shutdown] thread.join() completed!
D [<unknown>:0] 2026-09-09 09:09:44.922 | [PollThread::shutdown] Released join_handle lock
D [<unknown>:0] 2026-09-09 09:09:44.922 | [PollThread::shutdown] Complete
D [<unknown>:0] 2026-09-09 09:09:44.922 | [PollThread::~PollThread] Destructor called from TID=2433508
D [<unknown>:0] 2026-09-09 09:09:44.922 | [PollThread::shutdown] Called from TID=2433508
D [<unknown>:0] 2026-09-09 09:09:44.922 | [PollThread::shutdown] Already called, returning
D [<unknown>:0] 2026-09-09 09:09:44.922 | [PollThread::~PollThread] Destructor complete
D [<unknown>:0] 2026-09-09 09:09:44.922 | [PollThread::shutdown] Called from TID=2433508
D [<unknown>:0] 2026-09-09 09:09:44.922 | [PollThread::shutdown] Sending CmdShutdown
D [<unknown>:0] 2026-09-09 09:09:44.922 | [PollThread::shutdown] CmdShutdown sent
D [<unknown>:0] 2026-09-09 09:09:44.922 | [PollThread::shutdown] Acquiring join_handle lock...
D [<unknown>:0] 2026-09-09 09:09:44.922 | [PollThread::shutdown] join_handle lock acquired
D [<unknown>:0] 2026-09-09 09:09:44.922 | [PollThread::shutdown] Calling thread.join()...
D [<unknown>:0] 2026-09-09 09:09:44.923 | [poll_loop] Exited while loop (stop_=true), starting cleanup
D [<unknown>:0] 2026-09-09 09:09:44.923 | [poll_loop] Cleanup complete, poll_loop exiting
D [<unknown>:0] 2026-09-09 09:09:44.923 | [Reactor::~Reactor] Starting destruction, all_events_.len()=0, fibers_.size()=0
D [<unknown>:0] 2026-09-09 09:09:44.923 | [Reactor::~Reactor] Destructor body complete, about to destroy member variables
D [<unknown>:0] 2026-09-09 09:09:44.923 | [PollThread::shutdown] thread.join() completed!
D [<unknown>:0] 2026-09-09 09:09:44.923 | [PollThread::shutdown] Released join_handle lock
D [<unknown>:0] 2026-09-09 09:09:44.923 | [PollThread::shutdown] Complete
D [<unknown>:0] 2026-09-09 09:09:44.923 | [PollThread::~PollThread] Destructor called from TID=2433508
D [<unknown>:0] 2026-09-09 09:09:44.923 | [PollThread::shutdown] Called from TID=2433508
D [<unknown>:0] 2026-09-09 09:09:44.923 | [PollThread::shutdown] Already called, returning
D [<unknown>:0] 2026-09-09 09:09:44.923 | [PollThread::~PollThread] Destructor complete

TPCC_BENCH_RESULT {"schema_version":1,"engine":"cpp","threads":16,"warehouses":16,"configured_seconds":10,"measured_seconds":10.129173,"commits":6616562,"aborts":1041,"attempts":6617603,"throughput_txn_s":653218.38219171495,"mix":{"NewOrder":2977404,"Payment":2846592,"Delivery":265060,"OrderStatus":263362,"StockLevel":264144}}
