new table is created with name: customer_0, table-id: 1, on shard-server id:0
new table is created with name: customer_name_idx_0, table-id: 2, on shard-server id:0
new table is created with name: district_0, table-id: 3, on shard-server id:0
new table is created with name: history_0, table-id: 4, on shard-server id:0
new table is created with name: new_order_0, table-id: 5, on shard-server id:0
new table is created with name: oorder_0, table-id: 6, on shard-server id:0
new table is created with name: oorder_c_id_idx_0, table-id: 7, on shard-server id:0
new table is created with name: order_line_0, table-id: 8, on shard-server id:0
new table is created with name: stock_0, table-id: 9, on shard-server id:0
new table is created with name: stock_data_0, table-id: 10, on shard-server id:0
new table is created with name: warehouse_0, table-id: 11, on shard-server id:0
new table is created with name: item, table-id: 12, on shard-server id:0
TPC-C Sharding: Initialized policy with 1 warehouses across 1 shards (version 1788945014)
D [<unknown>:0] 2026-09-09 09:10:14.849 | Server: generated instance_id=6857563640142236005
D [<unknown>:0] 2026-09-09 09:10:14.849 | [poll_loop] Starting poll loop
D [<unknown>:0] 2026-09-09 09:10:14.850 | Server: generated instance_id=7439306238545256003
start worker:3083
D [<unknown>:0] 2026-09-09 09:10:14.853 | [poll_loop] Starting poll loop
D [<unknown>:0] 2026-09-09 09:10:14.853 | create a fiber scheduler
D [<unknown>:0] 2026-09-09 09:10:14.854 | create a fiber scheduler
--------------Finish loading data and wait for others completing load phase ------------
No JEMALLOC_NO_RENAME
D [<unknown>:0] 2026-09-09 09:10:17.225 | Server: generated instance_id=6930689948070350631
D [<unknown>:0] 2026-09-09 09:10:17.225 | [poll_loop] Starting poll loop
D [<unknown>:0] 2026-09-09 09:10:17.229 | create a fiber scheduler
D [<unknown>:0] 2026-09-09 09:10:28.306 | [PollThread::shutdown] Called from TID=2434012
D [<unknown>:0] 2026-09-09 09:10:28.306 | [PollThread::shutdown] Sending CmdShutdown
D [<unknown>:0] 2026-09-09 09:10:28.306 | [PollThread::shutdown] CmdShutdown sent
D [<unknown>:0] 2026-09-09 09:10:28.306 | [PollThread::shutdown] Acquiring join_handle lock...
D [<unknown>:0] 2026-09-09 09:10:28.306 | [PollThread::shutdown] join_handle lock acquired
D [<unknown>:0] 2026-09-09 09:10:28.306 | [PollThread::shutdown] Calling thread.join()...
D [<unknown>:0] 2026-09-09 09:10:28.307 | [poll_loop] Exited while loop (stop_=true), starting cleanup
D [<unknown>:0] 2026-09-09 09:10:28.307 | [poll_loop] Cleanup complete, poll_loop exiting
D [<unknown>:0] 2026-09-09 09:10:28.307 | [Reactor::~Reactor] Starting destruction, all_events_.len()=0, fibers_.size()=0
D [<unknown>:0] 2026-09-09 09:10:28.307 | [Reactor::~Reactor] Destructor body complete, about to destroy member variables
D [<unknown>:0] 2026-09-09 09:10:28.307 | [PollThread::shutdown] thread.join() completed!
D [<unknown>:0] 2026-09-09 09:10:28.307 | [PollThread::shutdown] Released join_handle lock
D [<unknown>:0] 2026-09-09 09:10:28.307 | [PollThread::shutdown] Complete
D [<unknown>:0] 2026-09-09 09:10:28.307 | [PollThread::~PollThread] Destructor called from TID=2434012
D [<unknown>:0] 2026-09-09 09:10:28.307 | [PollThread::shutdown] Called from TID=2434012
D [<unknown>:0] 2026-09-09 09:10:28.307 | [PollThread::shutdown] Already called, returning
D [<unknown>:0] 2026-09-09 09:10:28.307 | [PollThread::~PollThread] Destructor complete
D [<unknown>:0] 2026-09-09 09:10:28.328 | [PollThread::shutdown] Called from TID=2433997
D [<unknown>:0] 2026-09-09 09:10:28.328 | [PollThread::shutdown] Sending CmdShutdown
D [<unknown>:0] 2026-09-09 09:10:28.328 | [PollThread::shutdown] CmdShutdown sent
D [<unknown>:0] 2026-09-09 09:10:28.328 | [PollThread::shutdown] Acquiring join_handle lock...
D [<unknown>:0] 2026-09-09 09:10:28.328 | [PollThread::shutdown] join_handle lock acquired
D [<unknown>:0] 2026-09-09 09:10:28.328 | [PollThread::shutdown] Calling thread.join()...
D [<unknown>:0] 2026-09-09 09:10:28.328 | [poll_loop] Exited while loop (stop_=true), starting cleanup
D [<unknown>:0] 2026-09-09 09:10:28.328 | [poll_loop] Cleanup complete, poll_loop exiting
D [<unknown>:0] 2026-09-09 09:10:28.328 | [Reactor::~Reactor] Starting destruction, all_events_.len()=0, fibers_.size()=0
D [<unknown>:0] 2026-09-09 09:10:28.328 | [Reactor::~Reactor] Destructor body complete, about to destroy member variables
D [<unknown>:0] 2026-09-09 09:10:28.328 | [PollThread::shutdown] thread.join() completed!
D [<unknown>:0] 2026-09-09 09:10:28.328 | [PollThread::shutdown] Released join_handle lock
D [<unknown>:0] 2026-09-09 09:10:28.328 | [PollThread::shutdown] Complete
D [<unknown>:0] 2026-09-09 09:10:28.328 | [PollThread::~PollThread] Destructor called from TID=2433997
D [<unknown>:0] 2026-09-09 09:10:28.328 | [PollThread::shutdown] Called from TID=2433997
D [<unknown>:0] 2026-09-09 09:10:28.328 | [PollThread::shutdown] Already called, returning
D [<unknown>:0] 2026-09-09 09:10:28.328 | [PollThread::~PollThread] Destructor complete
D [<unknown>:0] 2026-09-09 09:10:28.328 | [PollThread::shutdown] Called from TID=2433997
D [<unknown>:0] 2026-09-09 09:10:28.328 | [PollThread::shutdown] Sending CmdShutdown
D [<unknown>:0] 2026-09-09 09:10:28.328 | [PollThread::shutdown] CmdShutdown sent
D [<unknown>:0] 2026-09-09 09:10:28.328 | [PollThread::shutdown] Acquiring join_handle lock...
D [<unknown>:0] 2026-09-09 09:10:28.328 | [PollThread::shutdown] join_handle lock acquired
D [<unknown>:0] 2026-09-09 09:10:28.328 | [PollThread::shutdown] Calling thread.join()...
D [<unknown>:0] 2026-09-09 09:10:28.328 | [poll_loop] Exited while loop (stop_=true), starting cleanup
D [<unknown>:0] 2026-09-09 09:10:28.328 | [poll_loop] Cleanup complete, poll_loop exiting
D [<unknown>:0] 2026-09-09 09:10:28.328 | [Reactor::~Reactor] Starting destruction, all_events_.len()=0, fibers_.size()=0
D [<unknown>:0] 2026-09-09 09:10:28.328 | [Reactor::~Reactor] Destructor body complete, about to destroy member variables
D [<unknown>:0] 2026-09-09 09:10:28.328 | [PollThread::shutdown] thread.join() completed!
D [<unknown>:0] 2026-09-09 09:10:28.328 | [PollThread::shutdown] Released join_handle lock
D [<unknown>:0] 2026-09-09 09:10:28.328 | [PollThread::shutdown] Complete
D [<unknown>:0] 2026-09-09 09:10:28.328 | [PollThread::~PollThread] Destructor called from TID=2433997
D [<unknown>:0] 2026-09-09 09:10:28.328 | [PollThread::shutdown] Called from TID=2433997
D [<unknown>:0] 2026-09-09 09:10:28.329 | [PollThread::shutdown] Already called, returning
D [<unknown>:0] 2026-09-09 09:10:28.329 | [PollThread::~PollThread] Destructor complete

TPCC_BENCH_RESULT {"schema_version":1,"engine":"cpp","threads":1,"warehouses":1,"configured_seconds":10,"measured_seconds":10.098221000000001,"commits":411908,"aborts":0,"attempts":411908,"throughput_txn_s":40790.155018393831,"mix":{"NewOrder":185671,"Payment":176918,"Delivery":16579,"OrderStatus":16417,"StockLevel":16323}}
