20260909-09:11.18-773681(us) 2434649 * ParseNewFormat  (configuration.cc:102): Using new configuration format
20260909-09:11.18-773807(us) 2434649 * ParseNewFormat  (configuration.cc:162): Loaded 1 sites in 1 shards
20260909-09:11.18-773844(us) 2434649 * handle_new_config_format (dbtest.cc:368):    Site local_s0: shard=0, replica_idx=0, is_leader=1, cluster=localhost
SiloRuntime[0]::InitializeAllocator()
  hugepgsize: 2097152
  mmap() region [0x7f821d000000, 0x7f831d200000)
  runtime0 cpu0 owns [0x7f821d000000, 0x7f831d000000)
Database Benchmark:
  pid: 2434649
settings:
  num-cpus    : 128
  num-threads : 1
  shardIndex  : 0
  paxos_proc_name  : localhost
  nshards     : 1
  is_micro    : 0
  is_replicated : 0
  storage_engine : rust
  var-encode  : yes
  allocator   : jemalloc
system properties:
  tuple_prefetch          : no
  btree_node_prefetch     : yes
tpcc settings:
  cross_partition_transactions : 1
  read_only_snapshots          : 1
  partition_locks              : 0
  separate_tree_per_partition  : 1
  new_order_remote_item_pct    : 1
  new_order_fast_id_gen        : 1
  uniform_item_dist            : 0
  order_status_scan_hack       : 0
  workload_mix                 : [45, 43, 4, 4, 4]
20260909-09:11.18-780319(us) 2434649 * ParseNewFormat  (configuration.cc:102): Using new configuration format
20260909-09:11.18-780370(us) 2434649 * ParseNewFormat  (configuration.cc:162): Loaded 1 sites in 1 shards
20260909-09:11.18-780665(us) 2434649 * Initialize      (srpc_rpc_backend.cc:66): SrpcRpcBackend::Initialize: poll_thread_worker_ created, is_some=1
20260909-09:11.18-780819(us) 2434649 * Initialize      (srpc_rpc_backend.cc:97): SrpcRpcBackend initialized on 127.0.0.1:31006 (listening on 0.0.0.0:31006)
20260909-09:11.18-780846(us) 2434649 * FastTransport   (fasttransport.cc:147): FastTransport initialized with srpc/rpc backend on 127.0.0.1:31006
20260909-09:11.18-780861(us) 2434649 * RunEventLoop    (srpc_rpc_backend.cc:516): SrpcRpcBackend::RunEventLoop: Starting event loop
20260909-09:11.18-780898(us) 2434649 * ParseNewFormat  (configuration.cc:102): Using new configuration format
20260909-09:11.18-780932(us) 2434649 * ParseNewFormat  (configuration.cc:162): Loaded 1 sites in 1 shards
20260909-09:11.18-781254(us) 2434649 * Initialize      (srpc_rpc_backend.cc:66): SrpcRpcBackend::Initialize: poll_thread_worker_ created, is_some=1
20260909-09:11.18-781322(us) 2434649 * Initialize      (srpc_rpc_backend.cc:97): SrpcRpcBackend initialized on 127.0.0.1:31007 (listening on 0.0.0.0:31007)
20260909-09:11.18-781338(us) 2434649 * FastTransport   (fasttransport.cc:147): FastTransport initialized with srpc/rpc backend on 127.0.0.1:31007
20260909-09:11.18-781352(us) 2434649 * RunEventLoop    (srpc_rpc_backend.cc:516): SrpcRpcBackend::RunEventLoop: Starting event loop
20260909-09:11.18-783589(us) 2434649 ! run             (bench.cc:519):     # of loaders size:6
20260909-09:11.18-784526(us) 2434649 * benchmark_thread_init (mbta_wrapper.hh:1811): thread_init: thread_id=0, shard_index=0, getShardIndex=0, loader=1
[INFO] finished loading warehouse
[INFO]   * average warehouse record length: 97 bytes
20260909-09:11.18-786188(us) 2434649 * benchmark_thread_init (mbta_wrapper.hh:1811): thread_init: thread_id=1, shard_index=0, getShardIndex=0, loader=1
[INFO] finished loading item
[INFO]   * average item record length: 84.1739 bytes
20260909-09:11.19-119196(us) 2434649 * benchmark_thread_init (mbta_wrapper.hh:1811): thread_init: thread_id=2, shard_index=0, getShardIndex=0, loader=1
PinToWarehouseId(): coreid=3 pinned to whse=1 (partid=0)
[INFO] finished loading stock
[INFO]   * average stock record length: 8 bytes
20260909-09:11.20-965743(us) 2434649 * benchmark_thread_init (mbta_wrapper.hh:1811): thread_init: thread_id=3, shard_index=0, getShardIndex=0, loader=1
PinToWarehouseId(): coreid=4 pinned to whse=1 (partid=0)
[INFO] finished loading district
[INFO]   * average district record length: 99 bytes
20260909-09:11.20-967252(us) 2434649 * benchmark_thread_init (mbta_wrapper.hh:1811): thread_init: thread_id=4, shard_index=0, getShardIndex=0, loader=1
num batches: 30
PinToWarehouseId(): coreid=5 pinned to whse=1 (partid=0)
[INFO] finished loading customer
[INFO]   * average customer record length: 153.725 bytes 
20260909-09:11.21-519622(us) 2434649 * benchmark_thread_init (mbta_wrapper.hh:1811): thread_init: thread_id=5, shard_index=0, getShardIndex=0, loader=1
PinToWarehouseId(): coreid=6 pinned to whse=1 (partid=0)
[INFO] finished loading order
[INFO]   * average order_line record length: 10.9193 bytes
[INFO]   * average oorder record length: 7.4286 bytes
[INFO]   * average new_order record length: 12 bytes
timed region dataloading took 3067.91 ms
DB size: 193.152 MB
[0, 0, 0] txns persisted in loading phase
20260909-09:11.21-851567(us) 2434649 ! run             (bench.cc:578):     # of nthreads:1
starting benchmark...
tpcc: worker id 128 => warehouses [1, 2)
20260909-09:11.21-855452(us) 2434649 * benchmark_thread_init (mbta_wrapper.hh:1811): thread_init: thread_id=6, shard_index=0, getShardIndex=0, loader=0
20260909-09:11.21-856551(us) 2434649 * ParseNewFormat  (configuration.cc:102): Using new configuration format
20260909-09:11.21-856596(us) 2434649 * ParseNewFormat  (configuration.cc:162): Loaded 1 sites in 1 shards
20260909-09:11.21-857788(us) 2434649 * ParseNewFormat  (configuration.cc:102): Using new configuration format
20260909-09:11.21-857824(us) 2434649 * ParseNewFormat  (configuration.cc:162): Loaded 1 sites in 1 shards
20260909-09:11.21-858343(us) 2434649 * Initialize      (srpc_rpc_backend.cc:66): SrpcRpcBackend::Initialize: poll_thread_worker_ created, is_some=1
20260909-09:11.21-858603(us) 2434649 * Initialize      (srpc_rpc_backend.cc:97): SrpcRpcBackend initialized on 127.0.0.1:31000 (listening on 0.0.0.0:31000)
20260909-09:11.21-858622(us) 2434649 * FastTransport   (fasttransport.cc:147): FastTransport initialized with srpc/rpc backend on 127.0.0.1:31000
20260909-09:11.21-859618(us) 2434649 * ParseNewFormat  (configuration.cc:102): Using new configuration format
20260909-09:11.21-859653(us) 2434649 * ParseNewFormat  (configuration.cc:162): Loaded 1 sites in 1 shards
20260909-09:11.21-860848(us) 2434649 ! run             (bench.cc:645):     TPCC_BENCH_MEASURE_START
20260909-09:11.21-860868(us) 2434649 ! run             (bench.cc:653):     start the running time, runTime:10
20260909-09:11.21-860882(us) 2434649 ! run             (bench.cc:665):     runtime time left:10000 ms, bool:1
20260909-09:11.22-866347(us) 2434649 ! run             (bench.cc:665):     runtime time left:9000 ms, bool:1
20260909-09:11.23-873155(us) 2434649 ! run             (bench.cc:665):     runtime time left:8000 ms, bool:1
20260909-09:11.24-878359(us) 2434649 ! run             (bench.cc:665):     runtime time left:7000 ms, bool:1
20260909-09:11.25-884580(us) 2434649 ! run             (bench.cc:665):     runtime time left:6000 ms, bool:1
20260909-09:11.26-892306(us) 2434649 ! run             (bench.cc:665):     runtime time left:5000 ms, bool:1
20260909-09:11.27-899921(us) 2434649 ! run             (bench.cc:665):     runtime time left:4000 ms, bool:1
20260909-09:11.28-905358(us) 2434649 ! run             (bench.cc:665):     runtime time left:3000 ms, bool:1
20260909-09:11.29-911733(us) 2434649 ! run             (bench.cc:665):     runtime time left:2000 ms, bool:1
20260909-09:11.30-917257(us) 2434649 ! run             (bench.cc:665):     runtime time left:1000 ms, bool:1
20260909-09:11.31-924813(us) 2434649 ! run             (bench.cc:678):     runtime_plus:0
[SHUTDOWN] Setting running=false to stop database worker threads
[SHUTDOWN] Calling first stop() to stop client transports
20260909-09:11.31-924894(us) 2434649 ! stop            (bench.cc:496):     stop all rpc clients. set stop=false
20260909-09:11.31-924915(us) 2434649 * Stop            (srpc_rpc_backend.cc:593): SrpcRpcBackend::Stop: BEGIN - Setting stop flag
20260909-09:11.31-924929(us) 2434649 * Stop            (srpc_rpc_backend.cc:596): SrpcRpcBackend::Stop: Waiting for event loop to exit...
20260909-09:11.31-924941(us) 2434649 * Stop            (srpc_rpc_backend.cc:612): SrpcRpcBackend::Stop: Event loop exited successfully
20260909-09:11.31-924954(us) 2434649 * Stop            (srpc_rpc_backend.cc:616): SrpcRpcBackend::Stop: Signaling 0 request queues to stop
20260909-09:11.31-924966(us) 2434649 * Stop            (srpc_rpc_backend.cc:624): SrpcRpcBackend::Stop: Signaling 0 response queues to stop
20260909-09:11.31-925013(us) 2434649 * Stop            (srpc_rpc_backend.cc:635): SrpcRpcBackend::Stop: Server cleanup deferred to destructor
20260909-09:11.31-925026(us) 2434649 * Stop            (srpc_rpc_backend.cc:638): SrpcRpcBackend::Stop: Closing client connections
20260909-09:11.31-925038(us) 2434649 * Stop            (srpc_rpc_backend.cc:642): SrpcRpcBackend::Stop: Found 0 client connections to close
20260909-09:11.31-925060(us) 2434649 * Stop            (srpc_rpc_backend.cc:662): SrpcRpcBackend::Stop: Closed 0 client connections
20260909-09:11.31-925072(us) 2434649 * Stop            (srpc_rpc_backend.cc:675): SrpcRpcBackend stats: msg_size_resp_sent: 0 bytes, counter: 0, avg: 0.000000
20260909-09:11.31-925089(us) 2434649 * Stop            (srpc_rpc_backend.cc:676): SrpcRpcBackend::Stop: END
[SHUTDOWN] First stop() completed
[SHUTDOWN] Joining 1 worker threads
[SHUTDOWN] Joining worker 0
20260909-09:11.31-925156(us) 2434649 * PrintStats      (srpc_rpc_backend.cc:686): SrpcRpcBackend request stats: msg_size_req_sent: 0 bytes, counter: 0, avg: 0.000000
20260909-09:11.32-925250(us) 2434649 * Stop            (srpc_rpc_backend.cc:589): SrpcRpcBackend::Stop: Already stopped, returning
20260909-09:11.32-925277(us) 2434649 * Shutdown        (srpc_rpc_backend.cc:112): SrpcRpcBackend::Shutdown: About to delete server
20260909-09:11.32-925292(us) 2434649 * Shutdown        (srpc_rpc_backend.cc:116): SrpcRpcBackend::Shutdown: Server pointer is valid, deleting...
20260909-09:11.32-925316(us) 2434649 * Shutdown        (srpc_rpc_backend.cc:120): SrpcRpcBackend::Shutdown: Server deleted successfully
20260909-09:11.32-925329(us) 2434649 * Shutdown        (srpc_rpc_backend.cc:132): SrpcRpcBackend::Shutdown: About to shutdown poll_thread_worker_
20260909-09:11.32-925342(us) 2434649 * Shutdown        (srpc_rpc_backend.cc:136): SrpcRpcBackend::Shutdown: poll_thread_worker_ is valid, calling shutdown()
20260909-09:11.32-926188(us) 2434649 * Shutdown        (srpc_rpc_backend.cc:138): SrpcRpcBackend::Shutdown: poll_thread_worker_->shutdown() completed
20260909-09:11.32-926222(us) 2434649 * Shutdown        (srpc_rpc_backend.cc:140): SrpcRpcBackend::Shutdown: poll_thread_worker_ reset to None
20260909-09:11.32-926235(us) 2434649 * Shutdown        (srpc_rpc_backend.cc:145): SrpcRpcBackend::Shutdown: Shutdown sequence completed, destructor will now exit
20260909-09:11.32-926247(us) 2434649 * ~SrpcRpcBackend (srpc_rpc_backend.cc:52): SrpcRpcBackend::~SrpcRpcBackend: START destructor
20260909-09:11.32-926260(us) 2434649 * Stop            (srpc_rpc_backend.cc:589): SrpcRpcBackend::Stop: Already stopped, returning
20260909-09:11.32-926273(us) 2434649 * Shutdown        (srpc_rpc_backend.cc:112): SrpcRpcBackend::Shutdown: About to delete server
20260909-09:11.32-926286(us) 2434649 * Shutdown        (srpc_rpc_backend.cc:129): SrpcRpcBackend::Shutdown: Server pointer is null, skipping deletion
20260909-09:11.32-926299(us) 2434649 * Shutdown        (srpc_rpc_backend.cc:132): SrpcRpcBackend::Shutdown: About to shutdown poll_thread_worker_
20260909-09:11.32-926312(us) 2434649 * Shutdown        (srpc_rpc_backend.cc:142): SrpcRpcBackend::Shutdown: poll_thread_worker_ is null, skipping shutdown
20260909-09:11.32-926346(us) 2434649 * Shutdown        (srpc_rpc_backend.cc:145): SrpcRpcBackend::Shutdown: Shutdown sequence completed, destructor will now exit
20260909-09:11.32-926359(us) 2434649 * ~SrpcRpcBackend (srpc_rpc_backend.cc:54): SrpcRpcBackend::~SrpcRpcBackend: Shutdown() completed
[SHUTDOWN] Worker 0 joined
[SHUTDOWN] All workers joined
[SHUTDOWN] Calling stop_rpc_server()
[STOP_SERVER] Stopping 2 server transports
[STOP_SERVER] Stopping server transport 0
20260909-09:11.32-926532(us) 2434649 * Stop            (srpc_rpc_backend.cc:593): SrpcRpcBackend::Stop: BEGIN - Setting stop flag
20260909-09:11.32-926548(us) 2434649 * Stop            (srpc_rpc_backend.cc:596): SrpcRpcBackend::Stop: Waiting for event loop to exit...
20260909-09:11.32-926654(us) 2434649 * RunEventLoop    (srpc_rpc_backend.cc:577): SrpcRpcBackend::RunEventLoop: Stop flag detected, exiting event loop
20260909-09:11.32-926670(us) 2434649 * RunEventLoop    (srpc_rpc_backend.cc:581): SrpcRpcBackend::RunEventLoop: Exited cleanly
20260909-09:11.32-926683(us) 2434649 * rpc_server      (rpc_setup.cc:126): the rpc_server is terminated on shardIdx:0, alpha:0!
20260909-09:11.32-936619(us) 2434649 * Stop            (srpc_rpc_backend.cc:612): SrpcRpcBackend::Stop: Event loop exited successfully
20260909-09:11.32-936642(us) 2434649 * Stop            (srpc_rpc_backend.cc:616): SrpcRpcBackend::Stop: Signaling 0 request queues to stop
20260909-09:11.32-936656(us) 2434649 * Stop            (srpc_rpc_backend.cc:624): SrpcRpcBackend::Stop: Signaling 0 response queues to stop
20260909-09:11.32-936670(us) 2434649 * Stop            (srpc_rpc_backend.cc:635): SrpcRpcBackend::Stop: Server cleanup deferred to destructor
20260909-09:11.32-936682(us) 2434649 * Stop            (srpc_rpc_backend.cc:638): SrpcRpcBackend::Stop: Closing client connections
20260909-09:11.32-936699(us) 2434649 * Stop            (srpc_rpc_backend.cc:642): SrpcRpcBackend::Stop: Found 0 client connections to close
20260909-09:11.32-936712(us) 2434649 * Stop            (srpc_rpc_backend.cc:662): SrpcRpcBackend::Stop: Closed 0 client connections
20260909-09:11.32-936725(us) 2434649 * Stop            (srpc_rpc_backend.cc:675): SrpcRpcBackend stats: msg_size_resp_sent: 0 bytes, counter: 0, avg: 0.000000
20260909-09:11.32-936751(us) 2434649 * Stop            (srpc_rpc_backend.cc:676): SrpcRpcBackend::Stop: END
[STOP_SERVER] Server transport 0 stopped
[STOP_SERVER] Stopping server transport 1
20260909-09:11.32-936777(us) 2434649 * Stop            (srpc_rpc_backend.cc:593): SrpcRpcBackend::Stop: BEGIN - Setting stop flag
20260909-09:11.32-936790(us) 2434649 * Stop            (srpc_rpc_backend.cc:596): SrpcRpcBackend::Stop: Waiting for event loop to exit...
20260909-09:11.32-936816(us) 2434649 * RunEventLoop    (srpc_rpc_backend.cc:577): SrpcRpcBackend::RunEventLoop: Stop flag detected, exiting event loop
20260909-09:11.32-936843(us) 2434649 * RunEventLoop    (srpc_rpc_backend.cc:581): SrpcRpcBackend::RunEventLoop: Exited cleanly
20260909-09:11.32-936856(us) 2434649 * rpc_server      (rpc_setup.cc:126): the rpc_server is terminated on shardIdx:0, alpha:1!
20260909-09:11.32-946866(us) 2434649 * Stop            (srpc_rpc_backend.cc:612): SrpcRpcBackend::Stop: Event loop exited successfully
20260909-09:11.32-946889(us) 2434649 * Stop            (srpc_rpc_backend.cc:616): SrpcRpcBackend::Stop: Signaling 0 request queues to stop
20260909-09:11.32-946902(us) 2434649 * Stop            (srpc_rpc_backend.cc:624): SrpcRpcBackend::Stop: Signaling 0 response queues to stop
20260909-09:11.32-946916(us) 2434649 * Stop            (srpc_rpc_backend.cc:635): SrpcRpcBackend::Stop: Server cleanup deferred to destructor
20260909-09:11.32-946928(us) 2434649 * Stop            (srpc_rpc_backend.cc:638): SrpcRpcBackend::Stop: Closing client connections
20260909-09:11.32-946941(us) 2434649 * Stop            (srpc_rpc_backend.cc:642): SrpcRpcBackend::Stop: Found 0 client connections to close
20260909-09:11.32-946958(us) 2434649 * Stop            (srpc_rpc_backend.cc:662): SrpcRpcBackend::Stop: Closed 0 client connections
20260909-09:11.32-946970(us) 2434649 * Stop            (srpc_rpc_backend.cc:675): SrpcRpcBackend stats: msg_size_resp_sent: 0 bytes, counter: 0, avg: 0.000000
20260909-09:11.32-946985(us) 2434649 * Stop            (srpc_rpc_backend.cc:676): SrpcRpcBackend::Stop: END
[STOP_SERVER] Server transport 1 stopped
20260909-09:11.32-947017(us) 2434649 * Stop            (srpc_rpc_backend.cc:589): SrpcRpcBackend::Stop: Already stopped, returning
20260909-09:11.32-947030(us) 2434649 * Shutdown        (srpc_rpc_backend.cc:112): SrpcRpcBackend::Shutdown: About to delete server
20260909-09:11.32-947043(us) 2434649 * Shutdown        (srpc_rpc_backend.cc:116): SrpcRpcBackend::Shutdown: Server pointer is valid, deleting...
20260909-09:11.32-947066(us) 2434649 * Shutdown        (srpc_rpc_backend.cc:120): SrpcRpcBackend::Shutdown: Server deleted successfully
20260909-09:11.32-947079(us) 2434649 * Shutdown        (srpc_rpc_backend.cc:132): SrpcRpcBackend::Shutdown: About to shutdown poll_thread_worker_
20260909-09:11.32-947092(us) 2434649 * Shutdown        (srpc_rpc_backend.cc:136): SrpcRpcBackend::Shutdown: poll_thread_worker_ is valid, calling shutdown()
20260909-09:11.32-947354(us) 2434649 * Shutdown        (srpc_rpc_backend.cc:138): SrpcRpcBackend::Shutdown: poll_thread_worker_->shutdown() completed
20260909-09:11.32-947386(us) 2434649 * Shutdown        (srpc_rpc_backend.cc:140): SrpcRpcBackend::Shutdown: poll_thread_worker_ reset to None
20260909-09:11.32-947399(us) 2434649 * Shutdown        (srpc_rpc_backend.cc:145): SrpcRpcBackend::Shutdown: Shutdown sequence completed, destructor will now exit
20260909-09:11.32-947411(us) 2434649 * ~SrpcRpcBackend (srpc_rpc_backend.cc:52): SrpcRpcBackend::~SrpcRpcBackend: START destructor
20260909-09:11.32-947424(us) 2434649 * Stop            (srpc_rpc_backend.cc:589): SrpcRpcBackend::Stop: Already stopped, returning
20260909-09:11.32-947437(us) 2434649 * Shutdown        (srpc_rpc_backend.cc:112): SrpcRpcBackend::Shutdown: About to delete server
20260909-09:11.32-947449(us) 2434649 * Shutdown        (srpc_rpc_backend.cc:129): SrpcRpcBackend::Shutdown: Server pointer is null, skipping deletion
20260909-09:11.32-947475(us) 2434649 * Shutdown        (srpc_rpc_backend.cc:132): SrpcRpcBackend::Shutdown: About to shutdown poll_thread_worker_
20260909-09:11.32-947488(us) 2434649 * Shutdown        (srpc_rpc_backend.cc:142): SrpcRpcBackend::Shutdown: poll_thread_worker_ is null, skipping shutdown
20260909-09:11.32-947501(us) 2434649 * Shutdown        (srpc_rpc_backend.cc:145): SrpcRpcBackend::Shutdown: Shutdown sequence completed, destructor will now exit
20260909-09:11.32-947514(us) 2434649 * ~SrpcRpcBackend (srpc_rpc_backend.cc:54): SrpcRpcBackend::~SrpcRpcBackend: Shutdown() completed
20260909-09:11.32-947554(us) 2434649 * Stop            (srpc_rpc_backend.cc:589): SrpcRpcBackend::Stop: Already stopped, returning
20260909-09:11.32-947569(us) 2434649 * Shutdown        (srpc_rpc_backend.cc:112): SrpcRpcBackend::Shutdown: About to delete server
20260909-09:11.32-947582(us) 2434649 * Shutdown        (srpc_rpc_backend.cc:116): SrpcRpcBackend::Shutdown: Server pointer is valid, deleting...
20260909-09:11.32-947599(us) 2434649 * Shutdown        (srpc_rpc_backend.cc:120): SrpcRpcBackend::Shutdown: Server deleted successfully
20260909-09:11.32-947616(us) 2434649 * Shutdown        (srpc_rpc_backend.cc:132): SrpcRpcBackend::Shutdown: About to shutdown poll_thread_worker_
20260909-09:11.32-947633(us) 2434649 * Shutdown        (srpc_rpc_backend.cc:136): SrpcRpcBackend::Shutdown: poll_thread_worker_ is valid, calling shutdown()
20260909-09:11.32-948552(us) 2434649 * Shutdown        (srpc_rpc_backend.cc:138): SrpcRpcBackend::Shutdown: poll_thread_worker_->shutdown() completed
20260909-09:11.32-948584(us) 2434649 * Shutdown        (srpc_rpc_backend.cc:140): SrpcRpcBackend::Shutdown: poll_thread_worker_ reset to None
20260909-09:11.32-948597(us) 2434649 * Shutdown        (srpc_rpc_backend.cc:145): SrpcRpcBackend::Shutdown: Shutdown sequence completed, destructor will now exit
20260909-09:11.32-948614(us) 2434649 * ~SrpcRpcBackend (srpc_rpc_backend.cc:52): SrpcRpcBackend::~SrpcRpcBackend: START destructor
20260909-09:11.32-948627(us) 2434649 * Stop            (srpc_rpc_backend.cc:589): SrpcRpcBackend::Stop: Already stopped, returning
20260909-09:11.32-948640(us) 2434649 * Shutdown        (srpc_rpc_backend.cc:112): SrpcRpcBackend::Shutdown: About to delete server
20260909-09:11.32-948653(us) 2434649 * Shutdown        (srpc_rpc_backend.cc:129): SrpcRpcBackend::Shutdown: Server pointer is null, skipping deletion
20260909-09:11.32-948673(us) 2434649 * Shutdown        (srpc_rpc_backend.cc:132): SrpcRpcBackend::Shutdown: About to shutdown poll_thread_worker_
20260909-09:11.32-948685(us) 2434649 * Shutdown        (srpc_rpc_backend.cc:142): SrpcRpcBackend::Shutdown: poll_thread_worker_ is null, skipping shutdown
20260909-09:11.32-948702(us) 2434649 * Shutdown        (srpc_rpc_backend.cc:145): SrpcRpcBackend::Shutdown: Shutdown sequence completed, destructor will now exit
20260909-09:11.32-948714(us) 2434649 * ~SrpcRpcBackend (srpc_rpc_backend.cc:54): SrpcRpcBackend::~SrpcRpcBackend: Shutdown() completed
[STOP_SERVER] All server transports stopped
[SHUTDOWN] stop_rpc_server() completed
[SHUTDOWN] Calling second stop()
20260909-09:11.32-948759(us) 2434649 ! stop            (bench.cc:496):     stop all rpc clients. set stop=false
[SHUTDOWN] Second stop() completed
20260909-09:11.32-948776(us) 2434649 ! run             (bench.cc:731):     TPCC_BENCH_MEASURE_END
[SHUTDOWN] Calling do_txn_finish()
[SHUTDOWN] do_txn_finish() completed
--- n_commits per partition ---
 par_id: 0, n_commits: 586330
--- benchmark statistics ---
runtime: 10.0879 sec
memory delta: 350.008 MB
n_commits: 586330
latency_numer_us: 9718857
latency_numer_us_remote: 0
memory delta rate: 34.6957 MB/sec
logical memory delta: 37.2289 MB
logical memory delta rate: 3.69044 MB/sec
agg_nosync_throughput: 58122.1 ops/sec
avg_nosync_per_core_throughput: 58122.1 ops/sec/core
agg_throughput: 58121.9 ops/sec
avg_per_core_throughput: 58121.9 ops/sec/core
agg_persist_throughput: 58121.9 ops/sec
avg_per_core_persist_throughput: 58121.9 ops/sec/core
avg_latency: 0.0165757 ms
avg_persist_latency: 0 ms
agg_abort_rate: 0 aborts/sec
avg_per_core_abort_rate: 0 aborts/sec/core
  NewOrder_local_commit_latency: 0.0188216 ms
  NewOrder_local_abort_latency: 0 ms
  NewOrder_local_abort_ratio: 0
  Payment_local_commit_latency: 0.00602154 ms
  Payment_local_abort_latency: 0 ms
  Payment_local_abort_ratio: 0
  Delivery_local_commit_latency: 0.0841505 ms
  Delivery_local_abort_latency: 0 ms
  Delivery_local_abort_ratio: 0
  OrderStatus_local_commit_latency: 0.0101791 ms
  OrderStatus_local_abort_latency: 0 ms
  OrderStatus_local_abort_ratio: 0
  StockLevel_local_commit_latency: 0.0556116 ms
  StockLevel_local_abort_latency: 0 ms
  StockLevel_local_abort_ratio: 0
  NewOrder_remote_ratio: 0 %
  NewOrder_remote_abort_ratio: 0 %
  NewOrder_remote_commit_latency: 0 ms
  NewOrder_remote_abort_latency: 0 ms
  Payment_remote_ratio: 0 %
  Payment_remote_abort_ratio: 0 %
  Payment_remote_commit_latency: 0 ms
  Payment_remote_abort_latency: 0 ms
--- system counters (for benchmark) ---
--- perf counters (if enabled, for benchmark) ---
--- allocator stats ---
[SiloRuntime 0] ncpus=1
[SiloRuntime 0] cpu=0 fully_faulted?=0 remaining=4158652416 bytes
---------------------------------------
--- system counters for n_commits ---
[STOP_SERVER] Stopping 0 server transports
[STOP_SERVER] All server transports stopped
