BLOCK 2026-09-09T08:43:39.319295+00:00 {'repetition': 0, 'threads': 16, 'variant': 'new', 'engines': ['cpp', 'rust'], 'pair_id': 'r00-c01-16t-new'}
[guard] r00-c01-16t-new attempt=1 waiting for the next LXD restart after NRestarts=46967
[guard] r00-c01-16t-new attempt=1 aligned after 54.007s at NRestarts=46968
[1] cpp TPC-C threads=warehouses=16 repetition=0 pair_attempt=1
[guard] r00-c01-16t-new attempt=1 waiting for the next LXD restart after NRestarts=46968
[guard] r00-c01-16t-new attempt=1 aligned after 25.319s at NRestarts=46969
[guard] r00-c01-16t-new attempt=1 same-restart quiet-window=1 rejected: a selected CPU was below 95% idle
[2] rust TPC-C threads=warehouses=16 repetition=0 pair_attempt=1
BLOCK 2026-09-09T08:47:58.272734+00:00 {'repetition': 0, 'threads': 16, 'variant': 'old', 'engines': ['rust', 'cpp'], 'pair_id': 'r00-c01-16t-old'}
[guard] r00-c01-16t-old attempt=1 waiting for the next LXD restart after NRestarts=46971
[guard] r00-c01-16t-old attempt=1 aligned after 51.126s at NRestarts=46972
[guard] r00-c01-16t-old attempt=1 same-restart quiet-window=1 rejected: a selected CPU was below 95% idle
[3] rust TPC-C threads=warehouses=16 repetition=0 pair_attempt=1
[guard] r00-c01-16t-old attempt=1 waiting for the next LXD restart after NRestarts=46974
[guard] r00-c01-16t-old attempt=1 aligned after 49.006s at NRestarts=46975
[4] cpp TPC-C threads=warehouses=16 repetition=0 pair_attempt=1
PROGRESS {"complete_blocks": 1, "cpp_new_over_old": {"max_percent": 98.37297492836818, "median_percent": 98.37297492836818, "min_percent": 98.37297492836818, "ratios": [0.9837297492836817]}, "median_throughput": {"new_cpp": 650147.1087171611, "new_rust": 803519.8281059139, "old_cpp": 660900.1193575532, "old_rust": 831100.7776550318}, "new_rust_over_cpp": {"max_percent": 123.590463963053, "median_percent": 123.590463963053, "min_percent": 123.590463963053, "ratios": [1.23590463963053]}, "normalized_rust_new_over_old_percent": [98.28044273415506], "old_rust_over_cpp": {"max_percent": 125.75285634127695, "median_percent": 125.75285634127695, "min_percent": 125.75285634127695, "ratios": [1.2575285634127695]}, "rust_new_over_old": {"max_percent": 96.6813952903596, "median_percent": 96.6813952903596, "min_percent": 96.6813952903596, "ratios": [0.9668139529035961]}, "threads": 16}
BLOCK 2026-09-09T08:52:40.067433+00:00 {'repetition': 0, 'threads': 1, 'variant': 'old', 'engines': ['cpp', 'rust'], 'pair_id': 'r00-c02-1t-old'}
[guard] r00-c02-1t-old attempt=1 waiting for the next LXD restart after NRestarts=46975
[guard] r00-c02-1t-old attempt=1 aligned after 25.306s at NRestarts=46976
[5] cpp TPC-C threads=warehouses=1 repetition=0 pair_attempt=1
[guard] r00-c02-1t-old attempt=1 waiting for the next LXD restart after NRestarts=46976
[guard] r00-c02-1t-old attempt=1 aligned after 44.553s at NRestarts=46977
[6] rust TPC-C threads=warehouses=1 repetition=0 pair_attempt=1
BLOCK 2026-09-09T08:54:30.016402+00:00 {'repetition': 0, 'threads': 1, 'variant': 'new', 'engines': ['rust', 'cpp'], 'pair_id': 'r00-c02-1t-new'}
[guard] r00-c02-1t-new attempt=1 waiting for the next LXD restart after NRestarts=46977
[guard] r00-c02-1t-new attempt=1 aligned after 43.237s at NRestarts=46978
[7] rust TPC-C threads=warehouses=1 repetition=0 pair_attempt=1
[guard] r00-c02-1t-new attempt=1 waiting for the next LXD restart after NRestarts=46978
[guard] r00-c02-1t-new attempt=1 aligned after 43.490s at NRestarts=46979
[8] cpp TPC-C threads=warehouses=1 repetition=0 pair_attempt=1
PROGRESS {"complete_blocks": 1, "cpp_new_over_old": {"max_percent": 98.31271440332799, "median_percent": 98.31271440332799, "min_percent": 98.31271440332799, "ratios": [0.9831271440332799]}, "median_throughput": {"new_cpp": 40685.05855873524, "new_rust": 57809.82847194234, "old_cpp": 41383.31324250163, "old_rust": 58121.335260912776}, "new_rust_over_cpp": {"max_percent": 142.09105386559742, "median_percent": 142.09105386559742, "min_percent": 142.09105386559742, "ratios": [1.4209105386559742]}, "normalized_rust_new_over_old_percent": [101.17108570682969], "old_rust_over_cpp": {"max_percent": 140.44630723578894, "median_percent": 140.44630723578894, "min_percent": 140.44630723578894, "ratios": [1.4044630723578895]}, "rust_new_over_old": {"max_percent": 99.46404054970166, "median_percent": 99.46404054970166, "min_percent": 99.46404054970166, "ratios": [0.9946404054970167]}, "threads": 1}
BLOCK 2026-09-09T08:56:36.872255+00:00 {'repetition': 1, 'threads': 1, 'variant': 'new', 'engines': ['cpp', 'rust'], 'pair_id': 'r01-c00-1t-new'}
[guard] r01-c00-1t-new attempt=1 waiting for the next LXD restart after NRestarts=46979
[guard] r01-c00-1t-new attempt=1 aligned after 44.528s at NRestarts=46980
[9] cpp TPC-C threads=warehouses=1 repetition=1 pair_attempt=1
[guard] r01-c00-1t-new attempt=1 waiting for the next LXD restart after NRestarts=46980
[guard] r01-c00-1t-new attempt=1 aligned after 44.555s at NRestarts=46981
[10] rust TPC-C threads=warehouses=1 repetition=1 pair_attempt=1
PROGRESS {"complete_blocks": 1, "cpp_new_over_old": {"max_percent": 98.31271440332799, "median_percent": 98.31271440332799, "min_percent": 98.31271440332799, "ratios": [0.9831271440332799]}, "median_throughput": {"new_cpp": 40685.05855873524, "new_rust": 57809.82847194234, "old_cpp": 41383.31324250163, "old_rust": 58121.335260912776}, "new_rust_over_cpp": {"max_percent": 142.09105386559742, "median_percent": 142.09105386559742, "min_percent": 142.09105386559742, "ratios": [1.4209105386559742]}, "normalized_rust_new_over_old_percent": [101.17108570682969], "old_rust_over_cpp": {"max_percent": 140.44630723578894, "median_percent": 140.44630723578894, "min_percent": 140.44630723578894, "ratios": [1.4044630723578895]}, "rust_new_over_old": {"max_percent": 99.46404054970166, "median_percent": 99.46404054970166, "min_percent": 99.46404054970166, "ratios": [0.9946404054970167]}, "threads": 1}
BLOCK 2026-09-09T08:58:46.079218+00:00 {'repetition': 1, 'threads': 1, 'variant': 'old', 'engines': ['rust', 'cpp'], 'pair_id': 'r01-c00-1t-old'}
[guard] r01-c00-1t-old attempt=1 waiting for the next LXD restart after NRestarts=46981
[guard] r01-c00-1t-old attempt=1 aligned after 43.247s at NRestarts=46982
[11] rust TPC-C threads=warehouses=1 repetition=1 pair_attempt=1
[guard] r01-c00-1t-old attempt=1 waiting for the next LXD restart after NRestarts=46982
[guard] r01-c00-1t-old attempt=1 aligned after 43.501s at NRestarts=46983
[12] cpp TPC-C threads=warehouses=1 repetition=1 pair_attempt=1
PROGRESS {"complete_blocks": 2, "cpp_new_over_old": {"max_percent": 99.45948629483664, "median_percent": 98.88610034908231, "min_percent": 98.31271440332799, "ratios": [0.9831271440332799, 0.9945948629483663]}, "median_throughput": {"new_cpp": 40638.59187779176, "new_rust": 57759.597888086486, "old_cpp": 41098.01840182417, "old_rust": 58161.89820696976}, "new_rust_over_cpp": {"max_percent": 142.16887394876133, "median_percent": 142.1299639071794, "min_percent": 142.09105386559742, "ratios": [1.4209105386559742, 1.4216887394876134]}, "normalized_rust_new_over_old_percent": [101.17108570682969, 99.6916425271918], "old_rust_over_cpp": {"max_percent": 142.60861828009652, "median_percent": 141.52746275794271, "min_percent": 140.44630723578894, "ratios": [1.4044630723578895, 1.4260861828009652]}, "rust_new_over_old": {"max_percent": 99.46404054970166, "median_percent": 99.30841804306576, "min_percent": 99.15279553642986, "ratios": [0.9946404054970167, 0.9915279553642986]}, "threads": 1}
BLOCK 2026-09-09T09:00:52.860722+00:00 {'repetition': 1, 'threads': 16, 'variant': 'old', 'engines': ['cpp', 'rust'], 'pair_id': 'r01-c02-16t-old'}
[guard] r01-c02-16t-old attempt=1 waiting for the next LXD restart after NRestarts=46983
[guard] r01-c02-16t-old attempt=1 aligned after 44.541s at NRestarts=46984
[guard] r01-c02-16t-old attempt=1 same-restart quiet-window=1 rejected: a selected CPU was below 95% idle
[13] cpp TPC-C threads=warehouses=16 repetition=1 pair_attempt=1
[guard] r01-c02-16t-old attempt=1 waiting for the next LXD restart after NRestarts=46984
[guard] r01-c02-16t-old attempt=1 aligned after 22.959s at NRestarts=46985
[14] rust TPC-C threads=warehouses=16 repetition=1 pair_attempt=1
PROGRESS {"complete_blocks": 1, "cpp_new_over_old": {"max_percent": 98.37297492836818, "median_percent": 98.37297492836818, "min_percent": 98.37297492836818, "ratios": [0.9837297492836817]}, "median_throughput": {"new_cpp": 650147.1087171611, "new_rust": 803519.8281059139, "old_cpp": 660900.1193575532, "old_rust": 831100.7776550318}, "new_rust_over_cpp": {"max_percent": 123.590463963053, "median_percent": 123.590463963053, "min_percent": 123.590463963053, "ratios": [1.23590463963053]}, "normalized_rust_new_over_old_percent": [98.28044273415506], "old_rust_over_cpp": {"max_percent": 125.75285634127695, "median_percent": 125.75285634127695, "min_percent": 125.75285634127695, "ratios": [1.2575285634127695]}, "rust_new_over_old": {"max_percent": 96.6813952903596, "median_percent": 96.6813952903596, "min_percent": 96.6813952903596, "ratios": [0.9668139529035961]}, "threads": 16}
BLOCK 2026-09-09T09:05:03.771487+00:00 {'repetition': 1, 'threads': 16, 'variant': 'new', 'engines': ['rust', 'cpp'], 'pair_id': 'r01-c02-16t-new'}
[guard] r01-c02-16t-new attempt=1 waiting for the next LXD restart after NRestarts=46987
[guard] r01-c02-16t-new attempt=1 aligned after 49.554s at NRestarts=46988
[guard] r01-c02-16t-new attempt=1 same-restart quiet-window=1 rejected: a selected CPU was below 95% idle
[15] rust TPC-C threads=warehouses=16 repetition=1 pair_attempt=1
[guard] r01-c02-16t-new attempt=1 waiting for the next LXD restart after NRestarts=46990
[guard] r01-c02-16t-new attempt=1 aligned after 48.501s at NRestarts=46991
[guard] r01-c02-16t-new attempt=1 same-restart quiet-window=1 rejected: a selected CPU was below 95% idle
[16] cpp TPC-C threads=warehouses=16 repetition=1 pair_attempt=1
PROGRESS {"complete_blocks": 2, "cpp_new_over_old": {"max_percent": 99.34590828023501, "median_percent": 98.8594416043016, "min_percent": 98.37297492836818, "ratios": [0.9837297492836817, 0.9934590828023501]}, "median_throughput": {"new_cpp": 651682.745454438, "new_rust": 821997.2715729063, "old_cpp": 659209.639967235, "old_rust": 836704.529043607}, "new_rust_over_cpp": {"max_percent": 128.66672738447605, "median_percent": 126.12859567376451, "min_percent": 123.590463963053, "ratios": [1.23590463963053, 1.2866672738447604]}, "normalized_rust_new_over_old_percent": [98.28044273415506, 100.43928161386663], "old_rust_over_cpp": {"max_percent": 128.10399010929638, "median_percent": 126.92842322528665, "min_percent": 125.75285634127695, "ratios": [1.2575285634127695, 1.2810399010929636]}, "rust_new_over_old": {"max_percent": 99.78231658943888, "median_percent": 98.23185593989925, "min_percent": 96.6813952903596, "ratios": [0.9668139529035961, 0.9978231658943888]}, "threads": 16}
BLOCK 2026-09-09T09:09:46.408580+00:00 {'repetition': 2, 'threads': 1, 'variant': 'old', 'engines': ['cpp', 'rust'], 'pair_id': 'r02-c00-1t-old'}
[guard] r02-c00-1t-old attempt=1 waiting for the next LXD restart after NRestarts=46991
[guard] r02-c00-1t-old attempt=1 aligned after 22.928s at NRestarts=46992
[17] cpp TPC-C threads=warehouses=1 repetition=2 pair_attempt=1
[guard] r02-c00-1t-old attempt=1 waiting for the next LXD restart after NRestarts=46992
[guard] r02-c00-1t-old attempt=1 aligned after 44.560s at NRestarts=46993
[18] rust TPC-C threads=warehouses=1 repetition=2 pair_attempt=1
PROGRESS {"complete_blocks": 2, "cpp_new_over_old": {"max_percent": 99.45948629483664, "median_percent": 98.88610034908231, "min_percent": 98.31271440332799, "ratios": [0.9831271440332799, 0.9945948629483663]}, "median_throughput": {"new_cpp": 40638.59187779176, "new_rust": 57759.597888086486, "old_cpp": 41098.01840182417, "old_rust": 58161.89820696976}, "new_rust_over_cpp": {"max_percent": 142.16887394876133, "median_percent": 142.1299639071794, "min_percent": 142.09105386559742, "ratios": [1.4209105386559742, 1.4216887394876134]}, "normalized_rust_new_over_old_percent": [101.17108570682969, 99.6916425271918], "old_rust_over_cpp": {"max_percent": 142.60861828009652, "median_percent": 141.52746275794271, "min_percent": 140.44630723578894, "ratios": [1.4044630723578895, 1.4260861828009652]}, "rust_new_over_old": {"max_percent": 99.46404054970166, "median_percent": 99.30841804306576, "min_percent": 99.15279553642986, "ratios": [0.9946404054970167, 0.9915279553642986]}, "threads": 1}
BLOCK 2026-09-09T09:11:33.971409+00:00 {'repetition': 2, 'threads': 1, 'variant': 'new', 'engines': ['rust', 'cpp'], 'pair_id': 'r02-c00-1t-new'}
[guard] r02-c00-1t-new attempt=1 waiting for the next LXD restart after NRestarts=46993
[guard] r02-c00-1t-new attempt=1 aligned after 43.240s at NRestarts=46994
[19] rust TPC-C threads=warehouses=1 repetition=2 pair_attempt=1
[guard] r02-c00-1t-new attempt=1 waiting for the next LXD restart after NRestarts=46994
[guard] r02-c00-1t-new attempt=1 aligned after 43.515s at NRestarts=46995
[20] cpp TPC-C threads=warehouses=1 repetition=2 pair_attempt=1
PROGRESS {"complete_blocks": 3, "cpp_new_over_old": {"approx_log_t_95_percent_interval": [97.4785928953592, 100.62095367482688], "geometric_mean_percent": 99.03731104998381, "max_percent": 99.45948629483664, "median_percent": 99.34376660884449, "min_percent": 98.31271440332799, "ratios": [0.9831271440332799, 0.9945948629483663, 0.9934376660884449]}, "median_throughput": {"new_cpp": 40592.12519684828, "new_rust": 57809.82847194234, "old_cpp": 40812.72356114672, "old_rust": 58122.06058976747}, "new_rust_over_cpp": {"approx_log_t_95_percent_interval": [141.2828983039389, 143.4980237465323], "geometric_mean_percent": 142.38615345530457, "max_percent": 142.89992944032593, "median_percent": 142.16887394876133, "min_percent": 142.09105386559742, "ratios": [1.4209105386559742, 1.4216887394876134, 1.4289992944032592]}, "normalized_rust_new_over_old_percent": [101.17108570682969, 99.6916425271918, 100.2873988781917], "old_rust_over_cpp": {"approx_log_t_95_percent_interval": [138.849618049659, 144.90492279344355], "geometric_mean_percent": 141.8449617835789, "max_percent": 142.60861828009652, "median_percent": 142.4904135901372, "min_percent": 140.44630723578894, "ratios": [1.4044630723578895, 1.4260861828009652, 1.4249041359013719]}, "rust_new_over_old": {"approx_log_t_95_percent_interval": [98.81576183980161, 100.01822517909058], "geometric_mean_percent": 99.415175496182, "max_percent": 99.62927947963168, "median_percent": 99.46404054970166, "min_percent": 99.15279553642986, "ratios": [0.9946404054970167, 0.9915279553642986, 0.9962927947963167]}, "threads": 1}
BLOCK 2026-09-09T09:13:40.803763+00:00 {'repetition': 2, 'threads': 16, 'variant': 'new', 'engines': ['cpp', 'rust'], 'pair_id': 'r02-c01-16t-new'}
[guard] r02-c01-16t-new attempt=1 waiting for the next LXD restart after NRestarts=46995
[guard] r02-c01-16t-new attempt=1 aligned after 44.550s at NRestarts=46996
[21] cpp TPC-C threads=warehouses=16 repetition=2 pair_attempt=1
[guard] r02-c01-16t-new attempt=1 waiting for the next LXD restart after NRestarts=46996
[guard] r02-c01-16t-new attempt=1 aligned after 25.568s at NRestarts=46997
[guard] r02-c01-16t-new attempt=1 same-restart quiet-window=1 rejected: a selected CPU was below 95% idle
[22] rust TPC-C threads=warehouses=16 repetition=2 pair_attempt=1
PROGRESS {"complete_blocks": 2, "cpp_new_over_old": {"max_percent": 99.34590828023501, "median_percent": 98.8594416043016, "min_percent": 98.37297492836818, "ratios": [0.9837297492836817, 0.9934590828023501]}, "median_throughput": {"new_cpp": 651682.745454438, "new_rust": 821997.2715729063, "old_cpp": 659209.639967235, "old_rust": 836704.529043607}, "new_rust_over_cpp": {"max_percent": 128.66672738447605, "median_percent": 126.12859567376451, "min_percent": 123.590463963053, "ratios": [1.23590463963053, 1.2866672738447604]}, "normalized_rust_new_over_old_percent": [98.28044273415506, 100.43928161386663], "old_rust_over_cpp": {"max_percent": 128.10399010929638, "median_percent": 126.92842322528665, "min_percent": 125.75285634127695, "ratios": [1.2575285634127695, 1.2810399010929636]}, "rust_new_over_old": {"max_percent": 99.78231658943888, "median_percent": 98.23185593989925, "min_percent": 96.6813952903596, "ratios": [0.9668139529035961, 0.9978231658943888]}, "threads": 16}
BLOCK 2026-09-09T09:17:54.214527+00:00 {'repetition': 2, 'threads': 16, 'variant': 'old', 'engines': ['rust', 'cpp'], 'pair_id': 'r02-c01-16t-old'}
[guard] r02-c01-16t-old attempt=1 waiting for the next LXD restart after NRestarts=46999
[guard] r02-c01-16t-old attempt=1 aligned after 47.174s at NRestarts=47000
[23] rust TPC-C threads=warehouses=16 repetition=2 pair_attempt=1
[guard] r02-c01-16t-old attempt=1 waiting for the next LXD restart after NRestarts=47002
[guard] r02-c01-16t-old attempt=1 aligned after 49.536s at NRestarts=47003
[24] cpp TPC-C threads=warehouses=16 repetition=2 pair_attempt=1
PROGRESS {"complete_blocks": 3, "cpp_new_over_old": {"approx_log_t_95_percent_interval": [97.68176015621624, 100.11660529199018], "geometric_mean_percent": 98.8916893666336, "max_percent": 99.34590828023501, "median_percent": 98.95861265451784, "min_percent": 98.37297492836818, "ratios": [0.9837297492836817, 0.9934590828023501, 0.9895861265451783]}, "median_throughput": {"new_cpp": 653218.382191715, "new_rust": 838432.8181739568, "old_cpp": 660802.6734981873, "old_rust": 842308.2804321821}, "new_rust_over_cpp": {"approx_log_t_95_percent_interval": [119.97127652609998, 134.02488758079147], "geometric_mean_percent": 126.80353642282456, "max_percent": 128.66672738447605, "median_percent": 128.2161936216543, "min_percent": 123.590463963053, "ratios": [1.23590463963053, 1.2866672738447604, 1.282161936216543]}, "normalized_rust_new_over_old_percent": [98.28044273415506, 100.43928161386663, 100.04795768628142], "old_rust_over_cpp": {"approx_log_t_95_percent_interval": [123.95815447109567, 130.7981726746979], "geometric_mean_percent": 127.33224294320446, "max_percent": 128.15473357657086, "median_percent": 128.10399010929638, "min_percent": 125.75285634127695, "ratios": [1.2575285634127695, 1.2810399010929636, 1.2815473357657086]}, "rust_new_over_old": {"approx_log_t_95_percent_interval": [94.53953220397524, 102.5869448168514], "geometric_mean_percent": 98.48107317256526, "max_percent": 99.78231658943888, "median_percent": 99.00607091552313, "min_percent": 96.6813952903596, "ratios": [0.9668139529035961, 0.9978231658943888, 0.9900607091552313]}, "threads": 16}
BLOCK 2026-09-09T09:22:32.121089+00:00 {'repetition': 0, 'threads': 4, 'variant': 'new', 'engines': ['rust', 'cpp'], 'pair_id': 'r00-c00-4t-new'}
[guard] r00-c00-4t-new attempt=1 waiting for the next LXD restart after NRestarts=47003
[guard] r00-c00-4t-new attempt=1 aligned after 25.305s at NRestarts=47004
[25] rust TPC-C threads=warehouses=4 repetition=0 pair_attempt=1
[guard] r00-c00-4t-new attempt=1 waiting for the next LXD restart after NRestarts=47004
[guard] r00-c00-4t-new attempt=1 aligned after 32.936s at NRestarts=47005
[26] cpp TPC-C threads=warehouses=4 repetition=0 pair_attempt=1
BLOCK 2026-09-09T09:24:25.462914+00:00 {'repetition': 0, 'threads': 8, 'variant': 'new', 'engines': ['cpp', 'rust'], 'pair_id': 'r00-c03-8t-new'}
[guard] r00-c03-8t-new attempt=1 waiting for the next LXD restart after NRestarts=47005
[guard] r00-c03-8t-new attempt=1 aligned after 39.805s at NRestarts=47006
[27] cpp TPC-C threads=warehouses=8 repetition=0 pair_attempt=1
[guard] r00-c03-8t-new attempt=1 waiting for the next LXD restart after NRestarts=47006
[guard] r00-c03-8t-new attempt=1 aligned after 36.374s at NRestarts=47007
[28] rust TPC-C threads=warehouses=8 repetition=0 pair_attempt=1
BLOCK 2026-09-09T09:27:03.152454+00:00 {'repetition': 0, 'threads': 2, 'variant': 'new', 'engines': ['rust', 'cpp'], 'pair_id': 'r00-c04-2t-new'}
[guard] r00-c04-2t-new attempt=1 waiting for the next LXD restart after NRestarts=47007
[guard] r00-c04-2t-new attempt=1 aligned after 10.286s at NRestarts=47008
[29] rust TPC-C threads=warehouses=2 repetition=0 pair_attempt=1
[guard] r00-c04-2t-new attempt=1 waiting for the next LXD restart after NRestarts=47008
[guard] r00-c04-2t-new attempt=1 aligned after 41.121s at NRestarts=47009
[30] cpp TPC-C threads=warehouses=2 repetition=0 pair_attempt=1
COMPLETE /var/tmp/sto-capacity-20260909.kKklOX/performance-final-atomic-4g
