20260909-06:38.23-520477(us) 2331530 * ParseNewFormat  (configuration.cc:102): Using new configuration format
20260909-06:38.23-520673(us) 2331530 * ParseNewFormat  (configuration.cc:162): Loaded 1 sites in 1 shards
20260909-06:38.23-520704(us) 2331530 * handle_new_config_format (dbtest.cc:368):    Site local_s0: shard=0, replica_idx=0, is_leader=1, cluster=localhost
STO_TPCC_NATIVE_ALLOCATOR configured_bytes=4294967296 scope=native_only rust_heap_excluded=1
SiloRuntime[0]::InitializeAllocator()
  hugepgsize: 2097152
  mmap() region [0x7ce7dd800000, 0x7ce8dda00000)
  runtime0 cpu0 owns [0x7ce7dd800000, 0x7ce8dd800000)
Database Benchmark:
  pid: 2331530
settings:
  num-cpus    : 128
  num-threads : 1
  shardIndex  : 0
  paxos_proc_name  : localhost
  nshards     : 1
  is_micro    : 0
  is_replicated : 0
  storage_engine : rust
  var-encode  : yes
  allocator   : jemalloc
system properties:
  tuple_prefetch          : no
  btree_node_prefetch     : yes
tpcc settings:
  cross_partition_transactions : 1
  read_only_snapshots          : 1
  partition_locks              : 0
  separate_tree_per_partition  : 1
  new_order_remote_item_pct    : 1
  new_order_fast_id_gen        : 1
  uniform_item_dist            : 0
  order_status_scan_hack       : 0
  workload_mix                 : [45, 43, 4, 4, 4]
TPC-C Sharding: Initialized policy with 1 warehouses across 1 shards (version 1788935903)
20260909-06:38.23-524811(us) 2331530 * ParseNewFormat  (configuration.cc:102): Using new configuration format
20260909-06:38.23-524875(us) 2331530 * ParseNewFormat  (configuration.cc:162): Loaded 1 sites in 1 shards
20260909-06:38.23-525176(us) 2331530 * Initialize      (srpc_rpc_backend.cc:66): SrpcRpcBackend::Initialize: poll_thread_worker_ created, is_some=1
D [<unknown>:0] 2026-09-09 06:38:23.525 | Server: generated instance_id=7975229118665350998
20260909-06:38.23-525313(us) 2331530 * Initialize      (srpc_rpc_backend.cc:97): SrpcRpcBackend initialized on 127.0.0.1:31007 (listening on 0.0.0.0:31007)
20260909-06:38.23-525334(us) 2331530 * FastTransport   (fasttransport.cc:147): FastTransport initialized with srpc/rpc backend on 127.0.0.1:31007
20260909-06:38.23-525353(us) 2331530 * RunEventLoop    (srpc_rpc_backend.cc:516): SrpcRpcBackend::RunEventLoop: Starting event loop
D [<unknown>:0] 2026-09-09 06:38:23.525 | [poll_loop] Starting poll loop
20260909-06:38.23-525895(us) 2331530 * ParseNewFormat  (configuration.cc:102): Using new configuration format
20260909-06:38.23-525950(us) 2331530 * ParseNewFormat  (configuration.cc:162): Loaded 1 sites in 1 shards
20260909-06:38.23-526180(us) 2331530 * Initialize      (srpc_rpc_backend.cc:66): SrpcRpcBackend::Initialize: poll_thread_worker_ created, is_some=1
D [<unknown>:0] 2026-09-09 06:38:23.526 | Server: generated instance_id=705992536795381929
20260909-06:38.23-526260(us) 2331530 * Initialize      (srpc_rpc_backend.cc:97): SrpcRpcBackend initialized on 127.0.0.1:31006 (listening on 0.0.0.0:31006)
20260909-06:38.23-526280(us) 2331530 * FastTransport   (fasttransport.cc:147): FastTransport initialized with srpc/rpc backend on 127.0.0.1:31006
20260909-06:38.23-526298(us) 2331530 * RunEventLoop    (srpc_rpc_backend.cc:516): SrpcRpcBackend::RunEventLoop: Starting event loop
20260909-06:38.23-528751(us) 2331530 ! run             (bench.cc:537):     # of loaders size:6
start worker:5162
D [<unknown>:0] 2026-09-09 06:38:23.528 | [poll_loop] Starting poll loop
D [<unknown>:0] 2026-09-09 06:38:23.529 | create a fiber scheduler
20260909-06:38.23-529735(us) 2331530 * benchmark_thread_init (mbta_wrapper.hh:1811): thread_init: thread_id=0, shard_index=0, getShardIndex=0, loader=1
D [<unknown>:0] 2026-09-09 06:38:23.530 | create a fiber scheduler
[INFO] finished loading warehouse
[INFO]   * average warehouse record length: 97 bytes
20260909-06:38.23-531367(us) 2331530 * benchmark_thread_init (mbta_wrapper.hh:1811): thread_init: thread_id=1, shard_index=0, getShardIndex=0, loader=1
[INFO] finished loading item
[INFO]   * average item record length: 84.1739 bytes
20260909-06:38.23-858363(us) 2331530 * benchmark_thread_init (mbta_wrapper.hh:1811): thread_init: thread_id=2, shard_index=0, getShardIndex=0, loader=1
PinToWarehouseId(): coreid=3 pinned to whse=1 (partid=0)
[INFO] finished loading stock
[INFO]   * average stock record length: 8 bytes
20260909-06:38.25-684913(us) 2331530 * benchmark_thread_init (mbta_wrapper.hh:1811): thread_init: thread_id=3, shard_index=0, getShardIndex=0, loader=1
PinToWarehouseId(): coreid=4 pinned to whse=1 (partid=0)
[INFO] finished loading district
[INFO]   * average district record length: 99 bytes
20260909-06:38.25-686369(us) 2331530 * benchmark_thread_init (mbta_wrapper.hh:1811): thread_init: thread_id=4, shard_index=0, getShardIndex=0, loader=1
num batches: 30
PinToWarehouseId(): coreid=5 pinned to whse=1 (partid=0)
[INFO] finished loading customer
[INFO]   * average customer record length: 153.725 bytes 
20260909-06:38.26-246450(us) 2331530 * benchmark_thread_init (mbta_wrapper.hh:1811): thread_init: thread_id=5, shard_index=0, getShardIndex=0, loader=1
PinToWarehouseId(): coreid=6 pinned to whse=1 (partid=0)
[INFO] finished loading order
[INFO]   * average order_line record length: 10.9193 bytes
[INFO]   * average oorder record length: 7.4286 bytes
[INFO]   * average new_order record length: 12 bytes
timed region dataloading took 3052.84 ms
DB size: 193.121 MB
[0, 0, 0] txns persisted in loading phase
20260909-06:38.26-581677(us) 2331530 ! run             (bench.cc:607):     # of nthreads:1
starting benchmark...
--------------Finish loading data and wait for others completing load phase ------------
STO_TPCC_CAPACITY phase=load_complete scope=database allocated_registry_bytes=69854848 max_registry_bytes=8589934592 registry_headroom_bytes=8520079744
STO_TPCC_CAPACITY phase=load_complete table=customer_0 retained_records=90000 consumed_record_ids=90000 retained_key_bytes=1080000 allocated_registry_bytes=17856776 max_retained_records=18446744073709551615 max_consumed_record_ids=18446744073709551615 max_retained_key_bytes=18446744073709551615
STO_TPCC_CAPACITY phase=load_complete table=customer_name_idx_0 retained_records=30000 consumed_record_ids=30000 retained_key_bytes=1200000 allocated_registry_bytes=2156376 max_retained_records=18446744073709551615 max_consumed_record_ids=18446744073709551615 max_retained_key_bytes=18446744073709551615
STO_TPCC_CAPACITY phase=load_complete table=district_0 retained_records=10 consumed_record_ids=10 retained_key_bytes=80 allocated_registry_bytes=205424 max_retained_records=18446744073709551615 max_consumed_record_ids=18446744073709551615 max_retained_key_bytes=18446744073709551615
STO_TPCC_CAPACITY phase=load_complete table=history_0 retained_records=30000 consumed_record_ids=30000 retained_key_bytes=720000 allocated_registry_bytes=2156376 max_retained_records=18446744073709551615 max_consumed_record_ids=18446744073709551615 max_retained_key_bytes=18446744073709551615
STO_TPCC_CAPACITY phase=load_complete table=new_order_0 retained_records=9000 consumed_record_ids=9000 retained_key_bytes=108000 allocated_registry_bytes=649024 max_retained_records=18446744073709551615 max_consumed_record_ids=18446744073709551615 max_retained_key_bytes=18446744073709551615
STO_TPCC_CAPACITY phase=load_complete table=oorder_0 retained_records=30000 consumed_record_ids=30000 retained_key_bytes=360000 allocated_registry_bytes=2156376 max_retained_records=18446744073709551615 max_consumed_record_ids=18446744073709551615 max_retained_key_bytes=18446744073709551615
STO_TPCC_CAPACITY phase=load_complete table=oorder_c_id_idx_0 retained_records=30000 consumed_record_ids=30000 retained_key_bytes=480000 allocated_registry_bytes=2156376 max_retained_records=18446744073709551615 max_consumed_record_ids=18446744073709551615 max_retained_key_bytes=18446744073709551615
STO_TPCC_CAPACITY phase=load_complete table=order_line_0 retained_records=299560 consumed_record_ids=299560 retained_key_bytes=4792960 allocated_registry_bytes=21049824 max_retained_records=18446744073709551615 max_consumed_record_ids=18446744073709551615 max_retained_key_bytes=18446744073709551615
STO_TPCC_CAPACITY phase=load_complete table=stock_0 retained_records=100000 consumed_record_ids=100999 retained_key_bytes=800000 allocated_registry_bytes=7111536 max_retained_records=18446744073709551615 max_consumed_record_ids=18446744073709551615 max_retained_key_bytes=18446744073709551615
STO_TPCC_CAPACITY phase=load_complete table=stock_data_0 retained_records=100000 consumed_record_ids=100999 retained_key_bytes=800000 allocated_registry_bytes=7111536 max_retained_records=18446744073709551615 max_consumed_record_ids=18446744073709551615 max_retained_key_bytes=18446744073709551615
STO_TPCC_CAPACITY phase=load_complete table=warehouse_0 retained_records=1 consumed_record_ids=1 retained_key_bytes=4 allocated_registry_bytes=205424 max_retained_records=18446744073709551615 max_consumed_record_ids=18446744073709551615 max_retained_key_bytes=18446744073709551615
STO_TPCC_CAPACITY phase=load_complete table=item retained_records=100000 consumed_record_ids=100000 retained_key_bytes=400000 allocated_registry_bytes=7039800 max_retained_records=18446744073709551615 max_consumed_record_ids=18446744073709551615 max_retained_key_bytes=18446744073709551615
tpcc: worker id 128 => warehouses [1, 2)
No JEMALLOC_NO_RENAME
20260909-06:38.26-589445(us) 2331530 * benchmark_thread_init (mbta_wrapper.hh:1811): thread_init: thread_id=6, shard_index=0, getShardIndex=0, loader=0
20260909-06:38.26-590549(us) 2331530 * ParseNewFormat  (configuration.cc:102): Using new configuration format
20260909-06:38.26-590599(us) 2331530 * ParseNewFormat  (configuration.cc:162): Loaded 1 sites in 1 shards
20260909-06:38.26-591488(us) 2331530 * ParseNewFormat  (configuration.cc:102): Using new configuration format
20260909-06:38.26-591527(us) 2331530 * ParseNewFormat  (configuration.cc:162): Loaded 1 sites in 1 shards
20260909-06:38.26-591762(us) 2331530 * Initialize      (srpc_rpc_backend.cc:66): SrpcRpcBackend::Initialize: poll_thread_worker_ created, is_some=1
D [<unknown>:0] 2026-09-09 06:38:26.591 | Server: generated instance_id=2980203336780980273
20260909-06:38.26-591854(us) 2331530 * Initialize      (srpc_rpc_backend.cc:97): SrpcRpcBackend initialized on 127.0.0.1:31000 (listening on 0.0.0.0:31000)
20260909-06:38.26-591878(us) 2331530 * FastTransport   (fasttransport.cc:147): FastTransport initialized with srpc/rpc backend on 127.0.0.1:31000
D [<unknown>:0] 2026-09-09 06:38:26.591 | [poll_loop] Starting poll loop
D [<unknown>:0] 2026-09-09 06:38:26.593 | create a fiber scheduler
20260909-06:38.26-593403(us) 2331530 * ParseNewFormat  (configuration.cc:102): Using new configuration format
20260909-06:38.26-593460(us) 2331530 * ParseNewFormat  (configuration.cc:162): Loaded 1 sites in 1 shards
20260909-06:38.26-594470(us) 2331530 ! run             (bench.cc:685):     TPCC_BENCH_MEASURE_START
20260909-06:38.26-594497(us) 2331530 ! run             (bench.cc:693):     start the running time, runTime:120
20260909-06:38.26-594515(us) 2331530 ! run             (bench.cc:705):     runtime time left:120000 ms, bool:1
20260909-06:38.27-600286(us) 2331530 ! run             (bench.cc:705):     runtime time left:119000 ms, bool:1
20260909-06:38.28-605488(us) 2331530 ! run             (bench.cc:705):     runtime time left:118000 ms, bool:1
20260909-06:38.29-610621(us) 2331530 ! run             (bench.cc:705):     runtime time left:117000 ms, bool:1
20260909-06:38.30-616238(us) 2331530 ! run             (bench.cc:705):     runtime time left:116000 ms, bool:1
20260909-06:38.31-622112(us) 2331530 ! run             (bench.cc:705):     runtime time left:115000 ms, bool:1
20260909-06:38.32-627426(us) 2331530 ! run             (bench.cc:705):     runtime time left:114000 ms, bool:1
20260909-06:38.33-634144(us) 2331530 ! run             (bench.cc:705):     runtime time left:113000 ms, bool:1
20260909-06:38.34-641899(us) 2331530 ! run             (bench.cc:705):     runtime time left:112000 ms, bool:1
20260909-06:38.35-647305(us) 2331530 ! run             (bench.cc:705):     runtime time left:111000 ms, bool:1
20260909-06:38.36-654335(us) 2331530 ! run             (bench.cc:705):     runtime time left:110000 ms, bool:1
20260909-06:38.37-659748(us) 2331530 ! run             (bench.cc:705):     runtime time left:109000 ms, bool:1
20260909-06:38.38-665577(us) 2331530 ! run             (bench.cc:705):     runtime time left:108000 ms, bool:1
20260909-06:38.39-672379(us) 2331530 ! run             (bench.cc:705):     runtime time left:107000 ms, bool:1
20260909-06:38.40-682047(us) 2331530 ! run             (bench.cc:705):     runtime time left:106000 ms, bool:1
20260909-06:38.41-688710(us) 2331530 ! run             (bench.cc:705):     runtime time left:105000 ms, bool:1
20260909-06:38.42-695287(us) 2331530 ! run             (bench.cc:705):     runtime time left:104000 ms, bool:1
20260909-06:38.43-701036(us) 2331530 ! run             (bench.cc:705):     runtime time left:103000 ms, bool:1
20260909-06:38.44-706526(us) 2331530 ! run             (bench.cc:705):     runtime time left:102000 ms, bool:1
20260909-06:38.45-712166(us) 2331530 ! run             (bench.cc:705):     runtime time left:101000 ms, bool:1
20260909-06:38.46-718419(us) 2331530 ! run             (bench.cc:705):     runtime time left:100000 ms, bool:1
20260909-06:38.47-723962(us) 2331530 ! run             (bench.cc:705):     runtime time left:99000 ms, bool:1
20260909-06:38.48-731327(us) 2331530 ! run             (bench.cc:705):     runtime time left:98000 ms, bool:1
20260909-06:38.49-736682(us) 2331530 ! run             (bench.cc:705):     runtime time left:97000 ms, bool:1
20260909-06:38.50-742461(us) 2331530 ! run             (bench.cc:705):     runtime time left:96000 ms, bool:1
20260909-06:38.51-749113(us) 2331530 ! run             (bench.cc:705):     runtime time left:95000 ms, bool:1
20260909-06:38.52-754915(us) 2331530 ! run             (bench.cc:705):     runtime time left:94000 ms, bool:1
20260909-06:38.53-764255(us) 2331530 ! run             (bench.cc:705):     runtime time left:93000 ms, bool:1
20260909-06:38.54-769715(us) 2331530 ! run             (bench.cc:705):     runtime time left:92000 ms, bool:1
20260909-06:38.55-776628(us) 2331530 ! run             (bench.cc:705):     runtime time left:91000 ms, bool:1
20260909-06:38.56-781747(us) 2331530 ! run             (bench.cc:705):     runtime time left:90000 ms, bool:1
20260909-06:38.57-787562(us) 2331530 ! run             (bench.cc:705):     runtime time left:89000 ms, bool:1
20260909-06:38.58-793237(us) 2331530 ! run             (bench.cc:705):     runtime time left:88000 ms, bool:1
20260909-06:38.59-799006(us) 2331530 ! run             (bench.cc:705):     runtime time left:87000 ms, bool:1
20260909-06:39.00-804591(us) 2331530 ! run             (bench.cc:705):     runtime time left:86000 ms, bool:1
20260909-06:39.01-813125(us) 2331530 ! run             (bench.cc:705):     runtime time left:85000 ms, bool:1
20260909-06:39.02-821475(us) 2331530 ! run             (bench.cc:705):     runtime time left:84000 ms, bool:1
20260909-06:39.03-827092(us) 2331530 ! run             (bench.cc:705):     runtime time left:83000 ms, bool:1
20260909-06:39.04-832769(us) 2331530 ! run             (bench.cc:705):     runtime time left:82000 ms, bool:1
20260909-06:39.05-840208(us) 2331530 ! run             (bench.cc:705):     runtime time left:81000 ms, bool:1
20260909-06:39.06-846848(us) 2331530 ! run             (bench.cc:705):     runtime time left:80000 ms, bool:1
20260909-06:39.07-852474(us) 2331530 ! run             (bench.cc:705):     runtime time left:79000 ms, bool:1
20260909-06:39.08-858660(us) 2331530 ! run             (bench.cc:705):     runtime time left:78000 ms, bool:1
20260909-06:39.09-864121(us) 2331530 ! run             (bench.cc:705):     runtime time left:77000 ms, bool:1
20260909-06:39.10-870399(us) 2331530 ! run             (bench.cc:705):     runtime time left:76000 ms, bool:1
20260909-06:39.11-876608(us) 2331530 ! run             (bench.cc:705):     runtime time left:75000 ms, bool:1
20260909-06:39.12-883657(us) 2331530 ! run             (bench.cc:705):     runtime time left:74000 ms, bool:1
20260909-06:39.13-889756(us) 2331530 ! run             (bench.cc:705):     runtime time left:73000 ms, bool:1
20260909-06:39.14-897786(us) 2331530 ! run             (bench.cc:705):     runtime time left:72000 ms, bool:1
20260909-06:39.15-903109(us) 2331530 ! run             (bench.cc:705):     runtime time left:71000 ms, bool:1
20260909-06:39.16-908690(us) 2331530 ! run             (bench.cc:705):     runtime time left:70000 ms, bool:1
20260909-06:39.17-914314(us) 2331530 ! run             (bench.cc:705):     runtime time left:69000 ms, bool:1
20260909-06:39.18-919670(us) 2331530 ! run             (bench.cc:705):     runtime time left:68000 ms, bool:1
20260909-06:39.19-925400(us) 2331530 ! run             (bench.cc:705):     runtime time left:67000 ms, bool:1
20260909-06:39.20-932081(us) 2331530 ! run             (bench.cc:705):     runtime time left:66000 ms, bool:1
20260909-06:39.21-937682(us) 2331530 ! run             (bench.cc:705):     runtime time left:65000 ms, bool:1
20260909-06:39.22-943627(us) 2331530 ! run             (bench.cc:705):     runtime time left:64000 ms, bool:1
20260909-06:39.23-949736(us) 2331530 ! run             (bench.cc:705):     runtime time left:63000 ms, bool:1
20260909-06:39.24-955234(us) 2331530 ! run             (bench.cc:705):     runtime time left:62000 ms, bool:1
20260909-06:39.25-961851(us) 2331530 ! run             (bench.cc:705):     runtime time left:61000 ms, bool:1
20260909-06:39.26-969448(us) 2331530 ! run             (bench.cc:705):     runtime time left:60000 ms, bool:1
20260909-06:39.27-974972(us) 2331530 ! run             (bench.cc:705):     runtime time left:59000 ms, bool:1
20260909-06:39.28-980456(us) 2331530 ! run             (bench.cc:705):     runtime time left:58000 ms, bool:1
20260909-06:39.29-989329(us) 2331530 ! run             (bench.cc:705):     runtime time left:57000 ms, bool:1
20260909-06:39.30-994914(us) 2331530 ! run             (bench.cc:705):     runtime time left:56000 ms, bool:1
20260909-06:39.32-1339(us) 2331530 ! run             (bench.cc:705):     runtime time left:55000 ms, bool:1
20260909-06:39.33-6846(us) 2331530 ! run             (bench.cc:705):     runtime time left:54000 ms, bool:1
20260909-06:39.34-13003(us) 2331530 ! run             (bench.cc:705):     runtime time left:53000 ms, bool:1
20260909-06:39.35-20870(us) 2331530 ! run             (bench.cc:705):     runtime time left:52000 ms, bool:1
20260909-06:39.36-27901(us) 2331530 ! run             (bench.cc:705):     runtime time left:51000 ms, bool:1
20260909-06:39.37-33667(us) 2331530 ! run             (bench.cc:705):     runtime time left:50000 ms, bool:1
20260909-06:39.38-40110(us) 2331530 ! run             (bench.cc:705):     runtime time left:49000 ms, bool:1
20260909-06:39.39-45699(us) 2331530 ! run             (bench.cc:705):     runtime time left:48000 ms, bool:1
20260909-06:39.40-51904(us) 2331530 ! run             (bench.cc:705):     runtime time left:47000 ms, bool:1
20260909-06:39.41-58841(us) 2331530 ! run             (bench.cc:705):     runtime time left:46000 ms, bool:1
20260909-06:39.42-64316(us) 2331530 ! run             (bench.cc:705):     runtime time left:45000 ms, bool:1
20260909-06:39.43-70653(us) 2331530 ! run             (bench.cc:705):     runtime time left:44000 ms, bool:1
20260909-06:39.44-78148(us) 2331530 ! run             (bench.cc:705):     runtime time left:43000 ms, bool:1
20260909-06:39.45-85453(us) 2331530 ! run             (bench.cc:705):     runtime time left:42000 ms, bool:1
20260909-06:39.46-90736(us) 2331530 ! run             (bench.cc:705):     runtime time left:41000 ms, bool:1
20260909-06:39.47-97979(us) 2331530 ! run             (bench.cc:705):     runtime time left:40000 ms, bool:1
20260909-06:39.48-103764(us) 2331530 ! run             (bench.cc:705):     runtime time left:39000 ms, bool:1
20260909-06:39.49-109182(us) 2331530 ! run             (bench.cc:705):     runtime time left:38000 ms, bool:1
20260909-06:39.50-117147(us) 2331530 ! run             (bench.cc:705):     runtime time left:37000 ms, bool:1
20260909-06:39.51-122575(us) 2331530 ! run             (bench.cc:705):     runtime time left:36000 ms, bool:1
20260909-06:39.52-129358(us) 2331530 ! run             (bench.cc:705):     runtime time left:35000 ms, bool:1
20260909-06:39.53-134858(us) 2331530 ! run             (bench.cc:705):     runtime time left:34000 ms, bool:1
20260909-06:39.54-142849(us) 2331530 ! run             (bench.cc:705):     runtime time left:33000 ms, bool:1
20260909-06:39.55-150755(us) 2331530 ! run             (bench.cc:705):     runtime time left:32000 ms, bool:1
20260909-06:39.56-157746(us) 2331530 ! run             (bench.cc:705):     runtime time left:31000 ms, bool:1
20260909-06:39.57-166154(us) 2331530 ! run             (bench.cc:705):     runtime time left:30000 ms, bool:1
20260909-06:39.58-172051(us) 2331530 ! run             (bench.cc:705):     runtime time left:29000 ms, bool:1
20260909-06:39.59-179906(us) 2331530 ! run             (bench.cc:705):     runtime time left:28000 ms, bool:1
20260909-06:40.00-186614(us) 2331530 ! run             (bench.cc:705):     runtime time left:27000 ms, bool:1
20260909-06:40.01-192393(us) 2331530 ! run             (bench.cc:705):     runtime time left:26000 ms, bool:1
20260909-06:40.02-197710(us) 2331530 ! run             (bench.cc:705):     runtime time left:25000 ms, bool:1
20260909-06:40.03-204261(us) 2331530 ! run             (bench.cc:705):     runtime time left:24000 ms, bool:1
20260909-06:40.04-212396(us) 2331530 ! run             (bench.cc:705):     runtime time left:23000 ms, bool:1
20260909-06:40.05-220638(us) 2331530 ! run             (bench.cc:705):     runtime time left:22000 ms, bool:1
20260909-06:40.06-226170(us) 2331530 ! run             (bench.cc:705):     runtime time left:21000 ms, bool:1
20260909-06:40.07-231518(us) 2331530 ! run             (bench.cc:705):     runtime time left:20000 ms, bool:1
20260909-06:40.08-238417(us) 2331530 ! run             (bench.cc:705):     runtime time left:19000 ms, bool:1
20260909-06:40.09-244056(us) 2331530 ! run             (bench.cc:705):     runtime time left:18000 ms, bool:1
20260909-06:40.10-253771(us) 2331530 ! run             (bench.cc:705):     runtime time left:17000 ms, bool:1
20260909-06:40.11-259443(us) 2331530 ! run             (bench.cc:705):     runtime time left:16000 ms, bool:1
20260909-06:40.12-267629(us) 2331530 ! run             (bench.cc:705):     runtime time left:15000 ms, bool:1
20260909-06:40.13-273331(us) 2331530 ! run             (bench.cc:705):     runtime time left:14000 ms, bool:1
20260909-06:40.14-280900(us) 2331530 ! run             (bench.cc:705):     runtime time left:13000 ms, bool:1
20260909-06:40.15-286652(us) 2331530 ! run             (bench.cc:705):     runtime time left:12000 ms, bool:1
20260909-06:40.16-292191(us) 2331530 ! run             (bench.cc:705):     runtime time left:11000 ms, bool:1
20260909-06:40.17-298326(us) 2331530 ! run             (bench.cc:705):     runtime time left:10000 ms, bool:1
20260909-06:40.18-304392(us) 2331530 ! run             (bench.cc:705):     runtime time left:9000 ms, bool:1
20260909-06:40.19-310207(us) 2331530 ! run             (bench.cc:705):     runtime time left:8000 ms, bool:1
20260909-06:40.20-321498(us) 2331530 ! run             (bench.cc:705):     runtime time left:7000 ms, bool:1
20260909-06:40.21-326973(us) 2331530 ! run             (bench.cc:705):     runtime time left:6000 ms, bool:1
20260909-06:40.22-335209(us) 2331530 ! run             (bench.cc:705):     runtime time left:5000 ms, bool:1
20260909-06:40.23-340842(us) 2331530 ! run             (bench.cc:705):     runtime time left:4000 ms, bool:1
20260909-06:40.24-346293(us) 2331530 ! run             (bench.cc:705):     runtime time left:3000 ms, bool:1
20260909-06:40.25-351822(us) 2331530 ! run             (bench.cc:705):     runtime time left:2000 ms, bool:1
20260909-06:40.26-357377(us) 2331530 ! run             (bench.cc:705):     runtime time left:1000 ms, bool:1
20260909-06:40.27-365448(us) 2331530 ! run             (bench.cc:718):     runtime_plus:0
[SHUTDOWN] Setting running=false to stop database worker threads
[SHUTDOWN] Calling first stop() to stop client transports
20260909-06:40.27-365598(us) 2331530 ! stop            (bench.cc:514):     stop all rpc clients. set stop=false
20260909-06:40.27-365642(us) 2331530 * Stop            (srpc_rpc_backend.cc:593): SrpcRpcBackend::Stop: BEGIN - Setting stop flag
20260909-06:40.27-365661(us) 2331530 * Stop            (srpc_rpc_backend.cc:596): SrpcRpcBackend::Stop: Waiting for event loop to exit...
20260909-06:40.27-365679(us) 2331530 * Stop            (srpc_rpc_backend.cc:612): SrpcRpcBackend::Stop: Event loop exited successfully
20260909-06:40.27-365697(us) 2331530 * Stop            (srpc_rpc_backend.cc:616): SrpcRpcBackend::Stop: Signaling 0 request queues to stop
20260909-06:40.27-365722(us) 2331530 * Stop            (srpc_rpc_backend.cc:624): SrpcRpcBackend::Stop: Signaling 0 response queues to stop
20260909-06:40.27-365740(us) 2331530 * Stop            (srpc_rpc_backend.cc:635): SrpcRpcBackend::Stop: Server cleanup deferred to destructor
20260909-06:40.27-365758(us) 2331530 * Stop            (srpc_rpc_backend.cc:638): SrpcRpcBackend::Stop: Closing client connections
20260909-06:40.27-365775(us) 2331530 * Stop            (srpc_rpc_backend.cc:642): SrpcRpcBackend::Stop: Found 0 client connections to close
20260909-06:40.27-365793(us) 2331530 * Stop            (srpc_rpc_backend.cc:662): SrpcRpcBackend::Stop: Closed 0 client connections
20260909-06:40.27-365811(us) 2331530 * Stop            (srpc_rpc_backend.cc:675): SrpcRpcBackend stats: msg_size_resp_sent: 0 bytes, counter: 0, avg: 0.000000
20260909-06:40.27-365844(us) 2331530 * Stop            (srpc_rpc_backend.cc:676): SrpcRpcBackend::Stop: END
[SHUTDOWN] First stop() completed
[SHUTDOWN] Joining 1 worker threads
[SHUTDOWN] Joining worker 0
20260909-06:40.27-365917(us) 2331530 * PrintStats      (srpc_rpc_backend.cc:686): SrpcRpcBackend request stats: msg_size_req_sent: 0 bytes, counter: 0, avg: 0.000000
20260909-06:40.28-366013(us) 2331530 * Stop            (srpc_rpc_backend.cc:589): SrpcRpcBackend::Stop: Already stopped, returning
20260909-06:40.28-366051(us) 2331530 * Shutdown        (srpc_rpc_backend.cc:112): SrpcRpcBackend::Shutdown: About to delete server
20260909-06:40.28-366070(us) 2331530 * Shutdown        (srpc_rpc_backend.cc:116): SrpcRpcBackend::Shutdown: Server pointer is valid, deleting...
20260909-06:40.28-366108(us) 2331530 * Shutdown        (srpc_rpc_backend.cc:120): SrpcRpcBackend::Shutdown: Server deleted successfully
20260909-06:40.28-366126(us) 2331530 * Shutdown        (srpc_rpc_backend.cc:132): SrpcRpcBackend::Shutdown: About to shutdown poll_thread_worker_
20260909-06:40.28-366144(us) 2331530 * Shutdown        (srpc_rpc_backend.cc:136): SrpcRpcBackend::Shutdown: poll_thread_worker_ is valid, calling shutdown()
D [<unknown>:0] 2026-09-09 06:40:28.366 | [PollThread::shutdown] Called from TID=2331595
D [<unknown>:0] 2026-09-09 06:40:28.366 | [PollThread::shutdown] Sending CmdShutdown
D [<unknown>:0] 2026-09-09 06:40:28.366 | [PollThread::shutdown] CmdShutdown sent
D [<unknown>:0] 2026-09-09 06:40:28.366 | [PollThread::shutdown] Acquiring join_handle lock...
D [<unknown>:0] 2026-09-09 06:40:28.366 | [PollThread::shutdown] join_handle lock acquired
D [<unknown>:0] 2026-09-09 06:40:28.366 | [PollThread::shutdown] Calling thread.join()...
D [<unknown>:0] 2026-09-09 06:40:28.366 | [poll_loop] Exited while loop (stop_=true), starting cleanup
D [<unknown>:0] 2026-09-09 06:40:28.366 | [poll_loop] Cleanup complete, poll_loop exiting
D [<unknown>:0] 2026-09-09 06:40:28.366 | [Reactor::~Reactor] Starting destruction, all_events_.len()=0, fibers_.size()=0
D [<unknown>:0] 2026-09-09 06:40:28.366 | [Reactor::~Reactor] Destructor body complete, about to destroy member variables
D [<unknown>:0] 2026-09-09 06:40:28.366 | [PollThread::shutdown] thread.join() completed!
D [<unknown>:0] 2026-09-09 06:40:28.366 | [PollThread::shutdown] Released join_handle lock
D [<unknown>:0] 2026-09-09 06:40:28.366 | [PollThread::shutdown] Complete
20260909-06:40.28-366485(us) 2331530 * Shutdown        (srpc_rpc_backend.cc:138): SrpcRpcBackend::Shutdown: poll_thread_worker_->shutdown() completed
D [<unknown>:0] 2026-09-09 06:40:28.366 | [PollThread::~PollThread] Destructor called from TID=2331595
D [<unknown>:0] 2026-09-09 06:40:28.366 | [PollThread::shutdown] Called from TID=2331595
D [<unknown>:0] 2026-09-09 06:40:28.366 | [PollThread::shutdown] Already called, returning
D [<unknown>:0] 2026-09-09 06:40:28.366 | [PollThread::~PollThread] Destructor complete
20260909-06:40.28-366540(us) 2331530 * Shutdown        (srpc_rpc_backend.cc:140): SrpcRpcBackend::Shutdown: poll_thread_worker_ reset to None
20260909-06:40.28-366559(us) 2331530 * Shutdown        (srpc_rpc_backend.cc:145): SrpcRpcBackend::Shutdown: Shutdown sequence completed, destructor will now exit
20260909-06:40.28-366577(us) 2331530 * ~SrpcRpcBackend (srpc_rpc_backend.cc:52): SrpcRpcBackend::~SrpcRpcBackend: START destructor
20260909-06:40.28-366594(us) 2331530 * Stop            (srpc_rpc_backend.cc:589): SrpcRpcBackend::Stop: Already stopped, returning
20260909-06:40.28-366639(us) 2331530 * Shutdown        (srpc_rpc_backend.cc:112): SrpcRpcBackend::Shutdown: About to delete server
20260909-06:40.28-366657(us) 2331530 * Shutdown        (srpc_rpc_backend.cc:129): SrpcRpcBackend::Shutdown: Server pointer is null, skipping deletion
20260909-06:40.28-366674(us) 2331530 * Shutdown        (srpc_rpc_backend.cc:132): SrpcRpcBackend::Shutdown: About to shutdown poll_thread_worker_
20260909-06:40.28-366692(us) 2331530 * Shutdown        (srpc_rpc_backend.cc:142): SrpcRpcBackend::Shutdown: poll_thread_worker_ is null, skipping shutdown
20260909-06:40.28-366710(us) 2331530 * Shutdown        (srpc_rpc_backend.cc:145): SrpcRpcBackend::Shutdown: Shutdown sequence completed, destructor will now exit
20260909-06:40.28-366727(us) 2331530 * ~SrpcRpcBackend (srpc_rpc_backend.cc:54): SrpcRpcBackend::~SrpcRpcBackend: Shutdown() completed
[SHUTDOWN] Worker 0 joined
[SHUTDOWN] All workers joined
[SHUTDOWN] Calling stop_rpc_server()
[STOP_SERVER] Stopping 2 server transports
[STOP_SERVER] Stopping server transport 0
20260909-06:40.28-366902(us) 2331530 * Stop            (srpc_rpc_backend.cc:593): SrpcRpcBackend::Stop: BEGIN - Setting stop flag
20260909-06:40.28-366930(us) 2331530 * Stop            (srpc_rpc_backend.cc:596): SrpcRpcBackend::Stop: Waiting for event loop to exit...
20260909-06:40.28-366954(us) 2331530 * RunEventLoop    (srpc_rpc_backend.cc:577): SrpcRpcBackend::RunEventLoop: Stop flag detected, exiting event loop
20260909-06:40.28-366973(us) 2331530 * RunEventLoop    (srpc_rpc_backend.cc:581): SrpcRpcBackend::RunEventLoop: Exited cleanly
20260909-06:40.28-366991(us) 2331530 * rpc_server      (rpc_setup.cc:126): the rpc_server is terminated on shardIdx:0, alpha:0!
20260909-06:40.28-377006(us) 2331530 * Stop            (srpc_rpc_backend.cc:612): SrpcRpcBackend::Stop: Event loop exited successfully
20260909-06:40.28-377036(us) 2331530 * Stop            (srpc_rpc_backend.cc:616): SrpcRpcBackend::Stop: Signaling 0 request queues to stop
20260909-06:40.28-377055(us) 2331530 * Stop            (srpc_rpc_backend.cc:624): SrpcRpcBackend::Stop: Signaling 0 response queues to stop
20260909-06:40.28-377079(us) 2331530 * Stop            (srpc_rpc_backend.cc:635): SrpcRpcBackend::Stop: Server cleanup deferred to destructor
20260909-06:40.28-377097(us) 2331530 * Stop            (srpc_rpc_backend.cc:638): SrpcRpcBackend::Stop: Closing client connections
20260909-06:40.28-377114(us) 2331530 * Stop            (srpc_rpc_backend.cc:642): SrpcRpcBackend::Stop: Found 0 client connections to close
20260909-06:40.28-377132(us) 2331530 * Stop            (srpc_rpc_backend.cc:662): SrpcRpcBackend::Stop: Closed 0 client connections
20260909-06:40.28-377150(us) 2331530 * Stop            (srpc_rpc_backend.cc:675): SrpcRpcBackend stats: msg_size_resp_sent: 0 bytes, counter: 0, avg: 0.000000
20260909-06:40.28-377170(us) 2331530 * Stop            (srpc_rpc_backend.cc:676): SrpcRpcBackend::Stop: END
[STOP_SERVER] Server transport 0 stopped
[STOP_SERVER] Stopping server transport 1
20260909-06:40.28-377211(us) 2331530 * Stop            (srpc_rpc_backend.cc:593): SrpcRpcBackend::Stop: BEGIN - Setting stop flag
20260909-06:40.28-377229(us) 2331530 * Stop            (srpc_rpc_backend.cc:596): SrpcRpcBackend::Stop: Waiting for event loop to exit...
20260909-06:40.28-377263(us) 2331530 * RunEventLoop    (srpc_rpc_backend.cc:577): SrpcRpcBackend::RunEventLoop: Stop flag detected, exiting event loop
20260909-06:40.28-377282(us) 2331530 * RunEventLoop    (srpc_rpc_backend.cc:581): SrpcRpcBackend::RunEventLoop: Exited cleanly
20260909-06:40.28-377300(us) 2331530 * rpc_server      (rpc_setup.cc:126): the rpc_server is terminated on shardIdx:0, alpha:1!
20260909-06:40.28-387316(us) 2331530 * Stop            (srpc_rpc_backend.cc:612): SrpcRpcBackend::Stop: Event loop exited successfully
20260909-06:40.28-387344(us) 2331530 * Stop            (srpc_rpc_backend.cc:616): SrpcRpcBackend::Stop: Signaling 0 request queues to stop
20260909-06:40.28-387362(us) 2331530 * Stop            (srpc_rpc_backend.cc:624): SrpcRpcBackend::Stop: Signaling 0 response queues to stop
20260909-06:40.28-387380(us) 2331530 * Stop            (srpc_rpc_backend.cc:635): SrpcRpcBackend::Stop: Server cleanup deferred to destructor
20260909-06:40.28-387398(us) 2331530 * Stop            (srpc_rpc_backend.cc:638): SrpcRpcBackend::Stop: Closing client connections
20260909-06:40.28-387416(us) 2331530 * Stop            (srpc_rpc_backend.cc:642): SrpcRpcBackend::Stop: Found 0 client connections to close
20260909-06:40.28-387433(us) 2331530 * Stop            (srpc_rpc_backend.cc:662): SrpcRpcBackend::Stop: Closed 0 client connections
20260909-06:40.28-387451(us) 2331530 * Stop            (srpc_rpc_backend.cc:675): SrpcRpcBackend stats: msg_size_resp_sent: 0 bytes, counter: 0, avg: 0.000000
20260909-06:40.28-387470(us) 2331530 * Stop            (srpc_rpc_backend.cc:676): SrpcRpcBackend::Stop: END
[STOP_SERVER] Server transport 1 stopped
20260909-06:40.28-387501(us) 2331530 * Stop            (srpc_rpc_backend.cc:589): SrpcRpcBackend::Stop: Already stopped, returning
20260909-06:40.28-387518(us) 2331530 * Shutdown        (srpc_rpc_backend.cc:112): SrpcRpcBackend::Shutdown: About to delete server
20260909-06:40.28-387536(us) 2331530 * Shutdown        (srpc_rpc_backend.cc:116): SrpcRpcBackend::Shutdown: Server pointer is valid, deleting...
20260909-06:40.28-387556(us) 2331530 * Shutdown        (srpc_rpc_backend.cc:120): SrpcRpcBackend::Shutdown: Server deleted successfully
20260909-06:40.28-387574(us) 2331530 * Shutdown        (srpc_rpc_backend.cc:132): SrpcRpcBackend::Shutdown: About to shutdown poll_thread_worker_
20260909-06:40.28-387592(us) 2331530 * Shutdown        (srpc_rpc_backend.cc:136): SrpcRpcBackend::Shutdown: poll_thread_worker_ is valid, calling shutdown()
D [<unknown>:0] 2026-09-09 06:40:28.387 | [PollThread::shutdown] Called from TID=2331530
D [<unknown>:0] 2026-09-09 06:40:28.387 | [PollThread::shutdown] Sending CmdShutdown
D [<unknown>:0] 2026-09-09 06:40:28.387 | [PollThread::shutdown] CmdShutdown sent
D [<unknown>:0] 2026-09-09 06:40:28.387 | [PollThread::shutdown] Acquiring join_handle lock...
D [<unknown>:0] 2026-09-09 06:40:28.387 | [PollThread::shutdown] join_handle lock acquired
D [<unknown>:0] 2026-09-09 06:40:28.387 | [PollThread::shutdown] Calling thread.join()...
D [<unknown>:0] 2026-09-09 06:40:28.388 | [poll_loop] Exited while loop (stop_=true), starting cleanup
D [<unknown>:0] 2026-09-09 06:40:28.388 | [poll_loop] Cleanup complete, poll_loop exiting
D [<unknown>:0] 2026-09-09 06:40:28.388 | [Reactor::~Reactor] Starting destruction, all_events_.len()=0, fibers_.size()=0
D [<unknown>:0] 2026-09-09 06:40:28.388 | [Reactor::~Reactor] Destructor body complete, about to destroy member variables
D [<unknown>:0] 2026-09-09 06:40:28.388 | [PollThread::shutdown] thread.join() completed!
D [<unknown>:0] 2026-09-09 06:40:28.388 | [PollThread::shutdown] Released join_handle lock
D [<unknown>:0] 2026-09-09 06:40:28.388 | [PollThread::shutdown] Complete
20260909-06:40.28-388167(us) 2331530 * Shutdown        (srpc_rpc_backend.cc:138): SrpcRpcBackend::Shutdown: poll_thread_worker_->shutdown() completed
D [<unknown>:0] 2026-09-09 06:40:28.388 | [PollThread::~PollThread] Destructor called from TID=2331530
D [<unknown>:0] 2026-09-09 06:40:28.388 | [PollThread::shutdown] Called from TID=2331530
D [<unknown>:0] 2026-09-09 06:40:28.388 | [PollThread::shutdown] Already called, returning
D [<unknown>:0] 2026-09-09 06:40:28.388 | [PollThread::~PollThread] Destructor complete
20260909-06:40.28-388217(us) 2331530 * Shutdown        (srpc_rpc_backend.cc:140): SrpcRpcBackend::Shutdown: poll_thread_worker_ reset to None
20260909-06:40.28-388235(us) 2331530 * Shutdown        (srpc_rpc_backend.cc:145): SrpcRpcBackend::Shutdown: Shutdown sequence completed, destructor will now exit
20260909-06:40.28-388253(us) 2331530 * ~SrpcRpcBackend (srpc_rpc_backend.cc:52): SrpcRpcBackend::~SrpcRpcBackend: START destructor
20260909-06:40.28-388271(us) 2331530 * Stop            (srpc_rpc_backend.cc:589): SrpcRpcBackend::Stop: Already stopped, returning
20260909-06:40.28-388288(us) 2331530 * Shutdown        (srpc_rpc_backend.cc:112): SrpcRpcBackend::Shutdown: About to delete server
20260909-06:40.28-388306(us) 2331530 * Shutdown        (srpc_rpc_backend.cc:129): SrpcRpcBackend::Shutdown: Server pointer is null, skipping deletion
20260909-06:40.28-388323(us) 2331530 * Shutdown        (srpc_rpc_backend.cc:132): SrpcRpcBackend::Shutdown: About to shutdown poll_thread_worker_
20260909-06:40.28-388341(us) 2331530 * Shutdown        (srpc_rpc_backend.cc:142): SrpcRpcBackend::Shutdown: poll_thread_worker_ is null, skipping shutdown
20260909-06:40.28-388358(us) 2331530 * Shutdown        (srpc_rpc_backend.cc:145): SrpcRpcBackend::Shutdown: Shutdown sequence completed, destructor will now exit
20260909-06:40.28-388376(us) 2331530 * ~SrpcRpcBackend (srpc_rpc_backend.cc:54): SrpcRpcBackend::~SrpcRpcBackend: Shutdown() completed
20260909-06:40.28-388415(us) 2331530 * Stop            (srpc_rpc_backend.cc:589): SrpcRpcBackend::Stop: Already stopped, returning
20260909-06:40.28-388433(us) 2331530 * Shutdown        (srpc_rpc_backend.cc:112): SrpcRpcBackend::Shutdown: About to delete server
20260909-06:40.28-388451(us) 2331530 * Shutdown        (srpc_rpc_backend.cc:116): SrpcRpcBackend::Shutdown: Server pointer is valid, deleting...
20260909-06:40.28-388470(us) 2331530 * Shutdown        (srpc_rpc_backend.cc:120): SrpcRpcBackend::Shutdown: Server deleted successfully
20260909-06:40.28-388488(us) 2331530 * Shutdown        (srpc_rpc_backend.cc:132): SrpcRpcBackend::Shutdown: About to shutdown poll_thread_worker_
20260909-06:40.28-388505(us) 2331530 * Shutdown        (srpc_rpc_backend.cc:136): SrpcRpcBackend::Shutdown: poll_thread_worker_ is valid, calling shutdown()
D [<unknown>:0] 2026-09-09 06:40:28.388 | [PollThread::shutdown] Called from TID=2331530
D [<unknown>:0] 2026-09-09 06:40:28.388 | [PollThread::shutdown] Sending CmdShutdown
D [<unknown>:0] 2026-09-09 06:40:28.388 | [PollThread::shutdown] CmdShutdown sent
D [<unknown>:0] 2026-09-09 06:40:28.388 | [PollThread::shutdown] Acquiring join_handle lock...
D [<unknown>:0] 2026-09-09 06:40:28.388 | [PollThread::shutdown] join_handle lock acquired
D [<unknown>:0] 2026-09-09 06:40:28.388 | [PollThread::shutdown] Calling thread.join()...
D [<unknown>:0] 2026-09-09 06:40:28.389 | [poll_loop] Exited while loop (stop_=true), starting cleanup
D [<unknown>:0] 2026-09-09 06:40:28.389 | [poll_loop] Cleanup complete, poll_loop exiting
D [<unknown>:0] 2026-09-09 06:40:28.389 | [Reactor::~Reactor] Starting destruction, all_events_.len()=0, fibers_.size()=0
D [<unknown>:0] 2026-09-09 06:40:28.389 | [Reactor::~Reactor] Destructor body complete, about to destroy member variables
D [<unknown>:0] 2026-09-09 06:40:28.389 | [PollThread::shutdown] thread.join() completed!
D [<unknown>:0] 2026-09-09 06:40:28.389 | [PollThread::shutdown] Released join_handle lock
D [<unknown>:0] 2026-09-09 06:40:28.389 | [PollThread::shutdown] Complete
20260909-06:40.28-389360(us) 2331530 * Shutdown        (srpc_rpc_backend.cc:138): SrpcRpcBackend::Shutdown: poll_thread_worker_->shutdown() completed
D [<unknown>:0] 2026-09-09 06:40:28.389 | [PollThread::~PollThread] Destructor called from TID=2331530
D [<unknown>:0] 2026-09-09 06:40:28.389 | [PollThread::shutdown] Called from TID=2331530
D [<unknown>:0] 2026-09-09 06:40:28.389 | [PollThread::shutdown] Already called, returning
D [<unknown>:0] 2026-09-09 06:40:28.389 | [PollThread::~PollThread] Destructor complete
20260909-06:40.28-389408(us) 2331530 * Shutdown        (srpc_rpc_backend.cc:140): SrpcRpcBackend::Shutdown: poll_thread_worker_ reset to None
20260909-06:40.28-389426(us) 2331530 * Shutdown        (srpc_rpc_backend.cc:145): SrpcRpcBackend::Shutdown: Shutdown sequence completed, destructor will now exit
20260909-06:40.28-389444(us) 2331530 * ~SrpcRpcBackend (srpc_rpc_backend.cc:52): SrpcRpcBackend::~SrpcRpcBackend: START destructor
20260909-06:40.28-389462(us) 2331530 * Stop            (srpc_rpc_backend.cc:589): SrpcRpcBackend::Stop: Already stopped, returning
20260909-06:40.28-389479(us) 2331530 * Shutdown        (srpc_rpc_backend.cc:112): SrpcRpcBackend::Shutdown: About to delete server
20260909-06:40.28-389497(us) 2331530 * Shutdown        (srpc_rpc_backend.cc:129): SrpcRpcBackend::Shutdown: Server pointer is null, skipping deletion
20260909-06:40.28-389515(us) 2331530 * Shutdown        (srpc_rpc_backend.cc:132): SrpcRpcBackend::Shutdown: About to shutdown poll_thread_worker_
20260909-06:40.28-389532(us) 2331530 * Shutdown        (srpc_rpc_backend.cc:142): SrpcRpcBackend::Shutdown: poll_thread_worker_ is null, skipping shutdown
20260909-06:40.28-389550(us) 2331530 * Shutdown        (srpc_rpc_backend.cc:145): SrpcRpcBackend::Shutdown: Shutdown sequence completed, destructor will now exit
20260909-06:40.28-389567(us) 2331530 * ~SrpcRpcBackend (srpc_rpc_backend.cc:54): SrpcRpcBackend::~SrpcRpcBackend: Shutdown() completed
[STOP_SERVER] All server transports stopped
[SHUTDOWN] stop_rpc_server() completed
[SHUTDOWN] Calling second stop()
20260909-06:40.28-389622(us) 2331530 ! stop            (bench.cc:514):     stop all rpc clients. set stop=false
[SHUTDOWN] Second stop() completed
20260909-06:40.28-389646(us) 2331530 ! run             (bench.cc:774):     TPCC_BENCH_MEASURE_END
[SHUTDOWN] Calling do_txn_finish()
[SHUTDOWN] do_txn_finish() completed
--- n_commits per partition ---
 par_id: 0, n_commits: 6878948
STO_TPCC_CAPACITY phase=run_complete scope=database allocated_registry_bytes=3098396896 max_registry_bytes=8589934592 registry_headroom_bytes=5491537696
STO_TPCC_CAPACITY phase=run_complete table=customer_0 retained_records=90000 consumed_record_ids=90000 retained_key_bytes=1080000 allocated_registry_bytes=17856776 max_retained_records=18446744073709551615 max_consumed_record_ids=18446744073709551615 max_retained_key_bytes=18446744073709551615
STO_TPCC_CAPACITY phase=run_complete table=customer_name_idx_0 retained_records=30000 consumed_record_ids=30000 retained_key_bytes=1200000 allocated_registry_bytes=2156376 max_retained_records=18446744073709551615 max_consumed_record_ids=18446744073709551615 max_retained_key_bytes=18446744073709551615
STO_TPCC_CAPACITY phase=run_complete table=district_0 retained_records=10 consumed_record_ids=10 retained_key_bytes=80 allocated_registry_bytes=205424 max_retained_records=18446744073709551615 max_consumed_record_ids=18446744073709551615 max_retained_key_bytes=18446744073709551615
STO_TPCC_CAPACITY phase=run_complete table=history_0 retained_records=2987583 consumed_record_ids=2987583 retained_key_bytes=71701992 allocated_registry_bytes=209557528 max_retained_records=18446744073709551615 max_consumed_record_ids=18446744073709551615 max_retained_key_bytes=18446744073709551615
STO_TPCC_CAPACITY phase=run_complete table=new_order_0 retained_records=3104615 consumed_record_ids=3104615 retained_key_bytes=37255380 allocated_registry_bytes=217735432 max_retained_records=18446744073709551615 max_consumed_record_ids=18446744073709551615 max_retained_key_bytes=18446744073709551615
STO_TPCC_CAPACITY phase=run_complete table=oorder_0 retained_records=3125615 consumed_record_ids=3125615 retained_key_bytes=37507380 allocated_registry_bytes=219241888 max_retained_records=18446744073709551615 max_consumed_record_ids=18446744073709551615 max_retained_key_bytes=18446744073709551615
STO_TPCC_CAPACITY phase=run_complete table=oorder_c_id_idx_0 retained_records=3125615 consumed_record_ids=3125615 retained_key_bytes=50009840 allocated_registry_bytes=219241888 max_retained_records=18446744073709551615 max_consumed_record_ids=18446744073709551615 max_retained_key_bytes=18446744073709551615
STO_TPCC_CAPACITY phase=run_complete table=order_line_0 retained_records=31247378 consumed_record_ids=31247378 retained_key_bytes=499958048 allocated_registry_bytes=2190933288 max_retained_records=18446744073709551615 max_consumed_record_ids=18446744073709551615 max_retained_key_bytes=18446744073709551615
STO_TPCC_CAPACITY phase=run_complete table=stock_0 retained_records=100000 consumed_record_ids=100999 retained_key_bytes=800000 allocated_registry_bytes=7111536 max_retained_records=18446744073709551615 max_consumed_record_ids=18446744073709551615 max_retained_key_bytes=18446744073709551615
STO_TPCC_CAPACITY phase=run_complete table=stock_data_0 retained_records=100000 consumed_record_ids=100999 retained_key_bytes=800000 allocated_registry_bytes=7111536 max_retained_records=18446744073709551615 max_consumed_record_ids=18446744073709551615 max_retained_key_bytes=18446744073709551615
STO_TPCC_CAPACITY phase=run_complete table=warehouse_0 retained_records=1 consumed_record_ids=1 retained_key_bytes=4 allocated_registry_bytes=205424 max_retained_records=18446744073709551615 max_consumed_record_ids=18446744073709551615 max_retained_key_bytes=18446744073709551615
STO_TPCC_CAPACITY phase=run_complete table=item retained_records=100000 consumed_record_ids=100000 retained_key_bytes=400000 allocated_registry_bytes=7039800 max_retained_records=18446744073709551615 max_consumed_record_ids=18446744073709551615 max_retained_key_bytes=18446744073709551615
--- benchmark statistics ---
runtime: 120.795 sec
memory delta: 2461.61 MB
n_commits: 6878948
latency_numer_us: 116688133
latency_numer_us_remote: 0
memory delta rate: 20.3783 MB/sec
logical memory delta: 438.267 MB
logical memory delta rate: 3.62818 MB/sec
agg_nosync_throughput: 56947.2 ops/sec
avg_nosync_per_core_throughput: 56947.2 ops/sec/core
agg_throughput: 56947.2 ops/sec
avg_per_core_throughput: 56947.2 ops/sec/core
agg_persist_throughput: 56947.2 ops/sec
avg_per_core_persist_throughput: 56947.2 ops/sec/core
avg_latency: 0.0169631 ms
avg_persist_latency: 0 ms
agg_abort_rate: 0 aborts/sec
avg_per_core_abort_rate: 0 aborts/sec/core
  NewOrder_local_commit_latency: 0.0190968 ms
  NewOrder_local_abort_latency: 0 ms
  NewOrder_local_abort_ratio: 0
  Payment_local_commit_latency: 0.00629016 ms
  Payment_local_abort_latency: 0 ms
  Payment_local_abort_ratio: 0
  Delivery_local_commit_latency: 0.0868761 ms
  Delivery_local_abort_latency: 0 ms
  Delivery_local_abort_ratio: 0
  OrderStatus_local_commit_latency: 0.0109876 ms
  OrderStatus_local_abort_latency: 0 ms
  OrderStatus_local_abort_ratio: 0
  StockLevel_local_commit_latency: 0.0559758 ms
  StockLevel_local_abort_latency: 0 ms
  StockLevel_local_abort_ratio: 0
  NewOrder_remote_ratio: 0 %
  NewOrder_remote_abort_ratio: 0 %
  NewOrder_remote_commit_latency: 0 ms
  NewOrder_remote_abort_latency: 0 ms
  Payment_remote_ratio: 0 %
  Payment_remote_abort_ratio: 0 %
  Payment_remote_commit_latency: 0 ms
  Payment_remote_abort_latency: 0 ms
--- system counters (for benchmark) ---
--- perf counters (if enabled, for benchmark) ---
--- allocator stats ---
[SiloRuntime 0] ncpus=1
[SiloRuntime 0] cpu=0 fully_faulted?=0 remaining=3191865344 bytes
---------------------------------------
--- system counters for n_commits ---

TPCC_BENCH_RESULT {"schema_version":1,"engine":"rust","threads":1,"warehouses":1,"configured_seconds":120,"measured_seconds":120.79514899999999,"commits":6878948,"aborts":0,"attempts":6878948,"throughput_txn_s":56947.220620589658,"mix":{"NewOrder":3095615,"Payment":2957583,"Delivery":275934,"OrderStatus":275022,"StockLevel":274794}}
[STOP_SERVER] Stopping 0 server transports
[STOP_SERVER] All server transports stopped
	Command being timed: "taskset -c 10 /var/tmp/sto-capacity-20260909.kKklOX/pgo-v2/sto_tpcc_bench --num-threads 1 --shard-config config/mako_sto_tpcc_local.yml --site-name local_s0 --runtime 120 --storage-engine rust --slow-exit"
	User time (seconds): 117.91
	System time (seconds): 11.36
	Percent of CPU this job got: 99%
	Elapsed (wall clock) time (h:mm:ss or m:ss): 2:10.35
	Average shared text size (kbytes): 0
	Average unshared data size (kbytes): 0
	Average stack size (kbytes): 0
	Average total size (kbytes): 0
	Maximum resident set size (kbytes): 4417536
	Average resident set size (kbytes): 0
	Major (requiring I/O) page faults: 0
	Minor (reclaiming a frame) page faults: 1103942
	Voluntary context switches: 2041006
	Involuntary context switches: 963933
	Swaps: 0
	File system inputs: 0
	File system outputs: 280
	Socket messages sent: 0
	Socket messages received: 0
	Signals delivered: 0
	Page size (bytes): 4096
	Exit status: 0
