20260909-06:42.47-830422(us) 2334022 * ParseNewFormat  (configuration.cc:102): Using new configuration format
20260909-06:42.47-830577(us) 2334022 * ParseNewFormat  (configuration.cc:162): Loaded 1 sites in 1 shards
20260909-06:42.47-830610(us) 2334022 * handle_new_config_format (dbtest.cc:368):    Site local_s0: shard=0, replica_idx=0, is_leader=1, cluster=localhost
SiloRuntime[0]::InitializeAllocator()
  hugepgsize: 2097152
  mmap() region [0x7fe831a00000, 0x7fe8b1c00000)
  runtime0 cpu0 owns [0x7fe831a00000, 0x7fe851a00000)
  runtime0 cpu1 owns [0x7fe851a00000, 0x7fe871a00000)
  runtime0 cpu2 owns [0x7fe871a00000, 0x7fe891a00000)
  runtime0 cpu3 owns [0x7fe891a00000, 0x7fe8b1a00000)
Database Benchmark:
  pid: 2334022
settings:
  num-cpus    : 128
  num-threads : 4
  shardIndex  : 0
  paxos_proc_name  : localhost
  nshards     : 1
  is_micro    : 0
  is_replicated : 0
  storage_engine : cpp
  var-encode  : yes
  allocator   : jemalloc
system properties:
  tuple_prefetch          : no
  btree_node_prefetch     : yes
tpcc settings:
  cross_partition_transactions : 1
  read_only_snapshots          : 1
  partition_locks              : 0
  separate_tree_per_partition  : 1
  new_order_remote_item_pct    : 1
  new_order_fast_id_gen        : 1
  uniform_item_dist            : 0
  order_status_scan_hack       : 0
  workload_mix                 : [45, 43, 4, 4, 4]
20260909-06:42.47-833399(us) 2334022 * ParseNewFormat  (configuration.cc:102): Using new configuration format
20260909-06:42.47-833467(us) 2334022 * ParseNewFormat  (configuration.cc:162): Loaded 1 sites in 1 shards
20260909-06:42.47-833775(us) 2334022 * Initialize      (srpc_rpc_backend.cc:66): SrpcRpcBackend::Initialize: poll_thread_worker_ created, is_some=1
20260909-06:42.47-833930(us) 2334022 * Initialize      (srpc_rpc_backend.cc:97): SrpcRpcBackend initialized on 127.0.0.1:31009 (listening on 0.0.0.0:31009)
20260909-06:42.47-833958(us) 2334022 * FastTransport   (fasttransport.cc:147): FastTransport initialized with srpc/rpc backend on 127.0.0.1:31009
20260909-06:42.47-833972(us) 2334022 * RunEventLoop    (srpc_rpc_backend.cc:516): SrpcRpcBackend::RunEventLoop: Starting event loop
20260909-06:42.47-834069(us) 2334022 * ParseNewFormat  (configuration.cc:102): Using new configuration format
20260909-06:42.47-834143(us) 2334022 * ParseNewFormat  (configuration.cc:162): Loaded 1 sites in 1 shards
20260909-06:42.47-834416(us) 2334022 * Initialize      (srpc_rpc_backend.cc:66): SrpcRpcBackend::Initialize: poll_thread_worker_ created, is_some=1
20260909-06:42.47-834516(us) 2334022 * Initialize      (srpc_rpc_backend.cc:97): SrpcRpcBackend initialized on 127.0.0.1:31010 (listening on 0.0.0.0:31010)
20260909-06:42.47-834534(us) 2334022 * FastTransport   (fasttransport.cc:147): FastTransport initialized with srpc/rpc backend on 127.0.0.1:31010
20260909-06:42.47-834550(us) 2334022 * RunEventLoop    (srpc_rpc_backend.cc:516): SrpcRpcBackend::RunEventLoop: Starting event loop
20260909-06:42.47-837045(us) 2334022 ! run             (bench.cc:519):     # of loaders size:6
20260909-06:42.47-838196(us) 2334022 * benchmark_thread_init (mbta_wrapper.hh:1811): thread_init: thread_id=0, shard_index=0, getShardIndex=0, loader=1
[INFO] finished loading warehouse
[INFO]   * average warehouse record length: 97 bytes
20260909-06:42.47-838616(us) 2334022 * benchmark_thread_init (mbta_wrapper.hh:1811): thread_init: thread_id=1, shard_index=0, getShardIndex=0, loader=1
PinToWarehouseId(): coreid=2 pinned to whse=1 (partid=20260909-06:42.47-838678(us) 2334022 * benchmark_thread_init (mbta_wrapper.hh:1811): thread_init: thread_id=2, shard_index=0, getShardIndex=0, loader=1
0)
20260909-06:42.47-838726(us) 2334022 * benchmark_thread_init (mbta_wrapper.hh:1811): thread_init: thread_id=3, shard_index=0, getShardIndex=0, loader=1
PinToWarehouseId(): coreid=3 pinned to whse=1 (partid=0)
PinToWarehouseId(): coreid=3 pinned to whse=2 (partid=1)
PinToWarehouseId(): coreid=3 pinned to whse=3 (partid=2)
PinToWarehouseId(): coreid=3 pinned to whse=4 (partid=3)
[INFO] finished loading district
[INFO]   * average district record length: 99 bytes
[INFO] finished loading item
[INFO]   * average item record length: 84.1739 bytes
PinToWarehouseId(): coreid=2 pinned to whse=2 (partid=1)
PinToWarehouseId(): coreid=2 pinned to whse=3 (partid=2)
PinToWarehouseId(): coreid=2 pinned to whse=4 (partid=3)
[INFO] finished loading stock
[INFO]   * average stock record length: 8 bytes
20260909-06:42.52-977524(us) 2334022 * benchmark_thread_init (mbta_wrapper.hh:1811): thread_init: thread_id=4, shard_index=0, getShardIndex=0, loader=1
PinToWarehouseId(): coreid=5 pinned to whse=1 (partid=0)
20260909-06:42.52-977678(us) 2334022 * benchmark_thread_init (mbta_wrapper.hh:1811): thread_init: thread_id=5, shard_index=0, getShardIndex=0, loader=1
num batches: 30
PinToWarehouseId(): coreid=4 pinned to whse=1 (partid=0)
PinToWarehouseId(): coreid=5 pinned to whse=2 (partid=1)
PinToWarehouseId(): coreid=4 pinned to whse=2 (partid=1)
PinToWarehouseId(): coreid=5 pinned to whse=3 (partid=2)
PinToWarehouseId(): coreid=5 pinned to whse=4 (partid=3)
PinToWarehouseId(): coreid=4 pinned to whse=3 (partid=2)
[INFO] finished loading order
[INFO]   * average order_line record length: 11.2189 bytes
[INFO]   * average oorder record length: 7.8414 bytes
[INFO]   * average new_order record length: 12 bytes
PinToWarehouseId(): coreid=4 pinned to whse=4 (partid=3)
[INFO] finished loading customer
[INFO]   * average customer record length: 153.931 bytes 
timed region dataloading took 6610.3 ms
DB size: 530.156 MB
[0, 0, 0] txns persisted in loading phase
20260909-06:42.54-447407(us) 2334022 ! run             (bench.cc:578):     # of nthreads:4
starting benchmark...
tpcc: worker id 128 => warehouses [1, 2)
tpcc: worker id 129 => warehouses [2, 3)
tpcc: worker id 130 => warehouses [3, 4)
tpcc: worker id 131 => warehouses [4, 5)
20260909-06:42.54-463588(us) 2334022 * benchmark_thread_init (mbta_wrapper.hh:1811): thread_init: thread_id=6, shard_index=0, getShardIndex=0, loader=0
20260909-06:42.54-463661(us) 2334022 * benchmark_thread_init (mbta_wrapper.hh:1811): thread_init: thread_id=7, shard_index=0, getShardIndex=0, loader=0
20260909-06:42.54-463704(us) 2334022 * benchmark_thread_init (mbta_wrapper.hh:1811): thread_init: thread_id=8, shard_index=0, getShardIndex=0, loader=0
20260909-06:42.54-464618(us) 2334022 * benchmark_thread_init (mbta_wrapper.hh:1811): thread_init: thread_id=9, shard_index=0, getShardIndex=0, loader=0
20260909-06:42.54-467772(us) 2334022 * ParseNewFormat  (configuration.cc:102): Using new configuration format
20260909-06:42.54-467823(us) 2334022 * ParseNewFormat  (configuration.cc:162): Loaded 1 sites in 1 shards
20260909-06:42.54-467860(us) 2334022 * ParseNewFormat  (configuration.cc:102): Using new configuration format
20260909-06:42.54-467914(us) 2334022 * ParseNewFormat  (configuration.cc:162): Loaded 1 sites in 1 shards
20260909-06:42.54-471360(us) 2334022 * ParseNewFormat  (configuration.cc:102): Using new configuration format
20260909-06:42.54-471392(us) 2334022 * ParseNewFormat  (configuration.cc:162): Loaded 1 sites in 1 shards
20260909-06:42.54-471659(us) 2334022 * Initialize      (srpc_rpc_backend.cc:66): SrpcRpcBackend::Initialize: poll_thread_worker_ created, is_some=1
20260909-06:42.54-471736(us) 2334022 * Initialize      (srpc_rpc_backend.cc:97): SrpcRpcBackend initialized on 127.0.0.1:31000 (listening on 0.0.0.0:31000)
20260909-06:42.54-471752(us) 2334022 * FastTransport   (fasttransport.cc:147): FastTransport initialized with srpc/rpc backend on 127.0.0.1:31000
20260909-06:42.54-474775(us) 2334022 * ParseNewFormat  (configuration.cc:102): Using new configuration format
20260909-06:42.54-474813(us) 2334022 * ParseNewFormat  (configuration.cc:162): Loaded 1 sites in 1 shards
20260909-06:42.54-475101(us) 2334022 * Initialize      (srpc_rpc_backend.cc:66): SrpcRpcBackend::Initialize: poll_thread_worker_ created, is_some=1
20260909-06:42.54-475182(us) 2334022 * Initialize      (srpc_rpc_backend.cc:97): SrpcRpcBackend initialized on 127.0.0.1:31001 (listening on 0.0.0.0:31001)
20260909-06:42.54-475197(us) 2334022 * FastTransport   (fasttransport.cc:147): FastTransport initialized with srpc/rpc backend on 127.0.0.1:31001
20260909-06:42.54-475272(us) 2334022 * ParseNewFormat  (configuration.cc:102): Using new configuration format
20260909-06:42.54-475326(us) 2334022 * ParseNewFormat  (configuration.cc:162): Loaded 1 sites in 1 shards
20260909-06:42.54-477820(us) 2334022 * ParseNewFormat  (configuration.cc:102): Using new configuration format
20260909-06:42.54-477875(us) 2334022 * ParseNewFormat  (configuration.cc:162): Loaded 1 sites in 1 shards
20260909-06:42.54-484849(us) 2334022 * ParseNewFormat  (configuration.cc:102): Using new configuration format
20260909-06:42.54-484883(us) 2334022 * ParseNewFormat  (configuration.cc:162): Loaded 1 sites in 1 shards
20260909-06:42.54-485132(us) 2334022 * Initialize      (srpc_rpc_backend.cc:66): SrpcRpcBackend::Initialize: poll_thread_worker_ created, is_some=1
20260909-06:42.54-485189(us) 2334022 * Initialize      (srpc_rpc_backend.cc:97): SrpcRpcBackend initialized on 127.0.0.1:31002 (listening on 0.0.0.0:31002)
20260909-06:42.54-485203(us) 2334022 * FastTransport   (fasttransport.cc:147): FastTransport initialized with srpc/rpc backend on 127.0.0.1:31002
20260909-06:42.54-485457(us) 2334022 * ParseNewFormat  (configuration.cc:102): Using new configuration format
20260909-06:42.54-485499(us) 2334022 * ParseNewFormat  (configuration.cc:162): Loaded 1 sites in 1 shards
20260909-06:42.54-485529(us) 2334022 * ParseNewFormat  (configuration.cc:102): Using new configuration format
20260909-06:42.54-485575(us) 2334022 * ParseNewFormat  (configuration.cc:162): Loaded 1 sites in 1 shards
20260909-06:42.54-485667(us) 2334022 * ParseNewFormat  (configuration.cc:102): Using new configuration format
20260909-06:42.54-485693(us) 2334022 * ParseNewFormat  (configuration.cc:162): Loaded 1 sites in 1 shards
20260909-06:42.54-487287(us) 2334022 * Initialize      (srpc_rpc_backend.cc:66): SrpcRpcBackend::Initialize: poll_thread_worker_ created, is_some=1
20260909-06:42.54-487350(us) 2334022 * Initialize      (srpc_rpc_backend.cc:97): SrpcRpcBackend initialized on 127.0.0.1:31003 (listening on 0.0.0.0:31003)
20260909-06:42.54-487366(us) 2334022 * FastTransport   (fasttransport.cc:147): FastTransport initialized with srpc/rpc backend on 127.0.0.1:31003
20260909-06:42.54-495019(us) 2334022 * ParseNewFormat  (configuration.cc:102): Using new configuration format
20260909-06:42.54-495064(us) 2334022 * ParseNewFormat  (configuration.cc:162): Loaded 1 sites in 1 shards
20260909-06:42.54-498888(us) 2334022 * ParseNewFormat  (configuration.cc:102): Using new configuration format
20260909-06:42.54-498921(us) 2334022 * ParseNewFormat  (configuration.cc:162): Loaded 1 sites in 1 shards
20260909-06:42.54-498998(us) 2334022 ! run             (bench.cc:645):     TPCC_BENCH_MEASURE_START
20260909-06:42.54-499025(us) 2334022 ! run             (bench.cc:653):     start the running time, runTime:10
20260909-06:42.54-499042(us) 2334022 ! run             (bench.cc:665):     runtime time left:10000 ms, bool:1
20260909-06:42.55-510076(us) 2334022 ! run             (bench.cc:665):     runtime time left:9000 ms, bool:1
20260909-06:42.56-517379(us) 2334022 ! run             (bench.cc:665):     runtime time left:8000 ms, bool:1
20260909-06:42.57-527740(us) 2334022 ! run             (bench.cc:665):     runtime time left:7000 ms, bool:1
20260909-06:42.58-536103(us) 2334022 ! run             (bench.cc:665):     runtime time left:6000 ms, bool:1
20260909-06:42.59-544061(us) 2334022 ! run             (bench.cc:665):     runtime time left:5000 ms, bool:1
20260909-06:43.00-552193(us) 2334022 ! run             (bench.cc:665):     runtime time left:4000 ms, bool:1
20260909-06:43.01-561805(us) 2334022 ! run             (bench.cc:665):     runtime time left:3000 ms, bool:1
20260909-06:43.02-570387(us) 2334022 ! run             (bench.cc:665):     runtime time left:2000 ms, bool:1
20260909-06:43.03-579051(us) 2334022 ! run             (bench.cc:665):     runtime time left:1000 ms, bool:1
20260909-06:43.04-585906(us) 2334022 ! run             (bench.cc:678):     runtime_plus:0
[SHUTDOWN] Setting running=false to stop database worker threads
[SHUTDOWN] Calling first stop() to stop client transports
20260909-06:43.04-585978(us) 2334022 * PrintStats      (srpc_rpc_backend.cc:686): SrpcRpcBackend request stats: msg_size_req_sent: 0 bytes, counter: 0, avg: 0.000000
20260909-06:43.04-586058(us) 2334022 ! stop            (bench.cc:496):     stop all rpc clients. set stop=false
20260909-06:43.04-586084(us) 2334022 * Stop            (srpc_rpc_backend.cc:593): SrpcRpcBackend::Stop: BEGIN - Setting stop flag
20260909-06:43.04-586101(us) 2334022 * Stop            (srpc_rpc_backend.cc:596): SrpcRpcBackend::Stop: Waiting for event loop to exit...
20260909-06:43.04-586127(us) 2334022 * Stop            (srpc_rpc_backend.cc:612): SrpcRpcBackend::Stop: Event loop exited successfully
20260909-06:43.04-586142(us) 2334022 * Stop            (srpc_rpc_backend.cc:616): SrpcRpcBackend::Stop: Signaling 0 request queues to stop
20260909-06:43.04-586165(us) 2334022 * Stop            (srpc_rpc_backend.cc:624): SrpcRpcBackend::Stop: Signaling 0 response queues to stop
20260909-06:43.04-586179(us) 2334022 * Stop            (srpc_rpc_backend.cc:635): SrpcRpcBackend::Stop: Server cleanup deferred to destructor
20260909-06:43.04-586195(us) 2334022 * Stop            (srpc_rpc_backend.cc:638): SrpcRpcBackend::Stop: Closing client connections
20260909-06:43.04-586209(us) 2334022 * Stop            (srpc_rpc_backend.cc:642): SrpcRpcBackend::Stop: Found 0 client connections to close
20260909-06:43.04-586228(us) 2334022 * Stop            (srpc_rpc_backend.cc:662): SrpcRpcBackend::Stop: Closed 0 client connections
20260909-06:43.04-586242(us) 2334022 * Stop            (srpc_rpc_backend.cc:675): SrpcRpcBackend stats: msg_size_resp_sent: 0 bytes, counter: 0, avg: 0.000000
20260909-06:43.04-586264(us) 2334022 * Stop            (srpc_rpc_backend.cc:676): SrpcRpcBackend::Stop: END
20260909-06:43.04-586278(us) 2334022 * Stop            (srpc_rpc_backend.cc:593): SrpcRpcBackend::Stop: BEGIN - Setting stop flag
20260909-06:43.04-586294(us) 2334022 * Stop            (srpc_rpc_backend.cc:596): SrpcRpcBackend::Stop: Waiting for event loop to exit...
20260909-06:43.04-586308(us) 2334022 * Stop            (srpc_rpc_backend.cc:612): SrpcRpcBackend::Stop: Event loop exited successfully
20260909-06:43.04-586329(us) 2334022 * Stop            (srpc_rpc_backend.cc:616): SrpcRpcBackend::Stop: Signaling 0 request queues to stop
20260909-06:43.04-586344(us) 2334022 * Stop            (srpc_rpc_backend.cc:624): SrpcRpcBackend::Stop: Signaling 0 response queues to stop
20260909-06:43.04-586359(us) 2334022 * Stop            (srpc_rpc_backend.cc:635): SrpcRpcBackend::Stop: Server cleanup deferred to destructor
20260909-06:43.04-586374(us) 2334022 * Stop            (srpc_rpc_backend.cc:638): SrpcRpcBackend::Stop: Closing client connections
20260909-06:43.04-586394(us) 2334022 * Stop            (srpc_rpc_backend.cc:642): SrpcRpcBackend::Stop: Found 0 client connections to close
20260909-06:43.04-586409(us) 2334022 * Stop            (srpc_rpc_backend.cc:662): SrpcRpcBackend::Stop: Closed 0 client connections
20260909-06:43.04-586424(us) 2334022 * Stop            (srpc_rpc_backend.cc:675): SrpcRpcBackend stats: msg_size_resp_sent: 0 bytes, counter: 0, avg: 0.000000
20260909-06:43.04-586439(us) 2334022 * Stop            (srpc_rpc_backend.cc:676): SrpcRpcBackend::Stop: END
20260909-06:43.04-586455(us) 2334022 * Stop            (srpc_rpc_backend.cc:593): SrpcRpcBackend::Stop: BEGIN - Setting stop flag
20260909-06:43.04-586469(us) 2334022 * Stop            (srpc_rpc_backend.cc:596): SrpcRpcBackend::Stop: Waiting for event loop to exit...
20260909-06:43.04-586484(us) 2334022 * Stop            (srpc_rpc_backend.cc:612): SrpcRpcBackend::Stop: Event loop exited successfully
20260909-06:43.04-586500(us) 2334022 * PrintStats      (srpc_rpc_backend.cc:686): SrpcRpcBackend request stats: msg_size_req_sent: 0 bytes, counter: 0, avg: 0.000000
20260909-06:43.04-586530(us) 2334022 * PrintStats      (srpc_rpc_backend.cc:686): SrpcRpcBackend request stats: msg_size_req_sent: 0 bytes, counter: 0, avg: 0.000000
20260909-06:43.04-586571(us) 2334022 * Stop            (srpc_rpc_backend.cc:616): SrpcRpcBackend::Stop: Signaling 0 request queues to stop
20260909-06:43.04-586587(us) 2334022 * Stop            (srpc_rpc_backend.cc:624): SrpcRpcBackend::Stop: Signaling 0 response queues to stop
20260909-06:43.04-586607(us) 2334022 * PrintStats      (srpc_rpc_backend.cc:686): SrpcRpcBackend request stats: msg_size_req_sent: 0 bytes, counter: 0, avg: 0.000000
20260909-06:43.04-586631(us) 2334022 * Stop            (srpc_rpc_backend.cc:635): SrpcRpcBackend::Stop: Server cleanup deferred to destructor
20260909-06:43.04-586646(us) 2334022 * Stop            (srpc_rpc_backend.cc:638): SrpcRpcBackend::Stop: Closing client connections
20260909-06:43.04-586659(us) 2334022 * Stop            (srpc_rpc_backend.cc:642): SrpcRpcBackend::Stop: Found 0 client connections to close
20260909-06:43.04-586672(us) 2334022 * Stop            (srpc_rpc_backend.cc:662): SrpcRpcBackend::Stop: Closed 0 client connections
20260909-06:43.04-586691(us) 2334022 * Stop            (srpc_rpc_backend.cc:675): SrpcRpcBackend stats: msg_size_resp_sent: 0 bytes, counter: 0, avg: 0.000000
20260909-06:43.04-586704(us) 2334022 * Stop            (srpc_rpc_backend.cc:676): SrpcRpcBackend::Stop: END
20260909-06:43.04-586729(us) 2334022 * Stop            (srpc_rpc_backend.cc:593): SrpcRpcBackend::Stop: BEGIN - Setting stop flag
20260909-06:43.04-586742(us) 2334022 * Stop            (srpc_rpc_backend.cc:596): SrpcRpcBackend::Stop: Waiting for event loop to exit...
20260909-06:43.04-586761(us) 2334022 * Stop            (srpc_rpc_backend.cc:612): SrpcRpcBackend::Stop: Event loop exited successfully
20260909-06:43.04-586774(us) 2334022 * Stop            (srpc_rpc_backend.cc:616): SrpcRpcBackend::Stop: Signaling 0 request queues to stop
20260909-06:43.04-586794(us) 2334022 * Stop            (srpc_rpc_backend.cc:624): SrpcRpcBackend::Stop: Signaling 0 response queues to stop
20260909-06:43.04-586807(us) 2334022 * Stop            (srpc_rpc_backend.cc:635): SrpcRpcBackend::Stop: Server cleanup deferred to destructor
20260909-06:43.04-586827(us) 2334022 * Stop            (srpc_rpc_backend.cc:638): SrpcRpcBackend::Stop: Closing client connections
20260909-06:43.04-586848(us) 2334022 * Stop            (srpc_rpc_backend.cc:642): SrpcRpcBackend::Stop: Found 0 client connections to close
20260909-06:43.04-586861(us) 2334022 * Stop            (srpc_rpc_backend.cc:662): SrpcRpcBackend::Stop: Closed 0 client connections
20260909-06:43.04-586874(us) 2334022 * Stop            (srpc_rpc_backend.cc:675): SrpcRpcBackend stats: msg_size_resp_sent: 0 bytes, counter: 0, avg: 0.000000
20260909-06:43.04-586887(us) 2334022 * Stop            (srpc_rpc_backend.cc:676): SrpcRpcBackend::Stop: END
[SHUTDOWN] First stop() completed
[SHUTDOWN] Joining 4 worker threads
[SHUTDOWN] Joining worker 0
20260909-06:43.05-591365(us) 2334022 * Stop            (srpc_rpc_backend.cc:589): SrpcRpcBackend::Stop: Already stopped, returning
20260909-06:43.05-591408(us) 2334022 * Shutdown        (srpc_rpc_backend.cc:112): SrpcRpcBackend::Shutdown: About to delete server
20260909-06:43.05-591424(us) 2334022 * Shutdown        (srpc_rpc_backend.cc:116): SrpcRpcBackend::Shutdown: Server pointer is valid, deleting...
20260909-06:43.05-591451(us) 2334022 * Shutdown        (srpc_rpc_backend.cc:120): SrpcRpcBackend::Shutdown: Server deleted successfully
20260909-06:43.05-591464(us) 2334022 * Shutdown        (srpc_rpc_backend.cc:132): SrpcRpcBackend::Shutdown: About to shutdown poll_thread_worker_
20260909-06:43.05-591477(us) 2334022 * Shutdown        (srpc_rpc_backend.cc:136): SrpcRpcBackend::Shutdown: poll_thread_worker_ is valid, calling shutdown()
20260909-06:43.05-592137(us) 2334022 * Shutdown        (srpc_rpc_backend.cc:138): SrpcRpcBackend::Shutdown: poll_thread_worker_->shutdown() completed
20260909-06:43.05-592187(us) 2334022 * Shutdown        (srpc_rpc_backend.cc:140): SrpcRpcBackend::Shutdown: poll_thread_worker_ reset to None
20260909-06:43.05-592201(us) 2334022 * Shutdown        (srpc_rpc_backend.cc:145): SrpcRpcBackend::Shutdown: Shutdown sequence completed, destructor will now exit
20260909-06:43.05-592214(us) 2334022 * ~SrpcRpcBackend (srpc_rpc_backend.cc:52): SrpcRpcBackend::~SrpcRpcBackend: START destructor
20260909-06:43.05-592229(us) 2334022 * Stop            (srpc_rpc_backend.cc:589): SrpcRpcBackend::Stop: Already stopped, returning
20260909-06:43.05-592243(us) 2334022 * Shutdown        (srpc_rpc_backend.cc:112): SrpcRpcBackend::Shutdown: About to delete server
20260909-06:43.05-592269(us) 2334022 * Shutdown        (srpc_rpc_backend.cc:129): SrpcRpcBackend::Shutdown: Server pointer is null, skipping deletion
20260909-06:43.05-592282(us) 2334022 * Shutdown        (srpc_rpc_backend.cc:132): SrpcRpcBackend::Shutdown: About to shutdown poll_thread_worker_
20260909-06:43.05-592295(us) 2334022 * Shutdown        (srpc_rpc_backend.cc:142): SrpcRpcBackend::Shutdown: poll_thread_worker_ is null, skipping shutdown
20260909-06:43.05-592330(us) 2334022 * Shutdown        (srpc_rpc_backend.cc:145): SrpcRpcBackend::Shutdown: Shutdown sequence completed, destructor will now exit
20260909-06:43.05-592351(us) 2334022 * ~SrpcRpcBackend (srpc_rpc_backend.cc:54): SrpcRpcBackend::~SrpcRpcBackend: Shutdown() completed
20260909-06:43.05-593694(us) 2334022 * Stop            (srpc_rpc_backend.cc:589): SrpcRpcBackend::Stop: Already stopped, returning
20260909-06:43.05-593729(us) 2334022 * Shutdown        (srpc_rpc_backend.cc:112): SrpcRpcBackend::Shutdown: About to delete server
20260909-06:43.05-593748(us) 2334022 * Shutdown        (srpc_rpc_backend.cc:116): SrpcRpcBackend::Shutdown: Server pointer is valid, deleting...
20260909-06:43.05-593763(us) 2334022 * Stop            (srpc_rpc_backend.cc:589): SrpcRpcBackend::Stop: Already stopped, returning
20260909-06:43.05-593793(us) 2334022 * Shutdown        (srpc_rpc_backend.cc:112): SrpcRpcBackend::Shutdown: About to delete server
20260909-06:43.05-593809(us) 2334022 * Shutdown        (srpc_rpc_backend.cc:116): SrpcRpcBackend::Shutdown: Server pointer is valid, deleting...
20260909-06:43.05-593828(us) 2334022 * Shutdown        (srpc_rpc_backend.cc:120): SrpcRpcBackend::Shutdown: Server deleted successfully
20260909-06:43.05-593852(us) 2334022 * Shutdown        (srpc_rpc_backend.cc:132): SrpcRpcBackend::Shutdown: About to shutdown poll_thread_worker_
20260909-06:43.05-593866(us) 2334022 * Shutdown        (srpc_rpc_backend.cc:136): SrpcRpcBackend::Shutdown: poll_thread_worker_ is valid, calling shutdown()
20260909-06:43.05-593887(us) 2334022 * Shutdown        (srpc_rpc_backend.cc:120): SrpcRpcBackend::Shutdown: Server deleted successfully
20260909-06:43.05-593907(us) 2334022 * Shutdown        (srpc_rpc_backend.cc:132): SrpcRpcBackend::Shutdown: About to shutdown poll_thread_worker_
20260909-06:43.05-593923(us) 2334022 * Shutdown        (srpc_rpc_backend.cc:136): SrpcRpcBackend::Shutdown: poll_thread_worker_ is valid, calling shutdown()
20260909-06:43.05-594000(us) 2334022 * Stop            (srpc_rpc_backend.cc:589): SrpcRpcBackend::Stop: Already stopped, returning
20260909-06:43.05-594029(us) 2334022 * Shutdown        (srpc_rpc_backend.cc:112): SrpcRpcBackend::Shutdown: About to delete server
20260909-06:43.05-594044(us) 2334022 * Shutdown        (srpc_rpc_backend.cc:116): SrpcRpcBackend::Shutdown: Server pointer is valid, deleting...
20260909-06:43.05-594061(us) 2334022 * Shutdown        (srpc_rpc_backend.cc:120): SrpcRpcBackend::Shutdown: Server deleted successfully
20260909-06:43.05-594073(us) 2334022 * Shutdown        (srpc_rpc_backend.cc:132): SrpcRpcBackend::Shutdown: About to shutdown poll_thread_worker_
20260909-06:43.05-594086(us) 2334022 * Shutdown        (srpc_rpc_backend.cc:136): SrpcRpcBackend::Shutdown: poll_thread_worker_ is valid, calling shutdown()
20260909-06:43.05-595148(us) 2334022 * Shutdown        (srpc_rpc_backend.cc:138): SrpcRpcBackend::Shutdown: poll_thread_worker_->shutdown() completed
20260909-06:43.05-595192(us) 2334022 * Shutdown        (srpc_rpc_backend.cc:140): SrpcRpcBackend::Shutdown: poll_thread_worker_ reset to None
20260909-06:43.05-595209(us) 2334022 * Shutdown        (srpc_rpc_backend.cc:145): SrpcRpcBackend::Shutdown: Shutdown sequence completed, destructor will now exit
20260909-06:43.05-595225(us) 2334022 * ~SrpcRpcBackend (srpc_rpc_backend.cc:52): SrpcRpcBackend::~SrpcRpcBackend: START destructor
20260909-06:43.05-595243(us) 2334022 * Stop            (srpc_rpc_backend.cc:589): SrpcRpcBackend::Stop: Already stopped, returning
20260909-06:43.05-595260(us) 2334022 * Shutdown        (srpc_rpc_backend.cc:112): SrpcRpcBackend::Shutdown: About to delete server
20260909-06:43.05-595276(us) 2334022 * Shutdown        (srpc_rpc_backend.cc:129): SrpcRpcBackend::Shutdown: Server pointer is null, skipping deletion
20260909-06:43.05-595291(us) 2334022 * Shutdown        (srpc_rpc_backend.cc:132): SrpcRpcBackend::Shutdown: About to shutdown poll_thread_worker_
20260909-06:43.05-595309(us) 2334022 * Shutdown        (srpc_rpc_backend.cc:142): SrpcRpcBackend::Shutdown: poll_thread_worker_ is null, skipping shutdown
20260909-06:43.05-595325(us) 2334022 * Shutdown        (srpc_rpc_backend.cc:145): SrpcRpcBackend::Shutdown: Shutdown sequence completed, destructor will now exit
20260909-06:43.05-595344(us) 2334022 * ~SrpcRpcBackend (srpc_rpc_backend.cc:54): SrpcRpcBackend::~SrpcRpcBackend: Shutdown() completed
20260909-06:43.05-595366(us) 2334022 * Shutdown        (srpc_rpc_backend.cc:138): SrpcRpcBackend::Shutdown: poll_thread_worker_->shutdown() completed
20260909-06:43.05-595404(us) 2334022 * Shutdown        (srpc_rpc_backend.cc:138): SrpcRpcBackend::Shutdown: poll_thread_worker_->shutdown() completed
20260909-06:43.05-595445(us) 2334022 * Shutdown        (srpc_rpc_backend.cc:140): SrpcRpcBackend::Shutdown: poll_thread_worker_ reset to None
20260909-06:43.05-595463(us) 2334022 * Shutdown        (srpc_rpc_backend.cc:145): SrpcRpcBackend::Shutdown: Shutdown sequence completed, destructor will now exit
20260909-06:43.05-595481(us) 2334022 * ~SrpcRpcBackend (srpc_rpc_backend.cc:52): SrpcRpcBackend::~SrpcRpcBackend: START destructor
20260909-06:43.05-595500(us) 2334022 * Stop            (srpc_rpc_backend.cc:589): SrpcRpcBackend::Stop: Already stopped, returning
20260909-06:43.05-595531(us) 2334022 * Shutdown        (srpc_rpc_backend.cc:112): SrpcRpcBackend::Shutdown: About to delete server
20260909-06:43.05-595560(us) 2334022 * Shutdown        (srpc_rpc_backend.cc:129): SrpcRpcBackend::Shutdown: Server pointer is null, skipping deletion
20260909-06:43.05-595579(us) 2334022 * Shutdown        (srpc_rpc_backend.cc:132): SrpcRpcBackend::Shutdown: About to shutdown poll_thread_worker_
20260909-06:43.05-595596(us) 2334022 * Shutdown        (srpc_rpc_backend.cc:142): SrpcRpcBackend::Shutdown: poll_thread_worker_ is null, skipping shutdown
20260909-06:43.05-595613(us) 2334022 * Shutdown        (srpc_rpc_backend.cc:145): SrpcRpcBackend::Shutdown: Shutdown sequence completed, destructor will now exit
20260909-06:43.05-595630(us) 2334022 * ~SrpcRpcBackend (srpc_rpc_backend.cc:54): SrpcRpcBackend::~SrpcRpcBackend: Shutdown() completed
20260909-06:43.05-595656(us) 2334022 * Shutdown        (srpc_rpc_backend.cc:140): SrpcRpcBackend::Shutdown: poll_thread_worker_ reset to None
20260909-06:43.05-595691(us) 2334022 * Shutdown        (srpc_rpc_backend.cc:145): SrpcRpcBackend::Shutdown: Shutdown sequence completed, destructor will now exit
20260909-06:43.05-595712(us) 2334022 * ~SrpcRpcBackend (srpc_rpc_backend.cc:52): SrpcRpcBackend::~SrpcRpcBackend: START destructor
20260909-06:43.05-595730(us) 2334022 * Stop            (srpc_rpc_backend.cc:589): SrpcRpcBackend::Stop: Already stopped, returning
20260909-06:43.05-595750(us) 2334022 * Shutdown        (srpc_rpc_backend.cc:112): SrpcRpcBackend::Shutdown: About to delete server
20260909-06:43.05-595775(us) 2334022 * Shutdown        (srpc_rpc_backend.cc:129): SrpcRpcBackend::Shutdown: Server pointer is null, skipping deletion
20260909-06:43.05-595798(us) 2334022 * Shutdown        (srpc_rpc_backend.cc:132): SrpcRpcBackend::Shutdown: About to shutdown poll_thread_worker_
20260909-06:43.05-595824(us) 2334022 * Shutdown        (srpc_rpc_backend.cc:142): SrpcRpcBackend::Shutdown: poll_thread_worker_ is null, skipping shutdown
20260909-06:43.05-595856(us) 2334022 * Shutdown        (srpc_rpc_backend.cc:145): SrpcRpcBackend::Shutdown: Shutdown sequence completed, destructor will now exit
20260909-06:43.05-595880(us) 2334022 * ~SrpcRpcBackend (srpc_rpc_backend.cc:54): SrpcRpcBackend::~SrpcRpcBackend: Shutdown() completed
[SHUTDOWN] Worker 0 joined
[SHUTDOWN] Joining worker 1
[SHUTDOWN] Worker 1 joined
[SHUTDOWN] Joining worker 2
[SHUTDOWN] Worker 2 joined
[SHUTDOWN] Joining worker 3
[SHUTDOWN] Worker 3 joined
[SHUTDOWN] All workers joined
[SHUTDOWN] Calling stop_rpc_server()
[STOP_SERVER] Stopping 2 server transports
[STOP_SERVER] Stopping server transport 0
20260909-06:43.05-596740(us) 2334022 * Stop            (srpc_rpc_backend.cc:593): SrpcRpcBackend::Stop: BEGIN - Setting stop flag
20260909-06:43.05-596765(us) 2334022 * Stop            (srpc_rpc_backend.cc:596): SrpcRpcBackend::Stop: Waiting for event loop to exit...
20260909-06:43.05-596843(us) 2334022 * RunEventLoop    (srpc_rpc_backend.cc:577): SrpcRpcBackend::RunEventLoop: Stop flag detected, exiting event loop
20260909-06:43.05-596866(us) 2334022 * RunEventLoop    (srpc_rpc_backend.cc:581): SrpcRpcBackend::RunEventLoop: Exited cleanly
20260909-06:43.05-596880(us) 2334022 * rpc_server      (rpc_setup.cc:126): the rpc_server is terminated on shardIdx:0, alpha:0!
20260909-06:43.05-606851(us) 2334022 * Stop            (srpc_rpc_backend.cc:612): SrpcRpcBackend::Stop: Event loop exited successfully
20260909-06:43.05-606889(us) 2334022 * Stop            (srpc_rpc_backend.cc:616): SrpcRpcBackend::Stop: Signaling 0 request queues to stop
20260909-06:43.05-606907(us) 2334022 * Stop            (srpc_rpc_backend.cc:624): SrpcRpcBackend::Stop: Signaling 0 response queues to stop
20260909-06:43.05-606924(us) 2334022 * Stop            (srpc_rpc_backend.cc:635): SrpcRpcBackend::Stop: Server cleanup deferred to destructor
20260909-06:43.05-606940(us) 2334022 * Stop            (srpc_rpc_backend.cc:638): SrpcRpcBackend::Stop: Closing client connections
20260909-06:43.05-606955(us) 2334022 * Stop            (srpc_rpc_backend.cc:642): SrpcRpcBackend::Stop: Found 0 client connections to close
20260909-06:43.05-606971(us) 2334022 * Stop            (srpc_rpc_backend.cc:662): SrpcRpcBackend::Stop: Closed 0 client connections
20260909-06:43.05-607025(us) 2334022 * Stop            (srpc_rpc_backend.cc:675): SrpcRpcBackend stats: msg_size_resp_sent: 0 bytes, counter: 0, avg: 0.000000
20260909-06:43.05-607044(us) 2334022 * Stop            (srpc_rpc_backend.cc:676): SrpcRpcBackend::Stop: END
[STOP_SERVER] Server transport 0 stopped
[STOP_SERVER] Stopping server transport 1
20260909-06:43.05-607079(us) 2334022 * Stop            (srpc_rpc_backend.cc:593): SrpcRpcBackend::Stop: BEGIN - Setting stop flag
20260909-06:43.05-607099(us) 2334022 * Stop            (srpc_rpc_backend.cc:596): SrpcRpcBackend::Stop: Waiting for event loop to exit...
20260909-06:43.05-607131(us) 2334022 * RunEventLoop    (srpc_rpc_backend.cc:577): SrpcRpcBackend::RunEventLoop: Stop flag detected, exiting event loop
20260909-06:43.05-607157(us) 2334022 * RunEventLoop    (srpc_rpc_backend.cc:581): SrpcRpcBackend::RunEventLoop: Exited cleanly
20260909-06:43.05-607171(us) 2334022 * rpc_server      (rpc_setup.cc:126): the rpc_server is terminated on shardIdx:0, alpha:1!
20260909-06:43.05-617216(us) 2334022 * Stop            (srpc_rpc_backend.cc:612): SrpcRpcBackend::Stop: Event loop exited successfully
20260909-06:43.05-617254(us) 2334022 * Stop            (srpc_rpc_backend.cc:616): SrpcRpcBackend::Stop: Signaling 0 request queues to stop
20260909-06:43.05-617273(us) 2334022 * Stop            (srpc_rpc_backend.cc:624): SrpcRpcBackend::Stop: Signaling 0 response queues to stop
20260909-06:43.05-617289(us) 2334022 * Stop            (srpc_rpc_backend.cc:635): SrpcRpcBackend::Stop: Server cleanup deferred to destructor
20260909-06:43.05-617305(us) 2334022 * Stop            (srpc_rpc_backend.cc:638): SrpcRpcBackend::Stop: Closing client connections
20260909-06:43.05-617320(us) 2334022 * Stop            (srpc_rpc_backend.cc:642): SrpcRpcBackend::Stop: Found 0 client connections to close
20260909-06:43.05-617337(us) 2334022 * Stop            (srpc_rpc_backend.cc:662): SrpcRpcBackend::Stop: Closed 0 client connections
20260909-06:43.05-617362(us) 2334022 * Stop            (srpc_rpc_backend.cc:675): SrpcRpcBackend stats: msg_size_resp_sent: 0 bytes, counter: 0, avg: 0.000000
20260909-06:43.05-617380(us) 2334022 * Stop            (srpc_rpc_backend.cc:676): SrpcRpcBackend::Stop: END
[STOP_SERVER] Server transport 1 stopped
20260909-06:43.05-617534(us) 2334022 * Stop            (srpc_rpc_backend.cc:589): SrpcRpcBackend::Stop: Already stopped, returning
20260909-06:43.05-617558(us) 2334022 * Shutdown        (srpc_rpc_backend.cc:112): SrpcRpcBackend::Shutdown: About to delete server
20260909-06:43.05-617578(us) 2334022 * Shutdown        (srpc_rpc_backend.cc:116): SrpcRpcBackend::Shutdown: Server pointer is valid, deleting...
20260909-06:43.05-617602(us) 2334022 * Shutdown        (srpc_rpc_backend.cc:120): SrpcRpcBackend::Shutdown: Server deleted successfully
20260909-06:43.05-617621(us) 2334022 * Shutdown        (srpc_rpc_backend.cc:132): SrpcRpcBackend::Shutdown: About to shutdown poll_thread_worker_
20260909-06:43.05-617640(us) 2334022 * Shutdown        (srpc_rpc_backend.cc:136): SrpcRpcBackend::Shutdown: poll_thread_worker_ is valid, calling shutdown()
20260909-06:43.05-618815(us) 2334022 * Shutdown        (srpc_rpc_backend.cc:138): SrpcRpcBackend::Shutdown: poll_thread_worker_->shutdown() completed
20260909-06:43.05-618879(us) 2334022 * Shutdown        (srpc_rpc_backend.cc:140): SrpcRpcBackend::Shutdown: poll_thread_worker_ reset to None
20260909-06:43.05-618901(us) 2334022 * Shutdown        (srpc_rpc_backend.cc:145): SrpcRpcBackend::Shutdown: Shutdown sequence completed, destructor will now exit
20260909-06:43.05-618921(us) 2334022 * ~SrpcRpcBackend (srpc_rpc_backend.cc:52): SrpcRpcBackend::~SrpcRpcBackend: START destructor
20260909-06:43.05-618940(us) 2334022 * Stop            (srpc_rpc_backend.cc:589): SrpcRpcBackend::Stop: Already stopped, returning
20260909-06:43.05-618968(us) 2334022 * Shutdown        (srpc_rpc_backend.cc:112): SrpcRpcBackend::Shutdown: About to delete server
20260909-06:43.05-618993(us) 2334022 * Shutdown        (srpc_rpc_backend.cc:129): SrpcRpcBackend::Shutdown: Server pointer is null, skipping deletion
20260909-06:43.05-619018(us) 2334022 * Shutdown        (srpc_rpc_backend.cc:132): SrpcRpcBackend::Shutdown: About to shutdown poll_thread_worker_
20260909-06:43.05-619041(us) 2334022 * Shutdown        (srpc_rpc_backend.cc:142): SrpcRpcBackend::Shutdown: poll_thread_worker_ is null, skipping shutdown
20260909-06:43.05-619064(us) 2334022 * Shutdown        (srpc_rpc_backend.cc:145): SrpcRpcBackend::Shutdown: Shutdown sequence completed, destructor will now exit
20260909-06:43.05-619087(us) 2334022 * ~SrpcRpcBackend (srpc_rpc_backend.cc:54): SrpcRpcBackend::~SrpcRpcBackend: Shutdown() completed
20260909-06:43.05-619148(us) 2334022 * Stop            (srpc_rpc_backend.cc:589): SrpcRpcBackend::Stop: Already stopped, returning
20260909-06:43.05-619171(us) 2334022 * Shutdown        (srpc_rpc_backend.cc:112): SrpcRpcBackend::Shutdown: About to delete server
20260909-06:43.05-619190(us) 2334022 * Shutdown        (srpc_rpc_backend.cc:116): SrpcRpcBackend::Shutdown: Server pointer is valid, deleting...
20260909-06:43.05-619215(us) 2334022 * Shutdown        (srpc_rpc_backend.cc:120): SrpcRpcBackend::Shutdown: Server deleted successfully
20260909-06:43.05-619236(us) 2334022 * Shutdown        (srpc_rpc_backend.cc:132): SrpcRpcBackend::Shutdown: About to shutdown poll_thread_worker_
20260909-06:43.05-619256(us) 2334022 * Shutdown        (srpc_rpc_backend.cc:136): SrpcRpcBackend::Shutdown: poll_thread_worker_ is valid, calling shutdown()
20260909-06:43.05-620626(us) 2334022 * Shutdown        (srpc_rpc_backend.cc:138): SrpcRpcBackend::Shutdown: poll_thread_worker_->shutdown() completed
20260909-06:43.05-620679(us) 2334022 * Shutdown        (srpc_rpc_backend.cc:140): SrpcRpcBackend::Shutdown: poll_thread_worker_ reset to None
20260909-06:43.05-620700(us) 2334022 * Shutdown        (srpc_rpc_backend.cc:145): SrpcRpcBackend::Shutdown: Shutdown sequence completed, destructor will now exit
20260909-06:43.05-620719(us) 2334022 * ~SrpcRpcBackend (srpc_rpc_backend.cc:52): SrpcRpcBackend::~SrpcRpcBackend: START destructor
20260909-06:43.05-620738(us) 2334022 * Stop            (srpc_rpc_backend.cc:589): SrpcRpcBackend::Stop: Already stopped, returning
20260909-06:43.05-620769(us) 2334022 * Shutdown        (srpc_rpc_backend.cc:112): SrpcRpcBackend::Shutdown: About to delete server
20260909-06:43.05-620788(us) 2334022 * Shutdown        (srpc_rpc_backend.cc:129): SrpcRpcBackend::Shutdown: Server pointer is null, skipping deletion
20260909-06:43.05-620813(us) 2334022 * Shutdown        (srpc_rpc_backend.cc:132): SrpcRpcBackend::Shutdown: About to shutdown poll_thread_worker_
20260909-06:43.05-620850(us) 2334022 * Shutdown        (srpc_rpc_backend.cc:142): SrpcRpcBackend::Shutdown: poll_thread_worker_ is null, skipping shutdown
20260909-06:43.05-620871(us) 2334022 * Shutdown        (srpc_rpc_backend.cc:145): SrpcRpcBackend::Shutdown: Shutdown sequence completed, destructor will now exit
20260909-06:43.05-620895(us) 2334022 * ~SrpcRpcBackend (srpc_rpc_backend.cc:54): SrpcRpcBackend::~SrpcRpcBackend: Shutdown() completed
[STOP_SERVER] All server transports stopped
[SHUTDOWN] stop_rpc_server() completed
[SHUTDOWN] Calling second stop()
20260909-06:43.05-620975(us) 2334022 ! stop            (bench.cc:496):     stop all rpc clients. set stop=false
[SHUTDOWN] Second stop() completed
20260909-06:43.05-621002(us) 2334022 ! run             (bench.cc:731):     TPCC_BENCH_MEASURE_END
[SHUTDOWN] Calling do_txn_finish()
[SHUTDOWN] do_txn_finish() completed
--- n_commits per partition ---
 par_id: 0, n_commits: 398657
 par_id: 1, n_commits: 448496
 par_id: 2, n_commits: 416321
 par_id: 3, n_commits: 452904
--- benchmark statistics ---
runtime: 10.1221 sec
memory delta: 1203.21 MB
n_commits: 1716378
latency_numer_us: 39314114
latency_numer_us_remote: 0
memory delta rate: 118.87 MB/sec
logical memory delta: 108.917 MB
logical memory delta rate: 10.7603 MB/sec
agg_nosync_throughput: 169569 ops/sec
avg_nosync_per_core_throughput: 42392.4 ops/sec/core
agg_throughput: 169568 ops/sec
avg_per_core_throughput: 42392 ops/sec/core
agg_persist_throughput: 169568 ops/sec
avg_per_core_persist_throughput: 42392 ops/sec/core
avg_latency: 0.0229053 ms
avg_persist_latency: 0 ms
agg_abort_rate: 26.5756 aborts/sec
avg_per_core_abort_rate: 6.64391 aborts/sec/core
  NewOrder_local_commit_latency: 0.0258342 ms
  NewOrder_local_abort_latency: 0.0568119 ms
  NewOrder_local_abort_ratio: 8.14483e-05
  Payment_local_commit_latency: 0.00801185 ms
  Payment_local_abort_latency: 0.042207 ms
  Payment_local_abort_ratio: 2.71376e-06
  Delivery_local_commit_latency: 0.100125 ms
  Delivery_local_abort_latency: 0 ms
  Delivery_local_abort_ratio: 0
  OrderStatus_local_commit_latency: 0.00757317 ms
  OrderStatus_local_abort_latency: 0.0346315 ms
  OrderStatus_local_abort_ratio: 2.91346e-05
  StockLevel_local_commit_latency: 0.100319 ms
  StockLevel_local_abort_latency: 0.130817 ms
  StockLevel_local_abort_ratio: 0.00294101
  NewOrder_remote_ratio: 0 %
  NewOrder_remote_abort_ratio: 0 %
  NewOrder_remote_commit_latency: 0 ms
  NewOrder_remote_abort_latency: 0 ms
  Payment_remote_ratio: 0 %
  Payment_remote_abort_ratio: 0 %
  Payment_remote_commit_latency: 0 ms
  Payment_remote_abort_latency: 0 ms
--- system counters (for benchmark) ---
--- perf counters (if enabled, for benchmark) ---
--- allocator stats ---
[SiloRuntime 0] ncpus=4
[SiloRuntime 0] cpu=0 fully_faulted?=0 remaining=536870912 bytes
[SiloRuntime 0] cpu=1 fully_faulted?=0 remaining=536870912 bytes
[SiloRuntime 0] cpu=2 fully_faulted?=0 remaining=536870912 bytes
[SiloRuntime 0] cpu=3 fully_faulted?=0 remaining=536870912 bytes
---------------------------------------
--- system counters for n_commits ---
[STOP_SERVER] Stopping 0 server transports
[STOP_SERVER] All server transports stopped
