new table is created with name: customer_0, table-id: 1, on shard-server id:0
new table is created with name: customer_1, table-id: 2, on shard-server id:0
new table is created with name: customer_2, table-id: 3, on shard-server id:0
new table is created with name: customer_3, table-id: 4, on shard-server id:0
new table is created with name: customer_name_idx_0, table-id: 5, on shard-server id:0
new table is created with name: customer_name_idx_1, table-id: 6, on shard-server id:0
new table is created with name: customer_name_idx_2, table-id: 7, on shard-server id:0
new table is created with name: customer_name_idx_3, table-id: 8, on shard-server id:0
new table is created with name: district_0, table-id: 9, on shard-server id:0
new table is created with name: district_1, table-id: 10, on shard-server id:0
new table is created with name: district_2, table-id: 11, on shard-server id:0
new table is created with name: district_3, table-id: 12, on shard-server id:0
new table is created with name: history_0, table-id: 13, on shard-server id:0
new table is created with name: history_1, table-id: 14, on shard-server id:0
new table is created with name: history_2, table-id: 15, on shard-server id:0
new table is created with name: history_3, table-id: 16, on shard-server id:0
new table is created with name: new_order_0, table-id: 17, on shard-server id:0
new table is created with name: new_order_1, table-id: 18, on shard-server id:0
new table is created with name: new_order_2, table-id: 19, on shard-server id:0
new table is created with name: new_order_3, table-id: 20, on shard-server id:0
new table is created with name: oorder_0, table-id: 21, on shard-server id:0
new table is created with name: oorder_1, table-id: 22, on shard-server id:0
new table is created with name: oorder_2, table-id: 23, on shard-server id:0
new table is created with name: oorder_3, table-id: 24, on shard-server id:0
new table is created with name: oorder_c_id_idx_0, table-id: 25, on shard-server id:0
new table is created with name: oorder_c_id_idx_1, table-id: 26, on shard-server id:0
new table is created with name: oorder_c_id_idx_2, table-id: 27, on shard-server id:0
new table is created with name: oorder_c_id_idx_3, table-id: 28, on shard-server id:0
new table is created with name: order_line_0, table-id: 29, on shard-server id:0
new table is created with name: order_line_1, table-id: 30, on shard-server id:0
new table is created with name: order_line_2, table-id: 31, on shard-server id:0
new table is created with name: order_line_3, table-id: 32, on shard-server id:0
new table is created with name: stock_0, table-id: 33, on shard-server id:0
new table is created with name: stock_1, table-id: 34, on shard-server id:0
new table is created with name: stock_2, table-id: 35, on shard-server id:0
new table is created with name: stock_3, table-id: 36, on shard-server id:0
new table is created with name: stock_data_0, table-id: 37, on shard-server id:0
new table is created with name: stock_data_1, table-id: 38, on shard-server id:0
new table is created with name: stock_data_2, table-id: 39, on shard-server id:0
new table is created with name: stock_data_3, table-id: 40, on shard-server id:0
new table is created with name: warehouse_0, table-id: 41, on shard-server id:0
new table is created with name: warehouse_1, table-id: 42, on shard-server id:0
new table is created with name: warehouse_2, table-id: 43, on shard-server id:0
new table is created with name: warehouse_3, table-id: 44, on shard-server id:0
new table is created with name: item, table-id: 45, on shard-server id:0
TPC-C Sharding: Initialized policy with 4 warehouses across 1 shards (version 1788936188)
D [<unknown>:0] 2026-09-09 06:43:08.979 | Server: generated instance_id=2998546452191793669
D [<unknown>:0] 2026-09-09 06:43:08.979 | [poll_loop] Starting poll loop
D [<unknown>:0] 2026-09-09 06:43:08.980 | Server: generated instance_id=4412698751140277277
D [<unknown>:0] 2026-09-09 06:43:08.980 | [poll_loop] Starting poll loop
start worker:3180
D [<unknown>:0] 2026-09-09 06:43:08.980 | create a fiber scheduler
D [<unknown>:0] 2026-09-09 06:43:08.981 | create a fiber scheduler
--------------Finish loading data and wait for others completing load phase ------------
No JEMALLOC_NO_RENAME
No JEMALLOC_NO_RENAME
No JEMALLOC_NO_RENAME
No JEMALLOC_NO_RENAME
D [<unknown>:0] 2026-09-09 06:43:15.605 | Server: generated instance_id=6190849456773140568
D [<unknown>:0] 2026-09-09 06:43:15.605 | [poll_loop] Starting poll loop
D [<unknown>:0] 2026-09-09 06:43:15.607 | create a fiber scheduler
D [<unknown>:0] 2026-09-09 06:43:15.611 | Server: generated instance_id=7638213074983964525
D [<unknown>:0] 2026-09-09 06:43:15.611 | [poll_loop] Starting poll loop
D [<unknown>:0] 2026-09-09 06:43:15.613 | create a fiber scheduler
D [<unknown>:0] 2026-09-09 06:43:15.613 | Server: generated instance_id=5124603415540057373
D [<unknown>:0] 2026-09-09 06:43:15.613 | [poll_loop] Starting poll loop
D [<unknown>:0] 2026-09-09 06:43:15.614 | Server: generated instance_id=6379723771830288756
D [<unknown>:0] 2026-09-09 06:43:15.614 | [poll_loop] Starting poll loop
D [<unknown>:0] 2026-09-09 06:43:15.614 | create a fiber scheduler
D [<unknown>:0] 2026-09-09 06:43:15.615 | create a fiber scheduler
D [<unknown>:0] 2026-09-09 06:43:26.696 | [PollThread::shutdown] Called from TID=2334483
D [<unknown>:0] 2026-09-09 06:43:26.696 | [PollThread::shutdown] Sending CmdShutdown
D [<unknown>:0] 2026-09-09 06:43:26.696 | [PollThread::shutdown] CmdShutdown sent
D [<unknown>:0] 2026-09-09 06:43:26.696 | [PollThread::shutdown] Acquiring join_handle lock...
D [<unknown>:0] 2026-09-09 06:43:26.696 | [PollThread::shutdown] join_handle lock acquired
D [<unknown>:0] 2026-09-09 06:43:26.696 | [PollThread::shutdown] Calling thread.join()...
D [<unknown>:0] 2026-09-09 06:43:26.696 | [poll_loop] Exited while loop (stop_=true), starting cleanup
D [<unknown>:0] 2026-09-09 06:43:26.696 | [poll_loop] Cleanup complete, poll_loop exiting
D [<unknown>:0] 2026-09-09 06:43:26.697 | [Reactor::~Reactor] Starting destruction, all_events_.len()=0, fibers_.size()=0
D [<unknown>:0] 2026-09-09 06:43:26.697 | [Reactor::~Reactor] Destructor body complete, about to destroy member variables
D [<unknown>:0] 2026-09-09 06:43:26.697 | [PollThread::shutdown] thread.join() completed!
D [<unknown>:0] 2026-09-09 06:43:26.697 | [PollThread::shutdown] Released join_handle lock
D [<unknown>:0] 2026-09-09 06:43:26.697 | [PollThread::shutdown] Complete
D [<unknown>:0] 2026-09-09 06:43:26.697 | [PollThread::~PollThread] Destructor called from TID=2334483
D [<unknown>:0] 2026-09-09 06:43:26.697 | [PollThread::shutdown] Called from TID=2334483
D [<unknown>:0] 2026-09-09 06:43:26.697 | [PollThread::shutdown] Already called, returning
D [<unknown>:0] 2026-09-09 06:43:26.697 | [PollThread::~PollThread] Destructor complete
D [<unknown>:0] 2026-09-09 06:43:26.702 | [PollThread::shutdown] Called from TID=2334482
D [<unknown>:0] 2026-09-09 06:43:26.702 | [PollThread::shutdown] Sending CmdShutdown
D [<unknown>:0] 2026-09-09 06:43:26.702 | [PollThread::shutdown] CmdShutdown sent
D [<unknown>:0] 2026-09-09 06:43:26.702 | [PollThread::shutdown] Acquiring join_handle lock...
D [<unknown>:0] 2026-09-09 06:43:26.702 | [PollThread::shutdown] join_handle lock acquired
D [<unknown>:0] 2026-09-09 06:43:26.702 | [PollThread::shutdown] Calling thread.join()...
D [<unknown>:0] 2026-09-09 06:43:26.702 | [PollThread::shutdown] Called from TID=2334484
D [<unknown>:0] 2026-09-09 06:43:26.702 | [PollThread::shutdown] Sending CmdShutdown
D [<unknown>:0] 2026-09-09 06:43:26.702 | [PollThread::shutdown] CmdShutdown sent
D [<unknown>:0] 2026-09-09 06:43:26.702 | [PollThread::shutdown] Acquiring join_handle lock...
D [<unknown>:0] 2026-09-09 06:43:26.702 | [PollThread::shutdown] join_handle lock acquired
D [<unknown>:0] 2026-09-09 06:43:26.702 | [PollThread::shutdown] Calling thread.join()...
D [<unknown>:0] 2026-09-09 06:43:26.702 | [PollThread::shutdown] Called from TID=2334485
D [<unknown>:0] 2026-09-09 06:43:26.702 | [PollThread::shutdown] Sending CmdShutdown
D [<unknown>:0] 2026-09-09 06:43:26.702 | [PollThread::shutdown] CmdShutdown sent
D [<unknown>:0] 2026-09-09 06:43:26.702 | [PollThread::shutdown] Acquiring join_handle lock...
D [<unknown>:0] 2026-09-09 06:43:26.702 | [PollThread::shutdown] join_handle lock acquired
D [<unknown>:0] 2026-09-09 06:43:26.702 | [PollThread::shutdown] Calling thread.join()...
D [<unknown>:0] 2026-09-09 06:43:26.702 | [poll_loop] Exited while loop (stop_=true), starting cleanup
D [<unknown>:0] 2026-09-09 06:43:26.702 | [poll_loop] Cleanup complete, poll_loop exiting
D [<unknown>:0] 2026-09-09 06:43:26.702 | [Reactor::~Reactor] Starting destruction, all_events_.len()=0, fibers_.size()=0
D [<unknown>:0] 2026-09-09 06:43:26.702 | [Reactor::~Reactor] Destructor body complete, about to destroy member variables
D [<unknown>:0] 2026-09-09 06:43:26.702 | [PollThread::shutdown] thread.join() completed!
D [<unknown>:0] 2026-09-09 06:43:26.702 | [PollThread::shutdown] Released join_handle lock
D [<unknown>:0] 2026-09-09 06:43:26.702 | [PollThread::shutdown] Complete
D [<unknown>:0] 2026-09-09 06:43:26.702 | [PollThread::~PollThread] Destructor called from TID=2334482
D [<unknown>:0] 2026-09-09 06:43:26.702 | [PollThread::shutdown] Called from TID=2334482
D [<unknown>:0] 2026-09-09 06:43:26.702 | [PollThread::shutdown] Already called, returning
D [<unknown>:0] 2026-09-09 06:43:26.702 | [PollThread::~PollThread] Destructor complete
D [<unknown>:0] 2026-09-09 06:43:26.703 | [poll_loop] Exited while loop (stop_=true), starting cleanup
D [<unknown>:0] 2026-09-09 06:43:26.703 | [poll_loop] Cleanup complete, poll_loop exiting
D [<unknown>:0] 2026-09-09 06:43:26.703 | [Reactor::~Reactor] Starting destruction, all_events_.len()=0, fibers_.size()=0
D [<unknown>:0] 2026-09-09 06:43:26.703 | [Reactor::~Reactor] Destructor body complete, about to destroy member variables
D [<unknown>:0] 2026-09-09 06:43:26.703 | [PollThread::shutdown] thread.join() completed!
D [<unknown>:0] 2026-09-09 06:43:26.703 | [PollThread::shutdown] Released join_handle lock
D [<unknown>:0] 2026-09-09 06:43:26.703 | [PollThread::shutdown] Complete
D [<unknown>:0] 2026-09-09 06:43:26.703 | [PollThread::~PollThread] Destructor called from TID=2334484
D [<unknown>:0] 2026-09-09 06:43:26.703 | [PollThread::shutdown] Called from TID=2334484
D [<unknown>:0] 2026-09-09 06:43:26.703 | [PollThread::shutdown] Already called, returning
D [<unknown>:0] 2026-09-09 06:43:26.703 | [PollThread::~PollThread] Destructor complete
D [<unknown>:0] 2026-09-09 06:43:26.703 | [poll_loop] Exited while loop (stop_=true), starting cleanup
D [<unknown>:0] 2026-09-09 06:43:26.703 | [poll_loop] Cleanup complete, poll_loop exiting
D [<unknown>:0] 2026-09-09 06:43:26.703 | [Reactor::~Reactor] Starting destruction, all_events_.len()=0, fibers_.size()=0
D [<unknown>:0] 2026-09-09 06:43:26.703 | [Reactor::~Reactor] Destructor body complete, about to destroy member variables
D [<unknown>:0] 2026-09-09 06:43:26.703 | [PollThread::shutdown] thread.join() completed!
D [<unknown>:0] 2026-09-09 06:43:26.703 | [PollThread::shutdown] Released join_handle lock
D [<unknown>:0] 2026-09-09 06:43:26.703 | [PollThread::shutdown] Complete
D [<unknown>:0] 2026-09-09 06:43:26.704 | [PollThread::~PollThread] Destructor called from TID=2334485
D [<unknown>:0] 2026-09-09 06:43:26.704 | [PollThread::shutdown] Called from TID=2334485
D [<unknown>:0] 2026-09-09 06:43:26.704 | [PollThread::shutdown] Already called, returning
D [<unknown>:0] 2026-09-09 06:43:26.704 | [PollThread::~PollThread] Destructor complete
D [<unknown>:0] 2026-09-09 06:43:26.726 | [PollThread::shutdown] Called from TID=2334463
D [<unknown>:0] 2026-09-09 06:43:26.726 | [PollThread::shutdown] Sending CmdShutdown
D [<unknown>:0] 2026-09-09 06:43:26.726 | [PollThread::shutdown] CmdShutdown sent
D [<unknown>:0] 2026-09-09 06:43:26.726 | [PollThread::shutdown] Acquiring join_handle lock...
D [<unknown>:0] 2026-09-09 06:43:26.726 | [PollThread::shutdown] join_handle lock acquired
D [<unknown>:0] 2026-09-09 06:43:26.726 | [PollThread::shutdown] Calling thread.join()...
D [<unknown>:0] 2026-09-09 06:43:26.727 | [poll_loop] Exited while loop (stop_=true), starting cleanup
D [<unknown>:0] 2026-09-09 06:43:26.727 | [poll_loop] Cleanup complete, poll_loop exiting
D [<unknown>:0] 2026-09-09 06:43:26.727 | [Reactor::~Reactor] Starting destruction, all_events_.len()=0, fibers_.size()=0
D [<unknown>:0] 2026-09-09 06:43:26.727 | [Reactor::~Reactor] Destructor body complete, about to destroy member variables
D [<unknown>:0] 2026-09-09 06:43:26.727 | [PollThread::shutdown] thread.join() completed!
D [<unknown>:0] 2026-09-09 06:43:26.727 | [PollThread::shutdown] Released join_handle lock
D [<unknown>:0] 2026-09-09 06:43:26.727 | [PollThread::shutdown] Complete
D [<unknown>:0] 2026-09-09 06:43:26.727 | [PollThread::~PollThread] Destructor called from TID=2334463
D [<unknown>:0] 2026-09-09 06:43:26.727 | [PollThread::shutdown] Called from TID=2334463
D [<unknown>:0] 2026-09-09 06:43:26.727 | [PollThread::shutdown] Already called, returning
D [<unknown>:0] 2026-09-09 06:43:26.727 | [PollThread::~PollThread] Destructor complete
D [<unknown>:0] 2026-09-09 06:43:26.727 | [PollThread::shutdown] Called from TID=2334463
D [<unknown>:0] 2026-09-09 06:43:26.727 | [PollThread::shutdown] Sending CmdShutdown
D [<unknown>:0] 2026-09-09 06:43:26.727 | [PollThread::shutdown] CmdShutdown sent
D [<unknown>:0] 2026-09-09 06:43:26.727 | [PollThread::shutdown] Acquiring join_handle lock...
D [<unknown>:0] 2026-09-09 06:43:26.727 | [PollThread::shutdown] join_handle lock acquired
D [<unknown>:0] 2026-09-09 06:43:26.727 | [PollThread::shutdown] Calling thread.join()...
D [<unknown>:0] 2026-09-09 06:43:26.728 | [poll_loop] Exited while loop (stop_=true), starting cleanup
D [<unknown>:0] 2026-09-09 06:43:26.728 | [poll_loop] Cleanup complete, poll_loop exiting
D [<unknown>:0] 2026-09-09 06:43:26.728 | [Reactor::~Reactor] Starting destruction, all_events_.len()=0, fibers_.size()=0
D [<unknown>:0] 2026-09-09 06:43:26.728 | [Reactor::~Reactor] Destructor body complete, about to destroy member variables
D [<unknown>:0] 2026-09-09 06:43:26.728 | [PollThread::shutdown] thread.join() completed!
D [<unknown>:0] 2026-09-09 06:43:26.728 | [PollThread::shutdown] Released join_handle lock
D [<unknown>:0] 2026-09-09 06:43:26.728 | [PollThread::shutdown] Complete
D [<unknown>:0] 2026-09-09 06:43:26.728 | [PollThread::~PollThread] Destructor called from TID=2334463
D [<unknown>:0] 2026-09-09 06:43:26.728 | [PollThread::shutdown] Called from TID=2334463
D [<unknown>:0] 2026-09-09 06:43:26.728 | [PollThread::shutdown] Already called, returning
D [<unknown>:0] 2026-09-09 06:43:26.728 | [PollThread::~PollThread] Destructor complete

TPCC_BENCH_RESULT {"schema_version":1,"engine":"cpp","threads":4,"warehouses":4,"configured_seconds":10,"measured_seconds":10.104925,"commits":1708408,"aborts":246,"attempts":1708654,"throughput_txn_s":169066.86590944516,"mix":{"NewOrder":769847,"Payment":733652,"Delivery":68551,"OrderStatus":68252,"StockLevel":68106}}
