new table is created with name: customer_0, table-id: 1, on shard-server id:0
new table is created with name: customer_1, table-id: 2, on shard-server id:0
new table is created with name: customer_2, table-id: 3, on shard-server id:0
new table is created with name: customer_3, table-id: 4, on shard-server id:0
new table is created with name: customer_4, table-id: 5, on shard-server id:0
new table is created with name: customer_5, table-id: 6, on shard-server id:0
new table is created with name: customer_6, table-id: 7, on shard-server id:0
new table is created with name: customer_7, table-id: 8, on shard-server id:0
new table is created with name: customer_8, table-id: 9, on shard-server id:0
new table is created with name: customer_9, table-id: 10, on shard-server id:0
new table is created with name: customer_10, table-id: 11, on shard-server id:0
new table is created with name: customer_11, table-id: 12, on shard-server id:0
new table is created with name: customer_12, table-id: 13, on shard-server id:0
new table is created with name: customer_13, table-id: 14, on shard-server id:0
new table is created with name: customer_14, table-id: 15, on shard-server id:0
new table is created with name: customer_15, table-id: 16, on shard-server id:0
new table is created with name: customer_name_idx_0, table-id: 17, on shard-server id:0
new table is created with name: customer_name_idx_1, table-id: 18, on shard-server id:0
new table is created with name: customer_name_idx_2, table-id: 19, on shard-server id:0
new table is created with name: customer_name_idx_3, table-id: 20, on shard-server id:0
new table is created with name: customer_name_idx_4, table-id: 21, on shard-server id:0
new table is created with name: customer_name_idx_5, table-id: 22, on shard-server id:0
new table is created with name: customer_name_idx_6, table-id: 23, on shard-server id:0
new table is created with name: customer_name_idx_7, table-id: 24, on shard-server id:0
new table is created with name: customer_name_idx_8, table-id: 25, on shard-server id:0
new table is created with name: customer_name_idx_9, table-id: 26, on shard-server id:0
new table is created with name: customer_name_idx_10, table-id: 27, on shard-server id:0
new table is created with name: customer_name_idx_11, table-id: 28, on shard-server id:0
new table is created with name: customer_name_idx_12, table-id: 29, on shard-server id:0
new table is created with name: customer_name_idx_13, table-id: 30, on shard-server id:0
new table is created with name: customer_name_idx_14, table-id: 31, on shard-server id:0
new table is created with name: customer_name_idx_15, table-id: 32, on shard-server id:0
new table is created with name: district_0, table-id: 33, on shard-server id:0
new table is created with name: district_1, table-id: 34, on shard-server id:0
new table is created with name: district_2, table-id: 35, on shard-server id:0
new table is created with name: district_3, table-id: 36, on shard-server id:0
new table is created with name: district_4, table-id: 37, on shard-server id:0
new table is created with name: district_5, table-id: 38, on shard-server id:0
new table is created with name: district_6, table-id: 39, on shard-server id:0
new table is created with name: district_7, table-id: 40, on shard-server id:0
new table is created with name: district_8, table-id: 41, on shard-server id:0
new table is created with name: district_9, table-id: 42, on shard-server id:0
new table is created with name: district_10, table-id: 43, on shard-server id:0
new table is created with name: district_11, table-id: 44, on shard-server id:0
new table is created with name: district_12, table-id: 45, on shard-server id:0
new table is created with name: district_13, table-id: 46, on shard-server id:0
new table is created with name: district_14, table-id: 47, on shard-server id:0
new table is created with name: district_15, table-id: 48, on shard-server id:0
new table is created with name: history_0, table-id: 49, on shard-server id:0
new table is created with name: history_1, table-id: 50, on shard-server id:0
new table is created with name: history_2, table-id: 51, on shard-server id:0
new table is created with name: history_3, table-id: 52, on shard-server id:0
new table is created with name: history_4, table-id: 53, on shard-server id:0
new table is created with name: history_5, table-id: 54, on shard-server id:0
new table is created with name: history_6, table-id: 55, on shard-server id:0
new table is created with name: history_7, table-id: 56, on shard-server id:0
new table is created with name: history_8, table-id: 57, on shard-server id:0
new table is created with name: history_9, table-id: 58, on shard-server id:0
new table is created with name: history_10, table-id: 59, on shard-server id:0
new table is created with name: history_11, table-id: 60, on shard-server id:0
new table is created with name: history_12, table-id: 61, on shard-server id:0
new table is created with name: history_13, table-id: 62, on shard-server id:0
new table is created with name: history_14, table-id: 63, on shard-server id:0
new table is created with name: history_15, table-id: 64, on shard-server id:0
new table is created with name: new_order_0, table-id: 65, on shard-server id:0
new table is created with name: new_order_1, table-id: 66, on shard-server id:0
new table is created with name: new_order_2, table-id: 67, on shard-server id:0
new table is created with name: new_order_3, table-id: 68, on shard-server id:0
new table is created with name: new_order_4, table-id: 69, on shard-server id:0
new table is created with name: new_order_5, table-id: 70, on shard-server id:0
new table is created with name: new_order_6, table-id: 71, on shard-server id:0
new table is created with name: new_order_7, table-id: 72, on shard-server id:0
new table is created with name: new_order_8, table-id: 73, on shard-server id:0
new table is created with name: new_order_9, table-id: 74, on shard-server id:0
new table is created with name: new_order_10, table-id: 75, on shard-server id:0
new table is created with name: new_order_11, table-id: 76, on shard-server id:0
new table is created with name: new_order_12, table-id: 77, on shard-server id:0
new table is created with name: new_order_13, table-id: 78, on shard-server id:0
new table is created with name: new_order_14, table-id: 79, on shard-server id:0
new table is created with name: new_order_15, table-id: 80, on shard-server id:0
new table is created with name: oorder_0, table-id: 81, on shard-server id:0
new table is created with name: oorder_1, table-id: 82, on shard-server id:0
new table is created with name: oorder_2, table-id: 83, on shard-server id:0
new table is created with name: oorder_3, table-id: 84, on shard-server id:0
new table is created with name: oorder_4, table-id: 85, on shard-server id:0
new table is created with name: oorder_5, table-id: 86, on shard-server id:0
new table is created with name: oorder_6, table-id: 87, on shard-server id:0
new table is created with name: oorder_7, table-id: 88, on shard-server id:0
new table is created with name: oorder_8, table-id: 89, on shard-server id:0
new table is created with name: oorder_9, table-id: 90, on shard-server id:0
new table is created with name: oorder_10, table-id: 91, on shard-server id:0
new table is created with name: oorder_11, table-id: 92, on shard-server id:0
new table is created with name: oorder_12, table-id: 93, on shard-server id:0
new table is created with name: oorder_13, table-id: 94, on shard-server id:0
new table is created with name: oorder_14, table-id: 95, on shard-server id:0
new table is created with name: oorder_15, table-id: 96, on shard-server id:0
new table is created with name: oorder_c_id_idx_0, table-id: 97, on shard-server id:0
new table is created with name: oorder_c_id_idx_1, table-id: 98, on shard-server id:0
new table is created with name: oorder_c_id_idx_2, table-id: 99, on shard-server id:0
new table is created with name: oorder_c_id_idx_3, table-id: 100, on shard-server id:0
new table is created with name: oorder_c_id_idx_4, table-id: 101, on shard-server id:0
new table is created with name: oorder_c_id_idx_5, table-id: 102, on shard-server id:0
new table is created with name: oorder_c_id_idx_6, table-id: 103, on shard-server id:0
new table is created with name: oorder_c_id_idx_7, table-id: 104, on shard-server id:0
new table is created with name: oorder_c_id_idx_8, table-id: 105, on shard-server id:0
new table is created with name: oorder_c_id_idx_9, table-id: 106, on shard-server id:0
new table is created with name: oorder_c_id_idx_10, table-id: 107, on shard-server id:0
new table is created with name: oorder_c_id_idx_11, table-id: 108, on shard-server id:0
new table is created with name: oorder_c_id_idx_12, table-id: 109, on shard-server id:0
new table is created with name: oorder_c_id_idx_13, table-id: 110, on shard-server id:0
new table is created with name: oorder_c_id_idx_14, table-id: 111, on shard-server id:0
new table is created with name: oorder_c_id_idx_15, table-id: 112, on shard-server id:0
new table is created with name: order_line_0, table-id: 113, on shard-server id:0
new table is created with name: order_line_1, table-id: 114, on shard-server id:0
new table is created with name: order_line_2, table-id: 115, on shard-server id:0
new table is created with name: order_line_3, table-id: 116, on shard-server id:0
new table is created with name: order_line_4, table-id: 117, on shard-server id:0
new table is created with name: order_line_5, table-id: 118, on shard-server id:0
new table is created with name: order_line_6, table-id: 119, on shard-server id:0
new table is created with name: order_line_7, table-id: 120, on shard-server id:0
new table is created with name: order_line_8, table-id: 121, on shard-server id:0
new table is created with name: order_line_9, table-id: 122, on shard-server id:0
new table is created with name: order_line_10, table-id: 123, on shard-server id:0
new table is created with name: order_line_11, table-id: 124, on shard-server id:0
new table is created with name: order_line_12, table-id: 125, on shard-server id:0
new table is created with name: order_line_13, table-id: 126, on shard-server id:0
new table is created with name: order_line_14, table-id: 127, on shard-server id:0
new table is created with name: order_line_15, table-id: 128, on shard-server id:0
new table is created with name: stock_0, table-id: 129, on shard-server id:0
new table is created with name: stock_1, table-id: 130, on shard-server id:0
new table is created with name: stock_2, table-id: 131, on shard-server id:0
new table is created with name: stock_3, table-id: 132, on shard-server id:0
new table is created with name: stock_4, table-id: 133, on shard-server id:0
new table is created with name: stock_5, table-id: 134, on shard-server id:0
new table is created with name: stock_6, table-id: 135, on shard-server id:0
new table is created with name: stock_7, table-id: 136, on shard-server id:0
new table is created with name: stock_8, table-id: 137, on shard-server id:0
new table is created with name: stock_9, table-id: 138, on shard-server id:0
new table is created with name: stock_10, table-id: 139, on shard-server id:0
new table is created with name: stock_11, table-id: 140, on shard-server id:0
new table is created with name: stock_12, table-id: 141, on shard-server id:0
new table is created with name: stock_13, table-id: 142, on shard-server id:0
new table is created with name: stock_14, table-id: 143, on shard-server id:0
new table is created with name: stock_15, table-id: 144, on shard-server id:0
new table is created with name: stock_data_0, table-id: 145, on shard-server id:0
new table is created with name: stock_data_1, table-id: 146, on shard-server id:0
new table is created with name: stock_data_2, table-id: 147, on shard-server id:0
new table is created with name: stock_data_3, table-id: 148, on shard-server id:0
new table is created with name: stock_data_4, table-id: 149, on shard-server id:0
new table is created with name: stock_data_5, table-id: 150, on shard-server id:0
new table is created with name: stock_data_6, table-id: 151, on shard-server id:0
new table is created with name: stock_data_7, table-id: 152, on shard-server id:0
new table is created with name: stock_data_8, table-id: 153, on shard-server id:0
new table is created with name: stock_data_9, table-id: 154, on shard-server id:0
new table is created with name: stock_data_10, table-id: 155, on shard-server id:0
new table is created with name: stock_data_11, table-id: 156, on shard-server id:0
new table is created with name: stock_data_12, table-id: 157, on shard-server id:0
new table is created with name: stock_data_13, table-id: 158, on shard-server id:0
new table is created with name: stock_data_14, table-id: 159, on shard-server id:0
new table is created with name: stock_data_15, table-id: 160, on shard-server id:0
new table is created with name: warehouse_0, table-id: 161, on shard-server id:0
new table is created with name: warehouse_1, table-id: 162, on shard-server id:0
new table is created with name: warehouse_2, table-id: 163, on shard-server id:0
new table is created with name: warehouse_3, table-id: 164, on shard-server id:0
new table is created with name: warehouse_4, table-id: 165, on shard-server id:0
new table is created with name: warehouse_5, table-id: 166, on shard-server id:0
new table is created with name: warehouse_6, table-id: 167, on shard-server id:0
new table is created with name: warehouse_7, table-id: 168, on shard-server id:0
new table is created with name: warehouse_8, table-id: 169, on shard-server id:0
new table is created with name: warehouse_9, table-id: 170, on shard-server id:0
new table is created with name: warehouse_10, table-id: 171, on shard-server id:0
new table is created with name: warehouse_11, table-id: 172, on shard-server id:0
new table is created with name: warehouse_12, table-id: 173, on shard-server id:0
new table is created with name: warehouse_13, table-id: 174, on shard-server id:0
new table is created with name: warehouse_14, table-id: 175, on shard-server id:0
new table is created with name: warehouse_15, table-id: 176, on shard-server id:0
new table is created with name: item, table-id: 177, on shard-server id:0
TPC-C Sharding: Initialized policy with 16 warehouses across 1 shards (version 1788941879)
D [<unknown>:0] 2026-09-09 08:17:59.109 | Server: generated instance_id=822965824219227118
D [<unknown>:0] 2026-09-09 08:17:59.109 | [poll_loop] Starting poll loop
D [<unknown>:0] 2026-09-09 08:17:59.109 | Server: generated instance_id=2028782640961567792
start worker:4077
D [<unknown>:0] 2026-09-09 08:17:59.109 | [poll_loop] Starting poll loop
D [<unknown>:0] 2026-09-09 08:17:59.110 | create a fiber scheduler
D [<unknown>:0] 2026-09-09 08:17:59.110 | create a fiber scheduler
--------------Finish loading data and wait for others completing load phase ------------
No JEMALLOC_NO_RENAME
No JEMALLOC_NO_RENAME
No JEMALLOC_NO_RENAME
No JEMALLOC_NO_RENAME
No JEMALLOC_NO_RENAME
No JEMALLOC_NO_RENAME
No JEMALLOC_NO_RENAME
No JEMALLOC_NO_RENAME
No JEMALLOC_NO_RENAME
No JEMALLOC_NO_RENAME
No JEMALLOC_NO_RENAME
No JEMALLOC_NO_RENAME
No JEMALLOC_NO_RENAME
No JEMALLOC_NO_RENAME
No JEMALLOC_NO_RENAME
D [<unknown>:0] 2026-09-09 08:18:19.719 | Server: generated instance_id=4217229890640100055
D [<unknown>:0] 2026-09-09 08:18:19.719 | Server: generated instance_id=5735417939756065816
D [<unknown>:0] 2026-09-09 08:18:19.720 | [poll_loop] Starting poll loop
D [<unknown>:0] 2026-09-09 08:18:19.720 | Server: generated instance_id=5768603656559587227
D [<unknown>:0] 2026-09-09 08:18:19.720 | Server: generated instance_id=5735308023544035905
D [<unknown>:0] 2026-09-09 08:18:19.720 | Server: generated instance_id=1844415949766118512
D [<unknown>:0] 2026-09-09 08:18:19.721 | create a fiber scheduler
D [<unknown>:0] 2026-09-09 08:18:19.721 | [poll_loop] Starting poll loop
D [<unknown>:0] 2026-09-09 08:18:19.721 | [poll_loop] Starting poll loop
D [<unknown>:0] 2026-09-09 08:18:19.721 | [poll_loop] Starting poll loop
D [<unknown>:0] 2026-09-09 08:18:19.721 | Server: generated instance_id=5898626710775778796
D [<unknown>:0] 2026-09-09 08:18:19.721 | Server: generated instance_id=4886612916677241163
D [<unknown>:0] 2026-09-09 08:18:19.722 | [poll_loop] Starting poll loop
D [<unknown>:0] 2026-09-09 08:18:19.722 | Server: generated instance_id=7308797085781403509
D [<unknown>:0] 2026-09-09 08:18:19.722 | [poll_loop] Starting poll loop
D [<unknown>:0] 2026-09-09 08:18:19.722 | [poll_loop] Starting poll loop
D [<unknown>:0] 2026-09-09 08:18:19.722 | [poll_loop] Starting poll loop
D [<unknown>:0] 2026-09-09 08:18:19.722 | create a fiber scheduler
D [<unknown>:0] 2026-09-09 08:18:19.722 | create a fiber scheduler
No JEMALLOC_NO_RENAME
D [<unknown>:0] 2026-09-09 08:18:19.722 | create a fiber scheduler
D [<unknown>:0] 2026-09-09 08:18:19.723 | create a fiber scheduler
D [<unknown>:0] 2026-09-09 08:18:19.723 | create a fiber scheduler
D [<unknown>:0] 2026-09-09 08:18:19.723 | create a fiber scheduler
D [<unknown>:0] 2026-09-09 08:18:19.723 | create a fiber scheduler
D [<unknown>:0] 2026-09-09 08:18:19.742 | Server: generated instance_id=7221603568056275056
D [<unknown>:0] 2026-09-09 08:18:19.742 | Server: generated instance_id=4897679123787117848
D [<unknown>:0] 2026-09-09 08:18:19.742 | [poll_loop] Starting poll loop
D [<unknown>:0] 2026-09-09 08:18:19.742 | Server: generated instance_id=8833754115709456953
D [<unknown>:0] 2026-09-09 08:18:19.742 | [poll_loop] Starting poll loop
D [<unknown>:0] 2026-09-09 08:18:19.742 | Server: generated instance_id=1713223723010338446
D [<unknown>:0] 2026-09-09 08:18:19.742 | [poll_loop] Starting poll loop
D [<unknown>:0] 2026-09-09 08:18:19.742 | Server: generated instance_id=8432105056371653153
D [<unknown>:0] 2026-09-09 08:18:19.742 | [poll_loop] Starting poll loop
D [<unknown>:0] 2026-09-09 08:18:19.743 | [poll_loop] Starting poll loop
D [<unknown>:0] 2026-09-09 08:18:19.743 | Server: generated instance_id=2670501347582054114
D [<unknown>:0] 2026-09-09 08:18:19.743 | [poll_loop] Starting poll loop
D [<unknown>:0] 2026-09-09 08:18:19.743 | create a fiber scheduler
D [<unknown>:0] 2026-09-09 08:18:19.743 | create a fiber scheduler
D [<unknown>:0] 2026-09-09 08:18:19.743 | create a fiber scheduler
D [<unknown>:0] 2026-09-09 08:18:19.744 | Server: generated instance_id=1342243956226765480
D [<unknown>:0] 2026-09-09 08:18:19.744 | create a fiber scheduler
D [<unknown>:0] 2026-09-09 08:18:19.744 | [poll_loop] Starting poll loop
D [<unknown>:0] 2026-09-09 08:18:19.744 | create a fiber scheduler
D [<unknown>:0] 2026-09-09 08:18:19.744 | Server: generated instance_id=4586720829577603759
D [<unknown>:0] 2026-09-09 08:18:19.744 | [poll_loop] Starting poll loop
D [<unknown>:0] 2026-09-09 08:18:19.745 | create a fiber scheduler
D [<unknown>:0] 2026-09-09 08:18:19.746 | create a fiber scheduler
D [<unknown>:0] 2026-09-09 08:18:19.748 | create a fiber scheduler
D [<unknown>:0] 2026-09-09 08:18:30.834 | [PollThread::shutdown] Called from TID=2404193
D [<unknown>:0] 2026-09-09 08:18:30.834 | [PollThread::shutdown] Sending CmdShutdown
D [<unknown>:0] 2026-09-09 08:18:30.834 | [PollThread::shutdown] CmdShutdown sent
D [<unknown>:0] 2026-09-09 08:18:30.834 | [PollThread::shutdown] Acquiring join_handle lock...
D [<unknown>:0] 2026-09-09 08:18:30.834 | [PollThread::shutdown] join_handle lock acquired
D [<unknown>:0] 2026-09-09 08:18:30.834 | [PollThread::shutdown] Calling thread.join()...
D [<unknown>:0] 2026-09-09 08:18:30.835 | [poll_loop] Exited while loop (stop_=true), starting cleanup
D [<unknown>:0] 2026-09-09 08:18:30.835 | [poll_loop] Cleanup complete, poll_loop exiting
D [<unknown>:0] 2026-09-09 08:18:30.835 | [Reactor::~Reactor] Starting destruction, all_events_.len()=0, fibers_.size()=0
D [<unknown>:0] 2026-09-09 08:18:30.835 | [Reactor::~Reactor] Destructor body complete, about to destroy member variables
D [<unknown>:0] 2026-09-09 08:18:30.835 | [PollThread::shutdown] thread.join() completed!
D [<unknown>:0] 2026-09-09 08:18:30.835 | [PollThread::shutdown] Released join_handle lock
D [<unknown>:0] 2026-09-09 08:18:30.835 | [PollThread::shutdown] Complete
D [<unknown>:0] 2026-09-09 08:18:30.835 | [PollThread::~PollThread] Destructor called from TID=2404193
D [<unknown>:0] 2026-09-09 08:18:30.835 | [PollThread::shutdown] Called from TID=2404193
D [<unknown>:0] 2026-09-09 08:18:30.835 | [PollThread::shutdown] Already called, returning
D [<unknown>:0] 2026-09-09 08:18:30.835 | [PollThread::~PollThread] Destructor complete
D [<unknown>:0] 2026-09-09 08:18:30.839 | [PollThread::shutdown] Called from TID=2404199
D [<unknown>:0] 2026-09-09 08:18:30.839 | [PollThread::shutdown] Sending CmdShutdown
D [<unknown>:0] 2026-09-09 08:18:30.839 | [PollThread::shutdown] CmdShutdown sent
D [<unknown>:0] 2026-09-09 08:18:30.839 | [PollThread::shutdown] Acquiring join_handle lock...
D [<unknown>:0] 2026-09-09 08:18:30.839 | [PollThread::shutdown] join_handle lock acquired
D [<unknown>:0] 2026-09-09 08:18:30.839 | [PollThread::shutdown] Calling thread.join()...
D [<unknown>:0] 2026-09-09 08:18:30.839 | [PollThread::shutdown] Called from TID=2404196
D [<unknown>:0] 2026-09-09 08:18:30.839 | [PollThread::shutdown] Sending CmdShutdown
D [<unknown>:0] 2026-09-09 08:18:30.839 | [PollThread::shutdown] CmdShutdown sent
D [<unknown>:0] 2026-09-09 08:18:30.839 | [PollThread::shutdown] Acquiring join_handle lock...
D [<unknown>:0] 2026-09-09 08:18:30.839 | [PollThread::shutdown] join_handle lock acquired
D [<unknown>:0] 2026-09-09 08:18:30.839 | [PollThread::shutdown] Calling thread.join()...
D [<unknown>:0] 2026-09-09 08:18:30.840 | [poll_loop] Exited while loop (stop_=true), starting cleanup
D [<unknown>:0] 2026-09-09 08:18:30.840 | [poll_loop] Cleanup complete, poll_loop exiting
D [<unknown>:0] 2026-09-09 08:18:30.840 | [Reactor::~Reactor] Starting destruction, all_events_.len()=0, fibers_.size()=0
D [<unknown>:0] 2026-09-09 08:18:30.840 | [Reactor::~Reactor] Destructor body complete, about to destroy member variables
D [<unknown>:0] 2026-09-09 08:18:30.840 | [poll_loop] Exited while loop (stop_=true), starting cleanup
D [<unknown>:0] 2026-09-09 08:18:30.840 | [poll_loop] Cleanup complete, poll_loop exiting
D [<unknown>:0] 2026-09-09 08:18:30.840 | [Reactor::~Reactor] Starting destruction, all_events_.len()=0, fibers_.size()=0
D [<unknown>:0] 2026-09-09 08:18:30.840 | [Reactor::~Reactor] Destructor body complete, about to destroy member variables
D [<unknown>:0] 2026-09-09 08:18:30.840 | [PollThread::shutdown] thread.join() completed!
D [<unknown>:0] 2026-09-09 08:18:30.840 | [PollThread::shutdown] Released join_handle lock
D [<unknown>:0] 2026-09-09 08:18:30.840 | [PollThread::shutdown] Complete
D [<unknown>:0] 2026-09-09 08:18:30.840 | [PollThread::~PollThread] Destructor called from TID=2404196
D [<unknown>:0] 2026-09-09 08:18:30.840 | [PollThread::shutdown] Called from TID=2404196
D [<unknown>:0] 2026-09-09 08:18:30.840 | [PollThread::shutdown] Already called, returning
D [<unknown>:0] 2026-09-09 08:18:30.840 | [PollThread::~PollThread] Destructor complete
D [<unknown>:0] 2026-09-09 08:18:30.840 | [PollThread::shutdown] thread.join() completed!
D [<unknown>:0] 2026-09-09 08:18:30.840 | [PollThread::shutdown] Released join_handle lock
D [<unknown>:0] 2026-09-09 08:18:30.840 | [PollThread::shutdown] Complete
D [<unknown>:0] 2026-09-09 08:18:30.840 | [PollThread::~PollThread] Destructor called from TID=2404199
D [<unknown>:0] 2026-09-09 08:18:30.840 | [PollThread::shutdown] Called from TID=2404199
D [<unknown>:0] 2026-09-09 08:18:30.840 | [PollThread::shutdown] Already called, returning
D [<unknown>:0] 2026-09-09 08:18:30.840 | [PollThread::~PollThread] Destructor complete
D [<unknown>:0] 2026-09-09 08:18:30.842 | [PollThread::shutdown] Called from TID=2404198
D [<unknown>:0] 2026-09-09 08:18:30.842 | [PollThread::shutdown] Sending CmdShutdown
D [<unknown>:0] 2026-09-09 08:18:30.842 | [PollThread::shutdown] CmdShutdown sent
D [<unknown>:0] 2026-09-09 08:18:30.842 | [PollThread::shutdown] Acquiring join_handle lock...
D [<unknown>:0] 2026-09-09 08:18:30.842 | [PollThread::shutdown] join_handle lock acquired
D [<unknown>:0] 2026-09-09 08:18:30.842 | [PollThread::shutdown] Calling thread.join()...
D [<unknown>:0] 2026-09-09 08:18:30.843 | [PollThread::shutdown] Called from TID=2404197
D [<unknown>:0] 2026-09-09 08:18:30.843 | [PollThread::shutdown] Sending CmdShutdown
D [<unknown>:0] 2026-09-09 08:18:30.843 | [PollThread::shutdown] CmdShutdown sent
D [<unknown>:0] 2026-09-09 08:18:30.843 | [PollThread::shutdown] Acquiring join_handle lock...
D [<unknown>:0] 2026-09-09 08:18:30.843 | [PollThread::shutdown] join_handle lock acquired
D [<unknown>:0] 2026-09-09 08:18:30.843 | [PollThread::shutdown] Calling thread.join()...
D [<unknown>:0] 2026-09-09 08:18:30.843 | [poll_loop] Exited while loop (stop_=true), starting cleanup
D [<unknown>:0] 2026-09-09 08:18:30.843 | [poll_loop] Cleanup complete, poll_loop exiting
D [<unknown>:0] 2026-09-09 08:18:30.843 | [Reactor::~Reactor] Starting destruction, all_events_.len()=0, fibers_.size()=0
D [<unknown>:0] 2026-09-09 08:18:30.843 | [Reactor::~Reactor] Destructor body complete, about to destroy member variables
D [<unknown>:0] 2026-09-09 08:18:30.843 | [PollThread::shutdown] thread.join() completed!
D [<unknown>:0] 2026-09-09 08:18:30.843 | [PollThread::shutdown] Released join_handle lock
D [<unknown>:0] 2026-09-09 08:18:30.843 | [PollThread::shutdown] Complete
D [<unknown>:0] 2026-09-09 08:18:30.843 | [PollThread::~PollThread] Destructor called from TID=2404198
D [<unknown>:0] 2026-09-09 08:18:30.843 | [PollThread::shutdown] Called from TID=2404198
D [<unknown>:0] 2026-09-09 08:18:30.843 | [PollThread::shutdown] Already called, returning
D [<unknown>:0] 2026-09-09 08:18:30.843 | [PollThread::~PollThread] Destructor complete
D [<unknown>:0] 2026-09-09 08:18:30.843 | [poll_loop] Exited while loop (stop_=true), starting cleanup
D [<unknown>:0] 2026-09-09 08:18:30.843 | [poll_loop] Cleanup complete, poll_loop exiting
D [<unknown>:0] 2026-09-09 08:18:30.843 | [Reactor::~Reactor] Starting destruction, all_events_.len()=0, fibers_.size()=0
D [<unknown>:0] 2026-09-09 08:18:30.843 | [Reactor::~Reactor] Destructor body complete, about to destroy member variables
D [<unknown>:0] 2026-09-09 08:18:30.843 | [PollThread::shutdown] thread.join() completed!
D [<unknown>:0] 2026-09-09 08:18:30.843 | [PollThread::shutdown] Released join_handle lock
D [<unknown>:0] 2026-09-09 08:18:30.843 | [PollThread::shutdown] Complete
D [<unknown>:0] 2026-09-09 08:18:30.843 | [PollThread::~PollThread] Destructor called from TID=2404197
D [<unknown>:0] 2026-09-09 08:18:30.843 | [PollThread::shutdown] Called from TID=2404197
D [<unknown>:0] 2026-09-09 08:18:30.843 | [PollThread::shutdown] Already called, returning
D [<unknown>:0] 2026-09-09 08:18:30.843 | [PollThread::~PollThread] Destructor complete
D [<unknown>:0] 2026-09-09 08:18:30.844 | [PollThread::shutdown] Called from TID=2404201
D [<unknown>:0] 2026-09-09 08:18:30.844 | [PollThread::shutdown] Sending CmdShutdown
D [<unknown>:0] 2026-09-09 08:18:30.844 | [PollThread::shutdown] CmdShutdown sent
D [<unknown>:0] 2026-09-09 08:18:30.844 | [PollThread::shutdown] Acquiring join_handle lock...
D [<unknown>:0] 2026-09-09 08:18:30.844 | [PollThread::shutdown] join_handle lock acquired
D [<unknown>:0] 2026-09-09 08:18:30.844 | [PollThread::shutdown] Calling thread.join()...
D [<unknown>:0] 2026-09-09 08:18:30.844 | [PollThread::shutdown] Called from TID=2404195
D [<unknown>:0] 2026-09-09 08:18:30.844 | [PollThread::shutdown] Sending CmdShutdown
D [<unknown>:0] 2026-09-09 08:18:30.844 | [PollThread::shutdown] CmdShutdown sent
D [<unknown>:0] 2026-09-09 08:18:30.844 | [PollThread::shutdown] Acquiring join_handle lock...
D [<unknown>:0] 2026-09-09 08:18:30.844 | [PollThread::shutdown] join_handle lock acquired
D [<unknown>:0] 2026-09-09 08:18:30.844 | [PollThread::shutdown] Calling thread.join()...
D [<unknown>:0] 2026-09-09 08:18:30.845 | [poll_loop] Exited while loop (stop_=true), starting cleanup
D [<unknown>:0] 2026-09-09 08:18:30.845 | [poll_loop] Cleanup complete, poll_loop exiting
D [<unknown>:0] 2026-09-09 08:18:30.845 | [Reactor::~Reactor] Starting destruction, all_events_.len()=0, fibers_.size()=0
D [<unknown>:0] 2026-09-09 08:18:30.845 | [Reactor::~Reactor] Destructor body complete, about to destroy member variables
D [<unknown>:0] 2026-09-09 08:18:30.845 | [PollThread::shutdown] thread.join() completed!
D [<unknown>:0] 2026-09-09 08:18:30.845 | [PollThread::shutdown] Released join_handle lock
D [<unknown>:0] 2026-09-09 08:18:30.845 | [PollThread::shutdown] Complete
D [<unknown>:0] 2026-09-09 08:18:30.845 | [PollThread::~PollThread] Destructor called from TID=2404195
D [<unknown>:0] 2026-09-09 08:18:30.845 | [PollThread::shutdown] Called from TID=2404195
D [<unknown>:0] 2026-09-09 08:18:30.845 | [PollThread::shutdown] Already called, returning
D [<unknown>:0] 2026-09-09 08:18:30.845 | [PollThread::~PollThread] Destructor complete
D [<unknown>:0] 2026-09-09 08:18:30.845 | [poll_loop] Exited while loop (stop_=true), starting cleanup
D [<unknown>:0] 2026-09-09 08:18:30.845 | [poll_loop] Cleanup complete, poll_loop exiting
D [<unknown>:0] 2026-09-09 08:18:30.845 | [Reactor::~Reactor] Starting destruction, all_events_.len()=0, fibers_.size()=0
D [<unknown>:0] 2026-09-09 08:18:30.845 | [Reactor::~Reactor] Destructor body complete, about to destroy member variables
D [<unknown>:0] 2026-09-09 08:18:30.846 | [PollThread::shutdown] thread.join() completed!
D [<unknown>:0] 2026-09-09 08:18:30.846 | [PollThread::shutdown] Released join_handle lock
D [<unknown>:0] 2026-09-09 08:18:30.846 | [PollThread::shutdown] Complete
D [<unknown>:0] 2026-09-09 08:18:30.846 | [PollThread::~PollThread] Destructor called from TID=2404201
D [<unknown>:0] 2026-09-09 08:18:30.846 | [PollThread::shutdown] Called from TID=2404201
D [<unknown>:0] 2026-09-09 08:18:30.846 | [PollThread::shutdown] Already called, returning
D [<unknown>:0] 2026-09-09 08:18:30.846 | [PollThread::~PollThread] Destructor complete
D [<unknown>:0] 2026-09-09 08:18:30.852 | [PollThread::shutdown] Called from TID=2404200
D [<unknown>:0] 2026-09-09 08:18:30.852 | [PollThread::shutdown] Sending CmdShutdown
D [<unknown>:0] 2026-09-09 08:18:30.852 | [PollThread::shutdown] CmdShutdown sent
D [<unknown>:0] 2026-09-09 08:18:30.852 | [PollThread::shutdown] Acquiring join_handle lock...
D [<unknown>:0] 2026-09-09 08:18:30.852 | [PollThread::shutdown] join_handle lock acquired
D [<unknown>:0] 2026-09-09 08:18:30.852 | [PollThread::shutdown] Calling thread.join()...
D [<unknown>:0] 2026-09-09 08:18:30.852 | [PollThread::shutdown] Called from TID=2404207
D [<unknown>:0] 2026-09-09 08:18:30.852 | [PollThread::shutdown] Sending CmdShutdown
D [<unknown>:0] 2026-09-09 08:18:30.852 | [PollThread::shutdown] CmdShutdown sent
D [<unknown>:0] 2026-09-09 08:18:30.852 | [PollThread::shutdown] Acquiring join_handle lock...
D [<unknown>:0] 2026-09-09 08:18:30.852 | [PollThread::shutdown] join_handle lock acquired
D [<unknown>:0] 2026-09-09 08:18:30.852 | [PollThread::shutdown] Calling thread.join()...
D [<unknown>:0] 2026-09-09 08:18:30.852 | [PollThread::shutdown] Called from TID=2404194
D [<unknown>:0] 2026-09-09 08:18:30.852 | [PollThread::shutdown] Sending CmdShutdown
D [<unknown>:0] 2026-09-09 08:18:30.852 | [PollThread::shutdown] CmdShutdown sent
D [<unknown>:0] 2026-09-09 08:18:30.852 | [PollThread::shutdown] Acquiring join_handle lock...
D [<unknown>:0] 2026-09-09 08:18:30.852 | [PollThread::shutdown] join_handle lock acquired
D [<unknown>:0] 2026-09-09 08:18:30.852 | [PollThread::shutdown] Calling thread.join()...
D [<unknown>:0] 2026-09-09 08:18:30.852 | [poll_loop] Exited while loop (stop_=true), starting cleanup
D [<unknown>:0] 2026-09-09 08:18:30.853 | [poll_loop] Cleanup complete, poll_loop exiting
D [<unknown>:0] 2026-09-09 08:18:30.853 | [Reactor::~Reactor] Starting destruction, all_events_.len()=0, fibers_.size()=0
D [<unknown>:0] 2026-09-09 08:18:30.853 | [Reactor::~Reactor] Destructor body complete, about to destroy member variables
D [<unknown>:0] 2026-09-09 08:18:30.853 | [PollThread::shutdown] thread.join() completed!
D [<unknown>:0] 2026-09-09 08:18:30.853 | [PollThread::shutdown] Released join_handle lock
D [<unknown>:0] 2026-09-09 08:18:30.853 | [PollThread::shutdown] Complete
D [<unknown>:0] 2026-09-09 08:18:30.853 | [PollThread::~PollThread] Destructor called from TID=2404200
D [<unknown>:0] 2026-09-09 08:18:30.853 | [PollThread::shutdown] Called from TID=2404200
D [<unknown>:0] 2026-09-09 08:18:30.853 | [PollThread::shutdown] Already called, returning
D [<unknown>:0] 2026-09-09 08:18:30.853 | [PollThread::~PollThread] Destructor complete
D [<unknown>:0] 2026-09-09 08:18:30.853 | [poll_loop] Exited while loop (stop_=true), starting cleanup
D [<unknown>:0] 2026-09-09 08:18:30.853 | [poll_loop] Cleanup complete, poll_loop exiting
D [<unknown>:0] 2026-09-09 08:18:30.853 | [Reactor::~Reactor] Starting destruction, all_events_.len()=0, fibers_.size()=0
D [<unknown>:0] 2026-09-09 08:18:30.853 | [Reactor::~Reactor] Destructor body complete, about to destroy member variables
D [<unknown>:0] 2026-09-09 08:18:30.853 | [poll_loop] Exited while loop (stop_=true), starting cleanup
D [<unknown>:0] 2026-09-09 08:18:30.853 | [poll_loop] Cleanup complete, poll_loop exiting
D [<unknown>:0] 2026-09-09 08:18:30.853 | [Reactor::~Reactor] Starting destruction, all_events_.len()=0, fibers_.size()=0
D [<unknown>:0] 2026-09-09 08:18:30.853 | [Reactor::~Reactor] Destructor body complete, about to destroy member variables
D [<unknown>:0] 2026-09-09 08:18:30.853 | [PollThread::shutdown] thread.join() completed!
D [<unknown>:0] 2026-09-09 08:18:30.853 | [PollThread::shutdown] Released join_handle lock
D [<unknown>:0] 2026-09-09 08:18:30.853 | [PollThread::shutdown] Complete
D [<unknown>:0] 2026-09-09 08:18:30.853 | [PollThread::~PollThread] Destructor called from TID=2404194
D [<unknown>:0] 2026-09-09 08:18:30.853 | [PollThread::shutdown] Called from TID=2404194
D [<unknown>:0] 2026-09-09 08:18:30.853 | [PollThread::shutdown] Already called, returning
D [<unknown>:0] 2026-09-09 08:18:30.853 | [PollThread::~PollThread] Destructor complete
D [<unknown>:0] 2026-09-09 08:18:30.853 | [PollThread::shutdown] thread.join() completed!
D [<unknown>:0] 2026-09-09 08:18:30.853 | [PollThread::shutdown] Released join_handle lock
D [<unknown>:0] 2026-09-09 08:18:30.853 | [PollThread::shutdown] Complete
D [<unknown>:0] 2026-09-09 08:18:30.853 | [PollThread::~PollThread] Destructor called from TID=2404207
D [<unknown>:0] 2026-09-09 08:18:30.853 | [PollThread::shutdown] Called from TID=2404207
D [<unknown>:0] 2026-09-09 08:18:30.853 | [PollThread::shutdown] Already called, returning
D [<unknown>:0] 2026-09-09 08:18:30.853 | [PollThread::~PollThread] Destructor complete
D [<unknown>:0] 2026-09-09 08:18:30.859 | [PollThread::shutdown] Called from TID=2404190
D [<unknown>:0] 2026-09-09 08:18:30.859 | [PollThread::shutdown] Sending CmdShutdown
D [<unknown>:0] 2026-09-09 08:18:30.859 | [PollThread::shutdown] CmdShutdown sent
D [<unknown>:0] 2026-09-09 08:18:30.859 | [PollThread::shutdown] Acquiring join_handle lock...
D [<unknown>:0] 2026-09-09 08:18:30.859 | [PollThread::shutdown] join_handle lock acquired
D [<unknown>:0] 2026-09-09 08:18:30.859 | [PollThread::shutdown] Calling thread.join()...
D [<unknown>:0] 2026-09-09 08:18:30.860 | [PollThread::shutdown] Called from TID=2404203
D [<unknown>:0] 2026-09-09 08:18:30.860 | [PollThread::shutdown] Sending CmdShutdown
D [<unknown>:0] 2026-09-09 08:18:30.860 | [PollThread::shutdown] CmdShutdown sent
D [<unknown>:0] 2026-09-09 08:18:30.860 | [PollThread::shutdown] Acquiring join_handle lock...
D [<unknown>:0] 2026-09-09 08:18:30.860 | [PollThread::shutdown] join_handle lock acquired
D [<unknown>:0] 2026-09-09 08:18:30.860 | [PollThread::shutdown] Calling thread.join()...
D [<unknown>:0] 2026-09-09 08:18:30.861 | [poll_loop] Exited while loop (stop_=true), starting cleanup
D [<unknown>:0] 2026-09-09 08:18:30.861 | [poll_loop] Cleanup complete, poll_loop exiting
D [<unknown>:0] 2026-09-09 08:18:30.861 | [Reactor::~Reactor] Starting destruction, all_events_.len()=0, fibers_.size()=0
D [<unknown>:0] 2026-09-09 08:18:30.861 | [Reactor::~Reactor] Destructor body complete, about to destroy member variables
D [<unknown>:0] 2026-09-09 08:18:30.861 | [PollThread::shutdown] thread.join() completed!
D [<unknown>:0] 2026-09-09 08:18:30.861 | [PollThread::shutdown] Released join_handle lock
D [<unknown>:0] 2026-09-09 08:18:30.861 | [PollThread::shutdown] Complete
D [<unknown>:0] 2026-09-09 08:18:30.861 | [PollThread::~PollThread] Destructor called from TID=2404190
D [<unknown>:0] 2026-09-09 08:18:30.861 | [PollThread::shutdown] Called from TID=2404190
D [<unknown>:0] 2026-09-09 08:18:30.861 | [PollThread::shutdown] Already called, returning
D [<unknown>:0] 2026-09-09 08:18:30.861 | [PollThread::~PollThread] Destructor complete
D [<unknown>:0] 2026-09-09 08:18:30.861 | [poll_loop] Exited while loop (stop_=true), starting cleanup
D [<unknown>:0] 2026-09-09 08:18:30.861 | [poll_loop] Cleanup complete, poll_loop exiting
D [<unknown>:0] 2026-09-09 08:18:30.861 | [Reactor::~Reactor] Starting destruction, all_events_.len()=0, fibers_.size()=0
D [<unknown>:0] 2026-09-09 08:18:30.861 | [Reactor::~Reactor] Destructor body complete, about to destroy member variables
D [<unknown>:0] 2026-09-09 08:18:30.861 | [PollThread::shutdown] thread.join() completed!
D [<unknown>:0] 2026-09-09 08:18:30.861 | [PollThread::shutdown] Released join_handle lock
D [<unknown>:0] 2026-09-09 08:18:30.861 | [PollThread::shutdown] Complete
D [<unknown>:0] 2026-09-09 08:18:30.861 | [PollThread::~PollThread] Destructor called from TID=2404203
D [<unknown>:0] 2026-09-09 08:18:30.861 | [PollThread::shutdown] Called from TID=2404203
D [<unknown>:0] 2026-09-09 08:18:30.861 | [PollThread::shutdown] Already called, returning
D [<unknown>:0] 2026-09-09 08:18:30.861 | [PollThread::~PollThread] Destructor complete
D [<unknown>:0] 2026-09-09 08:18:30.862 | [PollThread::shutdown] Called from TID=2404202
D [<unknown>:0] 2026-09-09 08:18:30.862 | [PollThread::shutdown] Sending CmdShutdown
D [<unknown>:0] 2026-09-09 08:18:30.862 | [PollThread::shutdown] CmdShutdown sent
D [<unknown>:0] 2026-09-09 08:18:30.862 | [PollThread::shutdown] Acquiring join_handle lock...
D [<unknown>:0] 2026-09-09 08:18:30.862 | [PollThread::shutdown] join_handle lock acquired
D [<unknown>:0] 2026-09-09 08:18:30.862 | [PollThread::shutdown] Calling thread.join()...
D [<unknown>:0] 2026-09-09 08:18:30.862 | [PollThread::shutdown] Called from TID=2404192
D [<unknown>:0] 2026-09-09 08:18:30.862 | [PollThread::shutdown] Sending CmdShutdown
D [<unknown>:0] 2026-09-09 08:18:30.862 | [PollThread::shutdown] CmdShutdown sent
D [<unknown>:0] 2026-09-09 08:18:30.862 | [PollThread::shutdown] Acquiring join_handle lock...
D [<unknown>:0] 2026-09-09 08:18:30.862 | [PollThread::shutdown] join_handle lock acquired
D [<unknown>:0] 2026-09-09 08:18:30.862 | [PollThread::shutdown] Calling thread.join()...
D [<unknown>:0] 2026-09-09 08:18:30.863 | [PollThread::shutdown] Called from TID=2404191
D [<unknown>:0] 2026-09-09 08:18:30.863 | [PollThread::shutdown] Sending CmdShutdown
D [<unknown>:0] 2026-09-09 08:18:30.863 | [PollThread::shutdown] CmdShutdown sent
D [<unknown>:0] 2026-09-09 08:18:30.863 | [PollThread::shutdown] Acquiring join_handle lock...
D [<unknown>:0] 2026-09-09 08:18:30.863 | [PollThread::shutdown] join_handle lock acquired
D [<unknown>:0] 2026-09-09 08:18:30.863 | [PollThread::shutdown] Calling thread.join()...
D [<unknown>:0] 2026-09-09 08:18:30.863 | [poll_loop] Exited while loop (stop_=true), starting cleanup
D [<unknown>:0] 2026-09-09 08:18:30.863 | [poll_loop] Cleanup complete, poll_loop exiting
D [<unknown>:0] 2026-09-09 08:18:30.863 | [Reactor::~Reactor] Starting destruction, all_events_.len()=0, fibers_.size()=0
D [<unknown>:0] 2026-09-09 08:18:30.863 | [Reactor::~Reactor] Destructor body complete, about to destroy member variables
D [<unknown>:0] 2026-09-09 08:18:30.863 | [poll_loop] Exited while loop (stop_=true), starting cleanup
D [<unknown>:0] 2026-09-09 08:18:30.863 | [poll_loop] Cleanup complete, poll_loop exiting
D [<unknown>:0] 2026-09-09 08:18:30.863 | [Reactor::~Reactor] Starting destruction, all_events_.len()=0, fibers_.size()=0
D [<unknown>:0] 2026-09-09 08:18:30.863 | [Reactor::~Reactor] Destructor body complete, about to destroy member variables
D [<unknown>:0] 2026-09-09 08:18:30.863 | [PollThread::shutdown] thread.join() completed!
D [<unknown>:0] 2026-09-09 08:18:30.863 | [PollThread::shutdown] Released join_handle lock
D [<unknown>:0] 2026-09-09 08:18:30.863 | [PollThread::shutdown] Complete
D [<unknown>:0] 2026-09-09 08:18:30.863 | [PollThread::~PollThread] Destructor called from TID=2404192
D [<unknown>:0] 2026-09-09 08:18:30.863 | [PollThread::shutdown] Called from TID=2404192
D [<unknown>:0] 2026-09-09 08:18:30.863 | [PollThread::shutdown] Already called, returning
D [<unknown>:0] 2026-09-09 08:18:30.863 | [PollThread::~PollThread] Destructor complete
D [<unknown>:0] 2026-09-09 08:18:30.863 | [PollThread::shutdown] thread.join() completed!
D [<unknown>:0] 2026-09-09 08:18:30.863 | [PollThread::shutdown] Released join_handle lock
D [<unknown>:0] 2026-09-09 08:18:30.863 | [PollThread::shutdown] Complete
D [<unknown>:0] 2026-09-09 08:18:30.863 | [PollThread::~PollThread] Destructor called from TID=2404202
D [<unknown>:0] 2026-09-09 08:18:30.863 | [PollThread::shutdown] Called from TID=2404202
D [<unknown>:0] 2026-09-09 08:18:30.863 | [poll_loop] Exited while loop (stop_=true), starting cleanup
D [<unknown>:0] 2026-09-09 08:18:30.864 | [PollThread::shutdown] Already called, returning
D [<unknown>:0] 2026-09-09 08:18:30.864 | [PollThread::~PollThread] Destructor complete
D [<unknown>:0] 2026-09-09 08:18:30.864 | [poll_loop] Cleanup complete, poll_loop exiting
D [<unknown>:0] 2026-09-09 08:18:30.864 | [Reactor::~Reactor] Starting destruction, all_events_.len()=0, fibers_.size()=0
D [<unknown>:0] 2026-09-09 08:18:30.864 | [Reactor::~Reactor] Destructor body complete, about to destroy member variables
D [<unknown>:0] 2026-09-09 08:18:30.864 | [PollThread::shutdown] thread.join() completed!
D [<unknown>:0] 2026-09-09 08:18:30.864 | [PollThread::shutdown] Released join_handle lock
D [<unknown>:0] 2026-09-09 08:18:30.864 | [PollThread::shutdown] Complete
D [<unknown>:0] 2026-09-09 08:18:30.864 | [PollThread::~PollThread] Destructor called from TID=2404191
D [<unknown>:0] 2026-09-09 08:18:30.864 | [PollThread::shutdown] Called from TID=2404191
D [<unknown>:0] 2026-09-09 08:18:30.864 | [PollThread::shutdown] Already called, returning
D [<unknown>:0] 2026-09-09 08:18:30.864 | [PollThread::~PollThread] Destructor complete
D [<unknown>:0] 2026-09-09 08:18:30.872 | [PollThread::shutdown] Called from TID=2404189
D [<unknown>:0] 2026-09-09 08:18:30.872 | [PollThread::shutdown] Sending CmdShutdown
D [<unknown>:0] 2026-09-09 08:18:30.872 | [PollThread::shutdown] CmdShutdown sent
D [<unknown>:0] 2026-09-09 08:18:30.872 | [PollThread::shutdown] Acquiring join_handle lock...
D [<unknown>:0] 2026-09-09 08:18:30.872 | [PollThread::shutdown] join_handle lock acquired
D [<unknown>:0] 2026-09-09 08:18:30.872 | [PollThread::shutdown] Calling thread.join()...
D [<unknown>:0] 2026-09-09 08:18:30.872 | [poll_loop] Exited while loop (stop_=true), starting cleanup
D [<unknown>:0] 2026-09-09 08:18:30.872 | [poll_loop] Cleanup complete, poll_loop exiting
D [<unknown>:0] 2026-09-09 08:18:30.872 | [Reactor::~Reactor] Starting destruction, all_events_.len()=0, fibers_.size()=0
D [<unknown>:0] 2026-09-09 08:18:30.872 | [Reactor::~Reactor] Destructor body complete, about to destroy member variables
D [<unknown>:0] 2026-09-09 08:18:30.872 | [PollThread::shutdown] thread.join() completed!
D [<unknown>:0] 2026-09-09 08:18:30.872 | [PollThread::shutdown] Released join_handle lock
D [<unknown>:0] 2026-09-09 08:18:30.872 | [PollThread::shutdown] Complete
D [<unknown>:0] 2026-09-09 08:18:30.872 | [PollThread::~PollThread] Destructor called from TID=2404189
D [<unknown>:0] 2026-09-09 08:18:30.872 | [PollThread::shutdown] Called from TID=2404189
D [<unknown>:0] 2026-09-09 08:18:30.872 | [PollThread::shutdown] Already called, returning
D [<unknown>:0] 2026-09-09 08:18:30.872 | [PollThread::~PollThread] Destructor complete
D [<unknown>:0] 2026-09-09 08:18:30.895 | [PollThread::shutdown] Called from TID=2404149
D [<unknown>:0] 2026-09-09 08:18:30.895 | [PollThread::shutdown] Sending CmdShutdown
D [<unknown>:0] 2026-09-09 08:18:30.895 | [PollThread::shutdown] CmdShutdown sent
D [<unknown>:0] 2026-09-09 08:18:30.895 | [PollThread::shutdown] Acquiring join_handle lock...
D [<unknown>:0] 2026-09-09 08:18:30.895 | [PollThread::shutdown] join_handle lock acquired
D [<unknown>:0] 2026-09-09 08:18:30.895 | [PollThread::shutdown] Calling thread.join()...
D [<unknown>:0] 2026-09-09 08:18:30.895 | [poll_loop] Exited while loop (stop_=true), starting cleanup
D [<unknown>:0] 2026-09-09 08:18:30.895 | [poll_loop] Cleanup complete, poll_loop exiting
D [<unknown>:0] 2026-09-09 08:18:30.895 | [Reactor::~Reactor] Starting destruction, all_events_.len()=0, fibers_.size()=0
D [<unknown>:0] 2026-09-09 08:18:30.895 | [Reactor::~Reactor] Destructor body complete, about to destroy member variables
D [<unknown>:0] 2026-09-09 08:18:30.896 | [PollThread::shutdown] thread.join() completed!
D [<unknown>:0] 2026-09-09 08:18:30.896 | [PollThread::shutdown] Released join_handle lock
D [<unknown>:0] 2026-09-09 08:18:30.896 | [PollThread::shutdown] Complete
D [<unknown>:0] 2026-09-09 08:18:30.896 | [PollThread::~PollThread] Destructor called from TID=2404149
D [<unknown>:0] 2026-09-09 08:18:30.896 | [PollThread::shutdown] Called from TID=2404149
D [<unknown>:0] 2026-09-09 08:18:30.896 | [PollThread::shutdown] Already called, returning
D [<unknown>:0] 2026-09-09 08:18:30.896 | [PollThread::~PollThread] Destructor complete
D [<unknown>:0] 2026-09-09 08:18:30.896 | [PollThread::shutdown] Called from TID=2404149
D [<unknown>:0] 2026-09-09 08:18:30.896 | [PollThread::shutdown] Sending CmdShutdown
D [<unknown>:0] 2026-09-09 08:18:30.896 | [PollThread::shutdown] CmdShutdown sent
D [<unknown>:0] 2026-09-09 08:18:30.896 | [PollThread::shutdown] Acquiring join_handle lock...
D [<unknown>:0] 2026-09-09 08:18:30.896 | [PollThread::shutdown] join_handle lock acquired
D [<unknown>:0] 2026-09-09 08:18:30.896 | [PollThread::shutdown] Calling thread.join()...
D [<unknown>:0] 2026-09-09 08:18:30.896 | [poll_loop] Exited while loop (stop_=true), starting cleanup
D [<unknown>:0] 2026-09-09 08:18:30.896 | [poll_loop] Cleanup complete, poll_loop exiting
D [<unknown>:0] 2026-09-09 08:18:30.896 | [Reactor::~Reactor] Starting destruction, all_events_.len()=0, fibers_.size()=0
D [<unknown>:0] 2026-09-09 08:18:30.896 | [Reactor::~Reactor] Destructor body complete, about to destroy member variables
D [<unknown>:0] 2026-09-09 08:18:30.897 | [PollThread::shutdown] thread.join() completed!
D [<unknown>:0] 2026-09-09 08:18:30.897 | [PollThread::shutdown] Released join_handle lock
D [<unknown>:0] 2026-09-09 08:18:30.897 | [PollThread::shutdown] Complete
D [<unknown>:0] 2026-09-09 08:18:30.897 | [PollThread::~PollThread] Destructor called from TID=2404149
D [<unknown>:0] 2026-09-09 08:18:30.897 | [PollThread::shutdown] Called from TID=2404149
D [<unknown>:0] 2026-09-09 08:18:30.897 | [PollThread::shutdown] Already called, returning
D [<unknown>:0] 2026-09-09 08:18:30.897 | [PollThread::~PollThread] Destructor complete

TPCC_BENCH_RESULT {"schema_version":1,"engine":"cpp","threads":16,"warehouses":16,"configured_seconds":10,"measured_seconds":10.150563999999999,"commits":6660676,"aborts":1063,"attempts":6661739,"throughput_txn_s":656187.77439361997,"mix":{"NewOrder":2997871,"Payment":2865167,"Delivery":266647,"OrderStatus":265128,"StockLevel":265863}}
