20260909-07:09.36-16013(us) 2349679 * ParseNewFormat  (configuration.cc:102): Using new configuration format
20260909-07:09.36-16149(us) 2349679 * ParseNewFormat  (configuration.cc:162): Loaded 1 sites in 1 shards
20260909-07:09.36-16174(us) 2349679 * handle_new_config_format (dbtest.cc:368):    Site local_s0: shard=0, replica_idx=0, is_leader=1, cluster=localhost
SiloRuntime[0]::InitializeAllocator()
  hugepgsize: 2097152
  mmap() region [0x75df43e00000, 0x75dfc4000000)
  runtime0 cpu0 owns [0x75df43e00000, 0x75dfc3e00000)
Database Benchmark:
  pid: 2349679
settings:
  num-cpus    : 128
  num-threads : 1
  shardIndex  : 0
  paxos_proc_name  : localhost
  nshards     : 1
  is_micro    : 0
  is_replicated : 0
  storage_engine : cpp
  var-encode  : yes
  allocator   : jemalloc
system properties:
  tuple_prefetch          : no
  btree_node_prefetch     : yes
tpcc settings:
  cross_partition_transactions : 1
  read_only_snapshots          : 1
  partition_locks              : 0
  separate_tree_per_partition  : 1
  new_order_remote_item_pct    : 1
  new_order_fast_id_gen        : 1
  uniform_item_dist            : 0
  order_status_scan_hack       : 0
  workload_mix                 : [45, 43, 4, 4, 4]
20260909-07:09.36-18448(us) 2349679 * ParseNewFormat  (configuration.cc:102): Using new configuration format
20260909-07:09.36-18491(us) 2349679 * ParseNewFormat  (configuration.cc:162): Loaded 1 sites in 1 shards
20260909-07:09.36-18772(us) 2349679 * Initialize      (srpc_rpc_backend.cc:66): SrpcRpcBackend::Initialize: poll_thread_worker_ created, is_some=1
20260909-07:09.36-18919(us) 2349679 * Initialize      (srpc_rpc_backend.cc:97): SrpcRpcBackend initialized on 127.0.0.1:31007 (listening on 0.0.0.0:31007)
20260909-07:09.36-18941(us) 2349679 * FastTransport   (fasttransport.cc:147): FastTransport initialized with srpc/rpc backend on 127.0.0.1:31007
20260909-07:09.36-18955(us) 2349679 * RunEventLoop    (srpc_rpc_backend.cc:516): SrpcRpcBackend::RunEventLoop: Starting event loop
20260909-07:09.36-19646(us) 2349679 * ParseNewFormat  (configuration.cc:102): Using new configuration format
20260909-07:09.36-19700(us) 2349679 * ParseNewFormat  (configuration.cc:162): Loaded 1 sites in 1 shards
20260909-07:09.36-20006(us) 2349679 * Initialize      (srpc_rpc_backend.cc:66): SrpcRpcBackend::Initialize: poll_thread_worker_ created, is_some=1
20260909-07:09.36-20172(us) 2349679 * Initialize      (srpc_rpc_backend.cc:97): SrpcRpcBackend initialized on 127.0.0.1:31006 (listening on 0.0.0.0:31006)
20260909-07:09.36-20195(us) 2349679 * FastTransport   (fasttransport.cc:147): FastTransport initialized with srpc/rpc backend on 127.0.0.1:31006
20260909-07:09.36-20209(us) 2349679 * RunEventLoop    (srpc_rpc_backend.cc:516): SrpcRpcBackend::RunEventLoop: Starting event loop
20260909-07:09.36-22692(us) 2349679 ! run             (bench.cc:537):     # of loaders size:6
20260909-07:09.36-23896(us) 2349679 * benchmark_thread_init (mbta_wrapper.hh:1811): thread_init: thread_id=0, shard_index=0, getShardIndex=0, loader=1
[INFO] finished loading warehouse
[INFO]   * average warehouse record length: 97 bytes
20260909-07:09.36-24859(us) 2349679 * benchmark_thread_init (mbta_wrapper.hh:1811): thread_init: thread_id=1, shard_index=0, getShardIndex=0, loader=1
[INFO] finished loading item
[INFO]   * average item record length: 84.1739 bytes
20260909-07:09.36-273410(us) 2349679 * benchmark_thread_init (mbta_wrapper.hh:1811): thread_init: thread_id=2, shard_index=0, getShardIndex=0, loader=1
PinToWarehouseId(): coreid=2 pinned to whse=1 (partid=0)
[INFO] finished loading stock
[INFO]   * average stock record length: 8 bytes
20260909-07:09.37-715753(us) 2349679 * benchmark_thread_init (mbta_wrapper.hh:1811): thread_init: thread_id=3, shard_index=0, getShardIndex=0, loader=1
PinToWarehouseId(): coreid=3 pinned to whse=1 (partid=0)
[INFO] finished loading district
[INFO]   * average district record length: 99 bytes
20260909-07:09.37-716713(us) 2349679 * benchmark_thread_init (mbta_wrapper.hh:1811): thread_init: thread_id=4, shard_index=0, getShardIndex=0, loader=1
num batches: 30
PinToWarehouseId(): coreid=4 pinned to whse=1 (partid=0)
[INFO] finished loading customer
[INFO]   * average customer record length: 153.725 bytes 
20260909-07:09.38-138135(us) 2349679 * benchmark_thread_init (mbta_wrapper.hh:1811): thread_init: thread_id=5, shard_index=0, getShardIndex=0, loader=1
PinToWarehouseId(): coreid=5 pinned to whse=1 (partid=0)
[INFO] finished loading order
[INFO]   * average order_line record length: 10.9193 bytes
[INFO]   * average oorder record length: 7.4286 bytes
[INFO]   * average new_order record length: 12 bytes
timed region dataloading took 2333.19 ms
DB size: 143.32 MB
[0, 0, 0] txns persisted in loading phase
20260909-07:09.38-355932(us) 2349679 ! run             (bench.cc:607):     # of nthreads:1
starting benchmark...
tpcc: worker id 128 => warehouses [1, 2)
20260909-07:09.38-358882(us) 2349679 * benchmark_thread_init (mbta_wrapper.hh:1811): thread_init: thread_id=6, shard_index=0, getShardIndex=0, loader=0
20260909-07:09.38-360954(us) 2349679 * ParseNewFormat  (configuration.cc:102): Using new configuration format
20260909-07:09.38-360995(us) 2349679 * ParseNewFormat  (configuration.cc:162): Loaded 1 sites in 1 shards
20260909-07:09.38-361769(us) 2349679 * ParseNewFormat  (configuration.cc:102): Using new configuration format
20260909-07:09.38-361799(us) 2349679 * ParseNewFormat  (configuration.cc:162): Loaded 1 sites in 1 shards
20260909-07:09.38-362063(us) 2349679 * Initialize      (srpc_rpc_backend.cc:66): SrpcRpcBackend::Initialize: poll_thread_worker_ created, is_some=1
20260909-07:09.38-362316(us) 2349679 * Initialize      (srpc_rpc_backend.cc:97): SrpcRpcBackend initialized on 127.0.0.1:31000 (listening on 0.0.0.0:31000)
20260909-07:09.38-362330(us) 2349679 * FastTransport   (fasttransport.cc:147): FastTransport initialized with srpc/rpc backend on 127.0.0.1:31000
20260909-07:09.38-363398(us) 2349679 * ParseNewFormat  (configuration.cc:102): Using new configuration format
20260909-07:09.38-363439(us) 2349679 * ParseNewFormat  (configuration.cc:162): Loaded 1 sites in 1 shards
20260909-07:09.38-363977(us) 2349679 ! run             (bench.cc:685):     TPCC_BENCH_MEASURE_START
20260909-07:09.38-363996(us) 2349679 ! run             (bench.cc:693):     start the running time, runTime:10
20260909-07:09.38-364009(us) 2349679 ! run             (bench.cc:705):     runtime time left:10000 ms, bool:1
20260909-07:09.39-369729(us) 2349679 ! run             (bench.cc:705):     runtime time left:9000 ms, bool:1
20260909-07:09.40-375798(us) 2349679 ! run             (bench.cc:705):     runtime time left:8000 ms, bool:1
20260909-07:09.41-381212(us) 2349679 ! run             (bench.cc:705):     runtime time left:7000 ms, bool:1
20260909-07:09.42-387042(us) 2349679 ! run             (bench.cc:705):     runtime time left:6000 ms, bool:1
20260909-07:09.43-392608(us) 2349679 ! run             (bench.cc:705):     runtime time left:5000 ms, bool:1
20260909-07:09.44-399643(us) 2349679 ! run             (bench.cc:705):     runtime time left:4000 ms, bool:1
20260909-07:09.45-406451(us) 2349679 ! run             (bench.cc:705):     runtime time left:3000 ms, bool:1
20260909-07:09.46-413389(us) 2349679 ! run             (bench.cc:705):     runtime time left:2000 ms, bool:1
20260909-07:09.47-419775(us) 2349679 ! run             (bench.cc:705):     runtime time left:1000 ms, bool:1
20260909-07:09.48-428223(us) 2349679 ! run             (bench.cc:718):     runtime_plus:0
[SHUTDOWN] Setting running=false to stop database worker threads
[SHUTDOWN] Calling first stop() to stop client transports
20260909-07:09.48-428292(us) 2349679 ! stop            (bench.cc:514):     stop all rpc clients. set stop=false
20260909-07:09.48-428308(us) 2349679 * Stop            (srpc_rpc_backend.cc:593): SrpcRpcBackend::Stop: BEGIN - Setting stop flag
20260909-07:09.48-428321(us) 2349679 * Stop            (srpc_rpc_backend.cc:596): SrpcRpcBackend::Stop: Waiting for event loop to exit...
20260909-07:09.48-428334(us) 2349679 * Stop            (srpc_rpc_backend.cc:612): SrpcRpcBackend::Stop: Event loop exited successfully
20260909-07:09.48-428346(us) 2349679 * Stop            (srpc_rpc_backend.cc:616): SrpcRpcBackend::Stop: Signaling 0 request queues to stop
20260909-07:09.48-428359(us) 2349679 * Stop            (srpc_rpc_backend.cc:624): SrpcRpcBackend::Stop: Signaling 0 response queues to stop
20260909-07:09.48-428417(us) 2349679 * Stop            (srpc_rpc_backend.cc:635): SrpcRpcBackend::Stop: Server cleanup deferred to destructor
20260909-07:09.48-428429(us) 2349679 * Stop            (srpc_rpc_backend.cc:638): SrpcRpcBackend::Stop: Closing client connections
20260909-07:09.48-428442(us) 2349679 * Stop            (srpc_rpc_backend.cc:642): SrpcRpcBackend::Stop: Found 0 client connections to close
20260909-07:09.48-428455(us) 2349679 * Stop            (srpc_rpc_backend.cc:662): SrpcRpcBackend::Stop: Closed 0 client connections
20260909-07:09.48-428479(us) 2349679 * Stop            (srpc_rpc_backend.cc:675): SrpcRpcBackend stats: msg_size_resp_sent: 0 bytes, counter: 0, avg: 0.000000
20260909-07:09.48-428495(us) 2349679 * Stop            (srpc_rpc_backend.cc:676): SrpcRpcBackend::Stop: END
[SHUTDOWN] First stop() completed
[SHUTDOWN] Joining 1 worker threads
[SHUTDOWN] Joining worker 0
20260909-07:09.48-428594(us) 2349679 * PrintStats      (srpc_rpc_backend.cc:686): SrpcRpcBackend request stats: msg_size_req_sent: 0 bytes, counter: 0, avg: 0.000000
20260909-07:09.49-432796(us) 2349679 * Stop            (srpc_rpc_backend.cc:589): SrpcRpcBackend::Stop: Already stopped, returning
20260909-07:09.49-432854(us) 2349679 * Shutdown        (srpc_rpc_backend.cc:112): SrpcRpcBackend::Shutdown: About to delete server
20260909-07:09.49-432869(us) 2349679 * Shutdown        (srpc_rpc_backend.cc:116): SrpcRpcBackend::Shutdown: Server pointer is valid, deleting...
20260909-07:09.49-432895(us) 2349679 * Shutdown        (srpc_rpc_backend.cc:120): SrpcRpcBackend::Shutdown: Server deleted successfully
20260909-07:09.49-432908(us) 2349679 * Shutdown        (srpc_rpc_backend.cc:132): SrpcRpcBackend::Shutdown: About to shutdown poll_thread_worker_
20260909-07:09.49-433094(us) 2349679 * Shutdown        (srpc_rpc_backend.cc:136): SrpcRpcBackend::Shutdown: poll_thread_worker_ is valid, calling shutdown()
20260909-07:09.49-434302(us) 2349679 * Shutdown        (srpc_rpc_backend.cc:138): SrpcRpcBackend::Shutdown: poll_thread_worker_->shutdown() completed
20260909-07:09.49-434334(us) 2349679 * Shutdown        (srpc_rpc_backend.cc:140): SrpcRpcBackend::Shutdown: poll_thread_worker_ reset to None
20260909-07:09.49-434347(us) 2349679 * Shutdown        (srpc_rpc_backend.cc:145): SrpcRpcBackend::Shutdown: Shutdown sequence completed, destructor will now exit
20260909-07:09.49-434360(us) 2349679 * ~SrpcRpcBackend (srpc_rpc_backend.cc:52): SrpcRpcBackend::~SrpcRpcBackend: START destructor
20260909-07:09.49-434373(us) 2349679 * Stop            (srpc_rpc_backend.cc:589): SrpcRpcBackend::Stop: Already stopped, returning
20260909-07:09.49-434386(us) 2349679 * Shutdown        (srpc_rpc_backend.cc:112): SrpcRpcBackend::Shutdown: About to delete server
20260909-07:09.49-434399(us) 2349679 * Shutdown        (srpc_rpc_backend.cc:129): SrpcRpcBackend::Shutdown: Server pointer is null, skipping deletion
20260909-07:09.49-434412(us) 2349679 * Shutdown        (srpc_rpc_backend.cc:132): SrpcRpcBackend::Shutdown: About to shutdown poll_thread_worker_
20260909-07:09.49-434425(us) 2349679 * Shutdown        (srpc_rpc_backend.cc:142): SrpcRpcBackend::Shutdown: poll_thread_worker_ is null, skipping shutdown
20260909-07:09.49-434459(us) 2349679 * Shutdown        (srpc_rpc_backend.cc:145): SrpcRpcBackend::Shutdown: Shutdown sequence completed, destructor will now exit
20260909-07:09.49-434472(us) 2349679 * ~SrpcRpcBackend (srpc_rpc_backend.cc:54): SrpcRpcBackend::~SrpcRpcBackend: Shutdown() completed
[SHUTDOWN] Worker 0 joined
[SHUTDOWN] All workers joined
[SHUTDOWN] Calling stop_rpc_server()
[STOP_SERVER] Stopping 2 server transports
[STOP_SERVER] Stopping server transport 0
20260909-07:09.49-434602(us) 2349679 * Stop            (srpc_rpc_backend.cc:593): SrpcRpcBackend::Stop: BEGIN - Setting stop flag
20260909-07:09.49-434618(us) 2349679 * Stop            (srpc_rpc_backend.cc:596): SrpcRpcBackend::Stop: Waiting for event loop to exit...
20260909-07:09.49-434638(us) 2349679 * RunEventLoop    (srpc_rpc_backend.cc:577): SrpcRpcBackend::RunEventLoop: Stop flag detected, exiting event loop
20260909-07:09.49-434652(us) 2349679 * RunEventLoop    (srpc_rpc_backend.cc:581): SrpcRpcBackend::RunEventLoop: Exited cleanly
20260909-07:09.49-434665(us) 2349679 * rpc_server      (rpc_setup.cc:126): the rpc_server is terminated on shardIdx:0, alpha:0!
20260909-07:09.49-444681(us) 2349679 * Stop            (srpc_rpc_backend.cc:612): SrpcRpcBackend::Stop: Event loop exited successfully
20260909-07:09.49-444702(us) 2349679 * Stop            (srpc_rpc_backend.cc:616): SrpcRpcBackend::Stop: Signaling 0 request queues to stop
20260909-07:09.49-444720(us) 2349679 * Stop            (srpc_rpc_backend.cc:624): SrpcRpcBackend::Stop: Signaling 0 response queues to stop
20260909-07:09.49-444734(us) 2349679 * Stop            (srpc_rpc_backend.cc:635): SrpcRpcBackend::Stop: Server cleanup deferred to destructor
20260909-07:09.49-444746(us) 2349679 * Stop            (srpc_rpc_backend.cc:638): SrpcRpcBackend::Stop: Closing client connections
20260909-07:09.49-444760(us) 2349679 * Stop            (srpc_rpc_backend.cc:642): SrpcRpcBackend::Stop: Found 0 client connections to close
20260909-07:09.49-444773(us) 2349679 * Stop            (srpc_rpc_backend.cc:662): SrpcRpcBackend::Stop: Closed 0 client connections
20260909-07:09.49-444785(us) 2349679 * Stop            (srpc_rpc_backend.cc:675): SrpcRpcBackend stats: msg_size_resp_sent: 0 bytes, counter: 0, avg: 0.000000
20260909-07:09.49-444806(us) 2349679 * Stop            (srpc_rpc_backend.cc:676): SrpcRpcBackend::Stop: END
[STOP_SERVER] Server transport 0 stopped
[STOP_SERVER] Stopping server transport 1
20260909-07:09.49-444838(us) 2349679 * Stop            (srpc_rpc_backend.cc:593): SrpcRpcBackend::Stop: BEGIN - Setting stop flag
20260909-07:09.49-444851(us) 2349679 * Stop            (srpc_rpc_backend.cc:596): SrpcRpcBackend::Stop: Waiting for event loop to exit...
20260909-07:09.49-444870(us) 2349679 * RunEventLoop    (srpc_rpc_backend.cc:577): SrpcRpcBackend::RunEventLoop: Stop flag detected, exiting event loop
20260909-07:09.49-444883(us) 2349679 * RunEventLoop    (srpc_rpc_backend.cc:581): SrpcRpcBackend::RunEventLoop: Exited cleanly
20260909-07:09.49-444896(us) 2349679 * rpc_server      (rpc_setup.cc:126): the rpc_server is terminated on shardIdx:0, alpha:1!
20260909-07:09.49-454923(us) 2349679 * Stop            (srpc_rpc_backend.cc:612): SrpcRpcBackend::Stop: Event loop exited successfully
20260909-07:09.49-454944(us) 2349679 * Stop            (srpc_rpc_backend.cc:616): SrpcRpcBackend::Stop: Signaling 0 request queues to stop
20260909-07:09.49-454958(us) 2349679 * Stop            (srpc_rpc_backend.cc:624): SrpcRpcBackend::Stop: Signaling 0 response queues to stop
20260909-07:09.49-454972(us) 2349679 * Stop            (srpc_rpc_backend.cc:635): SrpcRpcBackend::Stop: Server cleanup deferred to destructor
20260909-07:09.49-454984(us) 2349679 * Stop            (srpc_rpc_backend.cc:638): SrpcRpcBackend::Stop: Closing client connections
20260909-07:09.49-454997(us) 2349679 * Stop            (srpc_rpc_backend.cc:642): SrpcRpcBackend::Stop: Found 0 client connections to close
20260909-07:09.49-455009(us) 2349679 * Stop            (srpc_rpc_backend.cc:662): SrpcRpcBackend::Stop: Closed 0 client connections
20260909-07:09.49-455022(us) 2349679 * Stop            (srpc_rpc_backend.cc:675): SrpcRpcBackend stats: msg_size_resp_sent: 0 bytes, counter: 0, avg: 0.000000
20260909-07:09.49-455036(us) 2349679 * Stop            (srpc_rpc_backend.cc:676): SrpcRpcBackend::Stop: END
[STOP_SERVER] Server transport 1 stopped
20260909-07:09.49-455071(us) 2349679 * Stop            (srpc_rpc_backend.cc:589): SrpcRpcBackend::Stop: Already stopped, returning
20260909-07:09.49-455085(us) 2349679 * Shutdown        (srpc_rpc_backend.cc:112): SrpcRpcBackend::Shutdown: About to delete server
20260909-07:09.49-455097(us) 2349679 * Shutdown        (srpc_rpc_backend.cc:116): SrpcRpcBackend::Shutdown: Server pointer is valid, deleting...
20260909-07:09.49-455113(us) 2349679 * Shutdown        (srpc_rpc_backend.cc:120): SrpcRpcBackend::Shutdown: Server deleted successfully
20260909-07:09.49-455132(us) 2349679 * Shutdown        (srpc_rpc_backend.cc:132): SrpcRpcBackend::Shutdown: About to shutdown poll_thread_worker_
20260909-07:09.49-455144(us) 2349679 * Shutdown        (srpc_rpc_backend.cc:136): SrpcRpcBackend::Shutdown: poll_thread_worker_ is valid, calling shutdown()
20260909-07:09.49-455488(us) 2349679 * Shutdown        (srpc_rpc_backend.cc:138): SrpcRpcBackend::Shutdown: poll_thread_worker_->shutdown() completed
20260909-07:09.49-455520(us) 2349679 * Shutdown        (srpc_rpc_backend.cc:140): SrpcRpcBackend::Shutdown: poll_thread_worker_ reset to None
20260909-07:09.49-455533(us) 2349679 * Shutdown        (srpc_rpc_backend.cc:145): SrpcRpcBackend::Shutdown: Shutdown sequence completed, destructor will now exit
20260909-07:09.49-455546(us) 2349679 * ~SrpcRpcBackend (srpc_rpc_backend.cc:52): SrpcRpcBackend::~SrpcRpcBackend: START destructor
20260909-07:09.49-455559(us) 2349679 * Stop            (srpc_rpc_backend.cc:589): SrpcRpcBackend::Stop: Already stopped, returning
20260909-07:09.49-455571(us) 2349679 * Shutdown        (srpc_rpc_backend.cc:112): SrpcRpcBackend::Shutdown: About to delete server
20260909-07:09.49-455584(us) 2349679 * Shutdown        (srpc_rpc_backend.cc:129): SrpcRpcBackend::Shutdown: Server pointer is null, skipping deletion
20260909-07:09.49-455597(us) 2349679 * Shutdown        (srpc_rpc_backend.cc:132): SrpcRpcBackend::Shutdown: About to shutdown poll_thread_worker_
20260909-07:09.49-455609(us) 2349679 * Shutdown        (srpc_rpc_backend.cc:142): SrpcRpcBackend::Shutdown: poll_thread_worker_ is null, skipping shutdown
20260909-07:09.49-455622(us) 2349679 * Shutdown        (srpc_rpc_backend.cc:145): SrpcRpcBackend::Shutdown: Shutdown sequence completed, destructor will now exit
20260909-07:09.49-455635(us) 2349679 * ~SrpcRpcBackend (srpc_rpc_backend.cc:54): SrpcRpcBackend::~SrpcRpcBackend: Shutdown() completed
20260909-07:09.49-455669(us) 2349679 * Stop            (srpc_rpc_backend.cc:589): SrpcRpcBackend::Stop: Already stopped, returning
20260909-07:09.49-455683(us) 2349679 * Shutdown        (srpc_rpc_backend.cc:112): SrpcRpcBackend::Shutdown: About to delete server
20260909-07:09.49-455696(us) 2349679 * Shutdown        (srpc_rpc_backend.cc:116): SrpcRpcBackend::Shutdown: Server pointer is valid, deleting...
20260909-07:09.49-455711(us) 2349679 * Shutdown        (srpc_rpc_backend.cc:120): SrpcRpcBackend::Shutdown: Server deleted successfully
20260909-07:09.49-455724(us) 2349679 * Shutdown        (srpc_rpc_backend.cc:132): SrpcRpcBackend::Shutdown: About to shutdown poll_thread_worker_
20260909-07:09.49-455737(us) 2349679 * Shutdown        (srpc_rpc_backend.cc:136): SrpcRpcBackend::Shutdown: poll_thread_worker_ is valid, calling shutdown()
20260909-07:09.49-456535(us) 2349679 * Shutdown        (srpc_rpc_backend.cc:138): SrpcRpcBackend::Shutdown: poll_thread_worker_->shutdown() completed
20260909-07:09.49-456566(us) 2349679 * Shutdown        (srpc_rpc_backend.cc:140): SrpcRpcBackend::Shutdown: poll_thread_worker_ reset to None
20260909-07:09.49-456579(us) 2349679 * Shutdown        (srpc_rpc_backend.cc:145): SrpcRpcBackend::Shutdown: Shutdown sequence completed, destructor will now exit
20260909-07:09.49-456592(us) 2349679 * ~SrpcRpcBackend (srpc_rpc_backend.cc:52): SrpcRpcBackend::~SrpcRpcBackend: START destructor
20260909-07:09.49-456605(us) 2349679 * Stop            (srpc_rpc_backend.cc:589): SrpcRpcBackend::Stop: Already stopped, returning
20260909-07:09.49-456618(us) 2349679 * Shutdown        (srpc_rpc_backend.cc:112): SrpcRpcBackend::Shutdown: About to delete server
20260909-07:09.49-456631(us) 2349679 * Shutdown        (srpc_rpc_backend.cc:129): SrpcRpcBackend::Shutdown: Server pointer is null, skipping deletion
20260909-07:09.49-456644(us) 2349679 * Shutdown        (srpc_rpc_backend.cc:132): SrpcRpcBackend::Shutdown: About to shutdown poll_thread_worker_
20260909-07:09.49-456656(us) 2349679 * Shutdown        (srpc_rpc_backend.cc:142): SrpcRpcBackend::Shutdown: poll_thread_worker_ is null, skipping shutdown
20260909-07:09.49-456669(us) 2349679 * Shutdown        (srpc_rpc_backend.cc:145): SrpcRpcBackend::Shutdown: Shutdown sequence completed, destructor will now exit
20260909-07:09.49-456682(us) 2349679 * ~SrpcRpcBackend (srpc_rpc_backend.cc:54): SrpcRpcBackend::~SrpcRpcBackend: Shutdown() completed
[STOP_SERVER] All server transports stopped
[SHUTDOWN] stop_rpc_server() completed
[SHUTDOWN] Calling second stop()
20260909-07:09.49-456727(us) 2349679 ! stop            (bench.cc:514):     stop all rpc clients. set stop=false
[SHUTDOWN] Second stop() completed
20260909-07:09.49-456744(us) 2349679 ! run             (bench.cc:774):     TPCC_BENCH_MEASURE_END
[SHUTDOWN] Calling do_txn_finish()
[SHUTDOWN] do_txn_finish() completed
--- n_commits per partition ---
 par_id: 0, n_commits: 410036
--- benchmark statistics ---
runtime: 10.0928 sec
memory delta: 273.062 MB
n_commits: 410036
latency_numer_us: 9821392
latency_numer_us_remote: 0
memory delta rate: 27.0552 MB/sec
logical memory delta: 26.0244 MB
logical memory delta rate: 2.57852 MB/sec
agg_nosync_throughput: 40626.8 ops/sec
avg_nosync_per_core_throughput: 40626.8 ops/sec/core
agg_throughput: 40626.7 ops/sec
avg_per_core_throughput: 40626.7 ops/sec/core
agg_persist_throughput: 40626.7 ops/sec
avg_per_core_persist_throughput: 40626.7 ops/sec/core
avg_latency: 0.0239525 ms
avg_persist_latency: 0 ms
agg_abort_rate: 0 aborts/sec
avg_per_core_abort_rate: 0 aborts/sec/core
  NewOrder_local_commit_latency: 0.0262465 ms
  NewOrder_local_abort_latency: 0 ms
  NewOrder_local_abort_ratio: 0
  Payment_local_commit_latency: 0.00850896 ms
  Payment_local_abort_latency: 0 ms
  Payment_local_abort_ratio: 0
  Delivery_local_commit_latency: 0.107098 ms
  Delivery_local_abort_latency: 0 ms
  Delivery_local_abort_ratio: 0
  OrderStatus_local_commit_latency: 0.00926991 ms
  OrderStatus_local_abort_latency: 0 ms
  OrderStatus_local_abort_ratio: 0
  StockLevel_local_commit_latency: 0.108123 ms
  StockLevel_local_abort_latency: 0 ms
  StockLevel_local_abort_ratio: 0
  NewOrder_remote_ratio: 0 %
  NewOrder_remote_abort_ratio: 0 %
  NewOrder_remote_commit_latency: 0 ms
  NewOrder_remote_abort_latency: 0 ms
  Payment_remote_ratio: 0 %
  Payment_remote_abort_ratio: 0 %
  Payment_remote_commit_latency: 0 ms
  Payment_remote_abort_latency: 0 ms
--- system counters (for benchmark) ---
--- perf counters (if enabled, for benchmark) ---
--- allocator stats ---
[SiloRuntime 0] ncpus=1
[SiloRuntime 0] cpu=0 fully_faulted?=0 remaining=2147483648 bytes
---------------------------------------
--- system counters for n_commits ---
[STOP_SERVER] Stopping 0 server transports
[STOP_SERVER] All server transports stopped
