[0;32m=== Mako Ubuntu 24.04 Docker Build Script ===[0m

[1;33mWarning: Some RUNPATH entries include extra paths; forcing Docker library path.[0m
[1;33m  - build_docker/dbtest: /workspace/build_docker:/workspace/build_docker/third-party/yaml-cpp[0m
[1;33mRunning CI test 'shard1ReplicationRaft' (no rebuild)...[0m
=========================================
Running: ./ci/ci.sh shard1ReplicationRaft
=========================================
Cleaning up any lingering test processes...
Cleanup complete.
=========================================
Testing 1-shard setup with RAFT replication
=========================================
Starting shard 0 with Raft...
Waiting for benchmark to complete...
  ... waiting (10s elapsed)
  ... waiting (20s elapsed)
  ... waiting (30s elapsed)
Benchmark completed after 35s
Stopping shards (graceful)...

=========================================
Checking test results...
=========================================

Checking test_1shard_replication_raft.sh_shard0-localhost-6.log:
-----------------
  ✓ Found 'agg_persist_throughput' keyword
    agg_persist_throughput: 61993.2 ops/sec
  ✓ NewOrder_remote_abort_ratio: 0 (< 20%)

Checking test_1shard_replication_raft.sh_shard0-p1-6.log:
-----------------
  ✓ replay_batch: 9104 (> 500)

=========================================
All checks passed! (Raft replication)
=========================================
Checking if all test processes exited cleanly...
✓ All processes exited cleanly
[0;32mCI test 'shard1ReplicationRaft' completed![0m
