new table is created with name: customer_0, table-id: 1, on shard-server id:0
new table is created with name: customer_1, table-id: 2, on shard-server id:0
new table is created with name: customer_2, table-id: 3, on shard-server id:0
new table is created with name: customer_3, table-id: 4, on shard-server id:0
new table is created with name: customer_4, table-id: 5, on shard-server id:0
new table is created with name: customer_5, table-id: 6, on shard-server id:0
new table is created with name: customer_6, table-id: 7, on shard-server id:0
new table is created with name: customer_7, table-id: 8, on shard-server id:0
new table is created with name: customer_8, table-id: 9, on shard-server id:0
new table is created with name: customer_9, table-id: 10, on shard-server id:0
new table is created with name: customer_10, table-id: 11, on shard-server id:0
new table is created with name: customer_11, table-id: 12, on shard-server id:0
new table is created with name: customer_12, table-id: 13, on shard-server id:0
new table is created with name: customer_13, table-id: 14, on shard-server id:0
new table is created with name: customer_14, table-id: 15, on shard-server id:0
new table is created with name: customer_15, table-id: 16, on shard-server id:0
new table is created with name: customer_name_idx_0, table-id: 17, on shard-server id:0
new table is created with name: customer_name_idx_1, table-id: 18, on shard-server id:0
new table is created with name: customer_name_idx_2, table-id: 19, on shard-server id:0
new table is created with name: customer_name_idx_3, table-id: 20, on shard-server id:0
new table is created with name: customer_name_idx_4, table-id: 21, on shard-server id:0
new table is created with name: customer_name_idx_5, table-id: 22, on shard-server id:0
new table is created with name: customer_name_idx_6, table-id: 23, on shard-server id:0
new table is created with name: customer_name_idx_7, table-id: 24, on shard-server id:0
new table is created with name: customer_name_idx_8, table-id: 25, on shard-server id:0
new table is created with name: customer_name_idx_9, table-id: 26, on shard-server id:0
new table is created with name: customer_name_idx_10, table-id: 27, on shard-server id:0
new table is created with name: customer_name_idx_11, table-id: 28, on shard-server id:0
new table is created with name: customer_name_idx_12, table-id: 29, on shard-server id:0
new table is created with name: customer_name_idx_13, table-id: 30, on shard-server id:0
new table is created with name: customer_name_idx_14, table-id: 31, on shard-server id:0
new table is created with name: customer_name_idx_15, table-id: 32, on shard-server id:0
new table is created with name: district_0, table-id: 33, on shard-server id:0
new table is created with name: district_1, table-id: 34, on shard-server id:0
new table is created with name: district_2, table-id: 35, on shard-server id:0
new table is created with name: district_3, table-id: 36, on shard-server id:0
new table is created with name: district_4, table-id: 37, on shard-server id:0
new table is created with name: district_5, table-id: 38, on shard-server id:0
new table is created with name: district_6, table-id: 39, on shard-server id:0
new table is created with name: district_7, table-id: 40, on shard-server id:0
new table is created with name: district_8, table-id: 41, on shard-server id:0
new table is created with name: district_9, table-id: 42, on shard-server id:0
new table is created with name: district_10, table-id: 43, on shard-server id:0
new table is created with name: district_11, table-id: 44, on shard-server id:0
new table is created with name: district_12, table-id: 45, on shard-server id:0
new table is created with name: district_13, table-id: 46, on shard-server id:0
new table is created with name: district_14, table-id: 47, on shard-server id:0
new table is created with name: district_15, table-id: 48, on shard-server id:0
new table is created with name: history_0, table-id: 49, on shard-server id:0
new table is created with name: history_1, table-id: 50, on shard-server id:0
new table is created with name: history_2, table-id: 51, on shard-server id:0
new table is created with name: history_3, table-id: 52, on shard-server id:0
new table is created with name: history_4, table-id: 53, on shard-server id:0
new table is created with name: history_5, table-id: 54, on shard-server id:0
new table is created with name: history_6, table-id: 55, on shard-server id:0
new table is created with name: history_7, table-id: 56, on shard-server id:0
new table is created with name: history_8, table-id: 57, on shard-server id:0
new table is created with name: history_9, table-id: 58, on shard-server id:0
new table is created with name: history_10, table-id: 59, on shard-server id:0
new table is created with name: history_11, table-id: 60, on shard-server id:0
new table is created with name: history_12, table-id: 61, on shard-server id:0
new table is created with name: history_13, table-id: 62, on shard-server id:0
new table is created with name: history_14, table-id: 63, on shard-server id:0
new table is created with name: history_15, table-id: 64, on shard-server id:0
new table is created with name: new_order_0, table-id: 65, on shard-server id:0
new table is created with name: new_order_1, table-id: 66, on shard-server id:0
new table is created with name: new_order_2, table-id: 67, on shard-server id:0
new table is created with name: new_order_3, table-id: 68, on shard-server id:0
new table is created with name: new_order_4, table-id: 69, on shard-server id:0
new table is created with name: new_order_5, table-id: 70, on shard-server id:0
new table is created with name: new_order_6, table-id: 71, on shard-server id:0
new table is created with name: new_order_7, table-id: 72, on shard-server id:0
new table is created with name: new_order_8, table-id: 73, on shard-server id:0
new table is created with name: new_order_9, table-id: 74, on shard-server id:0
new table is created with name: new_order_10, table-id: 75, on shard-server id:0
new table is created with name: new_order_11, table-id: 76, on shard-server id:0
new table is created with name: new_order_12, table-id: 77, on shard-server id:0
new table is created with name: new_order_13, table-id: 78, on shard-server id:0
new table is created with name: new_order_14, table-id: 79, on shard-server id:0
new table is created with name: new_order_15, table-id: 80, on shard-server id:0
new table is created with name: oorder_0, table-id: 81, on shard-server id:0
new table is created with name: oorder_1, table-id: 82, on shard-server id:0
new table is created with name: oorder_2, table-id: 83, on shard-server id:0
new table is created with name: oorder_3, table-id: 84, on shard-server id:0
new table is created with name: oorder_4, table-id: 85, on shard-server id:0
new table is created with name: oorder_5, table-id: 86, on shard-server id:0
new table is created with name: oorder_6, table-id: 87, on shard-server id:0
new table is created with name: oorder_7, table-id: 88, on shard-server id:0
new table is created with name: oorder_8, table-id: 89, on shard-server id:0
new table is created with name: oorder_9, table-id: 90, on shard-server id:0
new table is created with name: oorder_10, table-id: 91, on shard-server id:0
new table is created with name: oorder_11, table-id: 92, on shard-server id:0
new table is created with name: oorder_12, table-id: 93, on shard-server id:0
new table is created with name: oorder_13, table-id: 94, on shard-server id:0
new table is created with name: oorder_14, table-id: 95, on shard-server id:0
new table is created with name: oorder_15, table-id: 96, on shard-server id:0
new table is created with name: oorder_c_id_idx_0, table-id: 97, on shard-server id:0
new table is created with name: oorder_c_id_idx_1, table-id: 98, on shard-server id:0
new table is created with name: oorder_c_id_idx_2, table-id: 99, on shard-server id:0
new table is created with name: oorder_c_id_idx_3, table-id: 100, on shard-server id:0
new table is created with name: oorder_c_id_idx_4, table-id: 101, on shard-server id:0
new table is created with name: oorder_c_id_idx_5, table-id: 102, on shard-server id:0
new table is created with name: oorder_c_id_idx_6, table-id: 103, on shard-server id:0
new table is created with name: oorder_c_id_idx_7, table-id: 104, on shard-server id:0
new table is created with name: oorder_c_id_idx_8, table-id: 105, on shard-server id:0
new table is created with name: oorder_c_id_idx_9, table-id: 106, on shard-server id:0
new table is created with name: oorder_c_id_idx_10, table-id: 107, on shard-server id:0
new table is created with name: oorder_c_id_idx_11, table-id: 108, on shard-server id:0
new table is created with name: oorder_c_id_idx_12, table-id: 109, on shard-server id:0
new table is created with name: oorder_c_id_idx_13, table-id: 110, on shard-server id:0
new table is created with name: oorder_c_id_idx_14, table-id: 111, on shard-server id:0
new table is created with name: oorder_c_id_idx_15, table-id: 112, on shard-server id:0
new table is created with name: order_line_0, table-id: 113, on shard-server id:0
new table is created with name: order_line_1, table-id: 114, on shard-server id:0
new table is created with name: order_line_2, table-id: 115, on shard-server id:0
new table is created with name: order_line_3, table-id: 116, on shard-server id:0
new table is created with name: order_line_4, table-id: 117, on shard-server id:0
new table is created with name: order_line_5, table-id: 118, on shard-server id:0
new table is created with name: order_line_6, table-id: 119, on shard-server id:0
new table is created with name: order_line_7, table-id: 120, on shard-server id:0
new table is created with name: order_line_8, table-id: 121, on shard-server id:0
new table is created with name: order_line_9, table-id: 122, on shard-server id:0
new table is created with name: order_line_10, table-id: 123, on shard-server id:0
new table is created with name: order_line_11, table-id: 124, on shard-server id:0
new table is created with name: order_line_12, table-id: 125, on shard-server id:0
new table is created with name: order_line_13, table-id: 126, on shard-server id:0
new table is created with name: order_line_14, table-id: 127, on shard-server id:0
new table is created with name: order_line_15, table-id: 128, on shard-server id:0
new table is created with name: stock_0, table-id: 129, on shard-server id:0
new table is created with name: stock_1, table-id: 130, on shard-server id:0
new table is created with name: stock_2, table-id: 131, on shard-server id:0
new table is created with name: stock_3, table-id: 132, on shard-server id:0
new table is created with name: stock_4, table-id: 133, on shard-server id:0
new table is created with name: stock_5, table-id: 134, on shard-server id:0
new table is created with name: stock_6, table-id: 135, on shard-server id:0
new table is created with name: stock_7, table-id: 136, on shard-server id:0
new table is created with name: stock_8, table-id: 137, on shard-server id:0
new table is created with name: stock_9, table-id: 138, on shard-server id:0
new table is created with name: stock_10, table-id: 139, on shard-server id:0
new table is created with name: stock_11, table-id: 140, on shard-server id:0
new table is created with name: stock_12, table-id: 141, on shard-server id:0
new table is created with name: stock_13, table-id: 142, on shard-server id:0
new table is created with name: stock_14, table-id: 143, on shard-server id:0
new table is created with name: stock_15, table-id: 144, on shard-server id:0
new table is created with name: stock_data_0, table-id: 145, on shard-server id:0
new table is created with name: stock_data_1, table-id: 146, on shard-server id:0
new table is created with name: stock_data_2, table-id: 147, on shard-server id:0
new table is created with name: stock_data_3, table-id: 148, on shard-server id:0
new table is created with name: stock_data_4, table-id: 149, on shard-server id:0
new table is created with name: stock_data_5, table-id: 150, on shard-server id:0
new table is created with name: stock_data_6, table-id: 151, on shard-server id:0
new table is created with name: stock_data_7, table-id: 152, on shard-server id:0
new table is created with name: stock_data_8, table-id: 153, on shard-server id:0
new table is created with name: stock_data_9, table-id: 154, on shard-server id:0
new table is created with name: stock_data_10, table-id: 155, on shard-server id:0
new table is created with name: stock_data_11, table-id: 156, on shard-server id:0
new table is created with name: stock_data_12, table-id: 157, on shard-server id:0
new table is created with name: stock_data_13, table-id: 158, on shard-server id:0
new table is created with name: stock_data_14, table-id: 159, on shard-server id:0
new table is created with name: stock_data_15, table-id: 160, on shard-server id:0
new table is created with name: warehouse_0, table-id: 161, on shard-server id:0
new table is created with name: warehouse_1, table-id: 162, on shard-server id:0
new table is created with name: warehouse_2, table-id: 163, on shard-server id:0
new table is created with name: warehouse_3, table-id: 164, on shard-server id:0
new table is created with name: warehouse_4, table-id: 165, on shard-server id:0
new table is created with name: warehouse_5, table-id: 166, on shard-server id:0
new table is created with name: warehouse_6, table-id: 167, on shard-server id:0
new table is created with name: warehouse_7, table-id: 168, on shard-server id:0
new table is created with name: warehouse_8, table-id: 169, on shard-server id:0
new table is created with name: warehouse_9, table-id: 170, on shard-server id:0
new table is created with name: warehouse_10, table-id: 171, on shard-server id:0
new table is created with name: warehouse_11, table-id: 172, on shard-server id:0
new table is created with name: warehouse_12, table-id: 173, on shard-server id:0
new table is created with name: warehouse_13, table-id: 174, on shard-server id:0
new table is created with name: warehouse_14, table-id: 175, on shard-server id:0
new table is created with name: warehouse_15, table-id: 176, on shard-server id:0
new table is created with name: item, table-id: 177, on shard-server id:0
TPC-C Sharding: Initialized policy with 16 warehouses across 1 shards (version 1788936492)
D [<unknown>:0] 2026-09-09 06:48:12.730 | Server: generated instance_id=6847899701057704889
D [<unknown>:0] 2026-09-09 06:48:12.731 | [poll_loop] Starting poll loop
D [<unknown>:0] 2026-09-09 06:48:12.731 | Server: generated instance_id=6878531486435751848
start worker:3882
D [<unknown>:0] 2026-09-09 06:48:12.731 | [poll_loop] Starting poll loop
D [<unknown>:0] 2026-09-09 06:48:12.732 | create a fiber scheduler
D [<unknown>:0] 2026-09-09 06:48:12.732 | create a fiber scheduler
--------------Finish loading data and wait for others completing load phase ------------
No JEMALLOC_NO_RENAME
No JEMALLOC_NO_RENAME
No JEMALLOC_NO_RENAME
No JEMALLOC_NO_RENAME
No JEMALLOC_NO_RENAME
No JEMALLOC_NO_RENAME
No JEMALLOC_NO_RENAME
No JEMALLOC_NO_RENAME
No JEMALLOC_NO_RENAME
No JEMALLOC_NO_RENAME
No JEMALLOC_NO_RENAME
No JEMALLOC_NO_RENAME
No JEMALLOC_NO_RENAME
No JEMALLOC_NO_RENAME
No JEMALLOC_NO_RENAME
No JEMALLOC_NO_RENAME
D [<unknown>:0] 2026-09-09 06:48:32.893 | [poll_loop] Starting poll loop
D [<unknown>:0] 2026-09-09 06:48:32.893 | Server: generated instance_id=6075938888291080032
D [<unknown>:0] 2026-09-09 06:48:32.893 | Server: generated instance_id=4108070226164320575
D [<unknown>:0] 2026-09-09 06:48:32.893 | [poll_loop] Starting poll loop
D [<unknown>:0] 2026-09-09 06:48:32.893 | Server: generated instance_id=2788336276401891907
D [<unknown>:0] 2026-09-09 06:48:32.894 | Server: generated instance_id=5927190766647410484
D [<unknown>:0] 2026-09-09 06:48:32.894 | [poll_loop] Starting poll loop
D [<unknown>:0] 2026-09-09 06:48:32.894 | create a fiber scheduler
D [<unknown>:0] 2026-09-09 06:48:32.894 | [poll_loop] Starting poll loop
D [<unknown>:0] 2026-09-09 06:48:32.894 | create a fiber scheduler
D [<unknown>:0] 2026-09-09 06:48:32.894 | Server: generated instance_id=796503144007932066
D [<unknown>:0] 2026-09-09 06:48:32.894 | Server: generated instance_id=5525199897868902874
D [<unknown>:0] 2026-09-09 06:48:32.895 | Server: generated instance_id=9095580805277773792
D [<unknown>:0] 2026-09-09 06:48:32.895 | [poll_loop] Starting poll loop
D [<unknown>:0] 2026-09-09 06:48:32.895 | create a fiber scheduler
D [<unknown>:0] 2026-09-09 06:48:32.895 | [poll_loop] Starting poll loop
D [<unknown>:0] 2026-09-09 06:48:32.895 | [poll_loop] Starting poll loop
D [<unknown>:0] 2026-09-09 06:48:32.895 | create a fiber scheduler
D [<unknown>:0] 2026-09-09 06:48:32.895 | Server: generated instance_id=3977823556456024082
D [<unknown>:0] 2026-09-09 06:48:32.896 | create a fiber scheduler
D [<unknown>:0] 2026-09-09 06:48:32.896 | create a fiber scheduler
D [<unknown>:0] 2026-09-09 06:48:32.896 | create a fiber scheduler
D [<unknown>:0] 2026-09-09 06:48:32.912 | [poll_loop] Starting poll loop
D [<unknown>:0] 2026-09-09 06:48:32.912 | Server: generated instance_id=638355620916831422
D [<unknown>:0] 2026-09-09 06:48:32.912 | Server: generated instance_id=772903373382215378
D [<unknown>:0] 2026-09-09 06:48:32.912 | [poll_loop] Starting poll loop
D [<unknown>:0] 2026-09-09 06:48:32.912 | Server: generated instance_id=5063105905631274224
D [<unknown>:0] 2026-09-09 06:48:32.912 | Server: generated instance_id=4890312568988141346
D [<unknown>:0] 2026-09-09 06:48:32.912 | [poll_loop] Starting poll loop
D [<unknown>:0] 2026-09-09 06:48:32.912 | Server: generated instance_id=3708576016874925827
D [<unknown>:0] 2026-09-09 06:48:32.913 | Server: generated instance_id=3295645738658636621
D [<unknown>:0] 2026-09-09 06:48:32.913 | Server: generated instance_id=8626454602166116930
D [<unknown>:0] 2026-09-09 06:48:32.913 | create a fiber scheduler
D [<unknown>:0] 2026-09-09 06:48:32.913 | Server: generated instance_id=6839817238153930010
D [<unknown>:0] 2026-09-09 06:48:32.913 | create a fiber scheduler
D [<unknown>:0] 2026-09-09 06:48:32.913 | create a fiber scheduler
D [<unknown>:0] 2026-09-09 06:48:32.915 | [poll_loop] Starting poll loop
D [<unknown>:0] 2026-09-09 06:48:32.917 | [poll_loop] Starting poll loop
D [<unknown>:0] 2026-09-09 06:48:32.917 | create a fiber scheduler
D [<unknown>:0] 2026-09-09 06:48:32.917 | [poll_loop] Starting poll loop
D [<unknown>:0] 2026-09-09 06:48:32.917 | [poll_loop] Starting poll loop
D [<unknown>:0] 2026-09-09 06:48:32.917 | [poll_loop] Starting poll loop
D [<unknown>:0] 2026-09-09 06:48:32.917 | [poll_loop] Starting poll loop
D [<unknown>:0] 2026-09-09 06:48:32.918 | create a fiber scheduler
D [<unknown>:0] 2026-09-09 06:48:32.918 | create a fiber scheduler
D [<unknown>:0] 2026-09-09 06:48:32.918 | create a fiber scheduler
D [<unknown>:0] 2026-09-09 06:48:32.918 | create a fiber scheduler
D [<unknown>:0] 2026-09-09 06:48:32.918 | create a fiber scheduler
D [<unknown>:0] 2026-09-09 06:48:44.029 | [PollThread::shutdown] Called from TID=2337775
D [<unknown>:0] 2026-09-09 06:48:44.029 | [PollThread::shutdown] Sending CmdShutdown
D [<unknown>:0] 2026-09-09 06:48:44.029 | [PollThread::shutdown] CmdShutdown sent
D [<unknown>:0] 2026-09-09 06:48:44.029 | [PollThread::shutdown] Acquiring join_handle lock...
D [<unknown>:0] 2026-09-09 06:48:44.029 | [PollThread::shutdown] join_handle lock acquired
D [<unknown>:0] 2026-09-09 06:48:44.029 | [PollThread::shutdown] Calling thread.join()...
D [<unknown>:0] 2026-09-09 06:48:44.030 | [poll_loop] Exited while loop (stop_=true), starting cleanup
D [<unknown>:0] 2026-09-09 06:48:44.030 | [poll_loop] Cleanup complete, poll_loop exiting
D [<unknown>:0] 2026-09-09 06:48:44.030 | [Reactor::~Reactor] Starting destruction, all_events_.len()=0, fibers_.size()=0
D [<unknown>:0] 2026-09-09 06:48:44.030 | [Reactor::~Reactor] Destructor body complete, about to destroy member variables
D [<unknown>:0] 2026-09-09 06:48:44.030 | [PollThread::shutdown] thread.join() completed!
D [<unknown>:0] 2026-09-09 06:48:44.030 | [PollThread::shutdown] Released join_handle lock
D [<unknown>:0] 2026-09-09 06:48:44.030 | [PollThread::shutdown] Complete
D [<unknown>:0] 2026-09-09 06:48:44.030 | [PollThread::~PollThread] Destructor called from TID=2337775
D [<unknown>:0] 2026-09-09 06:48:44.030 | [PollThread::shutdown] Called from TID=2337775
D [<unknown>:0] 2026-09-09 06:48:44.030 | [PollThread::shutdown] Already called, returning
D [<unknown>:0] 2026-09-09 06:48:44.030 | [PollThread::~PollThread] Destructor complete
D [<unknown>:0] 2026-09-09 06:48:44.035 | [PollThread::shutdown] Called from TID=2337774
D [<unknown>:0] 2026-09-09 06:48:44.035 | [PollThread::shutdown] Sending CmdShutdown
D [<unknown>:0] 2026-09-09 06:48:44.035 | [PollThread::shutdown] CmdShutdown sent
D [<unknown>:0] 2026-09-09 06:48:44.035 | [PollThread::shutdown] Acquiring join_handle lock...
D [<unknown>:0] 2026-09-09 06:48:44.035 | [PollThread::shutdown] join_handle lock acquired
D [<unknown>:0] 2026-09-09 06:48:44.035 | [PollThread::shutdown] Calling thread.join()...
D [<unknown>:0] 2026-09-09 06:48:44.035 | [poll_loop] Exited while loop (stop_=true), starting cleanup
D [<unknown>:0] 2026-09-09 06:48:44.035 | [poll_loop] Cleanup complete, poll_loop exiting
D [<unknown>:0] 2026-09-09 06:48:44.035 | [Reactor::~Reactor] Starting destruction, all_events_.len()=0, fibers_.size()=0
D [<unknown>:0] 2026-09-09 06:48:44.035 | [Reactor::~Reactor] Destructor body complete, about to destroy member variables
D [<unknown>:0] 2026-09-09 06:48:44.036 | [PollThread::shutdown] thread.join() completed!
D [<unknown>:0] 2026-09-09 06:48:44.036 | [PollThread::shutdown] Released join_handle lock
D [<unknown>:0] 2026-09-09 06:48:44.036 | [PollThread::shutdown] Complete
D [<unknown>:0] 2026-09-09 06:48:44.036 | [PollThread::shutdown] Called from TID=2337782
D [<unknown>:0] 2026-09-09 06:48:44.036 | [PollThread::~PollThread] Destructor called from TID=2337774
D [<unknown>:0] 2026-09-09 06:48:44.036 | [PollThread::shutdown] Sending CmdShutdown
D [<unknown>:0] 2026-09-09 06:48:44.036 | [PollThread::shutdown] CmdShutdown sent
D [<unknown>:0] 2026-09-09 06:48:44.036 | [PollThread::shutdown] Acquiring join_handle lock...
D [<unknown>:0] 2026-09-09 06:48:44.036 | [PollThread::shutdown] join_handle lock acquired
D [<unknown>:0] 2026-09-09 06:48:44.036 | [PollThread::shutdown] Calling thread.join()...
D [<unknown>:0] 2026-09-09 06:48:44.036 | [PollThread::shutdown] Called from TID=2337774
D [<unknown>:0] 2026-09-09 06:48:44.036 | [PollThread::shutdown] Already called, returning
D [<unknown>:0] 2026-09-09 06:48:44.036 | [PollThread::~PollThread] Destructor complete
D [<unknown>:0] 2026-09-09 06:48:44.036 | [PollThread::shutdown] Called from TID=2337768
D [<unknown>:0] 2026-09-09 06:48:44.036 | [PollThread::shutdown] Sending CmdShutdown
D [<unknown>:0] 2026-09-09 06:48:44.036 | [PollThread::shutdown] CmdShutdown sent
D [<unknown>:0] 2026-09-09 06:48:44.036 | [PollThread::shutdown] Acquiring join_handle lock...
D [<unknown>:0] 2026-09-09 06:48:44.036 | [PollThread::shutdown] join_handle lock acquired
D [<unknown>:0] 2026-09-09 06:48:44.036 | [PollThread::shutdown] Calling thread.join()...
D [<unknown>:0] 2026-09-09 06:48:44.036 | [poll_loop] Exited while loop (stop_=true), starting cleanup
D [<unknown>:0] 2026-09-09 06:48:44.036 | [poll_loop] Cleanup complete, poll_loop exiting
D [<unknown>:0] 2026-09-09 06:48:44.036 | [Reactor::~Reactor] Starting destruction, all_events_.len()=0, fibers_.size()=0
D [<unknown>:0] 2026-09-09 06:48:44.036 | [Reactor::~Reactor] Destructor body complete, about to destroy member variables
D [<unknown>:0] 2026-09-09 06:48:44.037 | [PollThread::shutdown] thread.join() completed!
D [<unknown>:0] 2026-09-09 06:48:44.037 | [PollThread::shutdown] Released join_handle lock
D [<unknown>:0] 2026-09-09 06:48:44.037 | [PollThread::shutdown] Complete
D [<unknown>:0] 2026-09-09 06:48:44.037 | [PollThread::shutdown] Called from TID=2337776
D [<unknown>:0] 2026-09-09 06:48:44.037 | [PollThread::shutdown] Sending CmdShutdown
D [<unknown>:0] 2026-09-09 06:48:44.037 | [PollThread::shutdown] CmdShutdown sent
D [<unknown>:0] 2026-09-09 06:48:44.037 | [PollThread::shutdown] Acquiring join_handle lock...
D [<unknown>:0] 2026-09-09 06:48:44.037 | [PollThread::shutdown] join_handle lock acquired
D [<unknown>:0] 2026-09-09 06:48:44.037 | [PollThread::shutdown] Calling thread.join()...D [<unknown>:0] 2026-09-09 06:48:44.037 | [PollThread::~PollThread] Destructor called from TID=2337782

D [<unknown>:0] 2026-09-09 06:48:44.037 | [PollThread::shutdown] Called from TID=2337782
D [<unknown>:0] 2026-09-09 06:48:44.037 | [PollThread::shutdown] Already called, returning
D [<unknown>:0] 2026-09-09 06:48:44.037 | [PollThread::~PollThread] Destructor complete
D [<unknown>:0] 2026-09-09 06:48:44.037 | [poll_loop] Exited while loop (stop_=true), starting cleanup
D [<unknown>:0] 2026-09-09 06:48:44.037 | [poll_loop] Cleanup complete, poll_loop exiting
D [<unknown>:0] 2026-09-09 06:48:44.037 | [Reactor::~Reactor] Starting destruction, all_events_.len()=0, fibers_.size()=0
D [<unknown>:0] 2026-09-09 06:48:44.037 | [Reactor::~Reactor] Destructor body complete, about to destroy member variables
D [<unknown>:0] 2026-09-09 06:48:44.037 | [PollThread::shutdown] thread.join() completed!
D [<unknown>:0] 2026-09-09 06:48:44.037 | [PollThread::shutdown] Released join_handle lock
D [<unknown>:0] 2026-09-09 06:48:44.037 | [PollThread::shutdown] Complete
D [<unknown>:0] 2026-09-09 06:48:44.037 | [PollThread::shutdown] Called from TID=2337770
D [<unknown>:0] 2026-09-09 06:48:44.037 | [PollThread::shutdown] Sending CmdShutdown
D [<unknown>:0] 2026-09-09 06:48:44.037 | [PollThread::shutdown] CmdShutdown sent
D [<unknown>:0] 2026-09-09 06:48:44.037 | [PollThread::shutdown] Acquiring join_handle lock...
D [<unknown>:0] 2026-09-09 06:48:44.037 | [PollThread::shutdown] join_handle lock acquired
D [<unknown>:0] 2026-09-09 06:48:44.037 | [PollThread::shutdown] Calling thread.join()...
D [<unknown>:0] 2026-09-09 06:48:44.037 | [PollThread::~PollThread] Destructor called from TID=2337768
D [<unknown>:0] 2026-09-09 06:48:44.037 | [PollThread::shutdown] Called from TID=2337768
D [<unknown>:0] 2026-09-09 06:48:44.037 | [PollThread::shutdown] Already called, returning
D [<unknown>:0] 2026-09-09 06:48:44.037 | [PollThread::~PollThread] Destructor complete
D [<unknown>:0] 2026-09-09 06:48:44.039 | [poll_loop] Exited while loop (stop_=true), starting cleanup
D [<unknown>:0] 2026-09-09 06:48:44.039 | [poll_loop] Cleanup complete, poll_loop exiting
D [<unknown>:0] 2026-09-09 06:48:44.039 | [Reactor::~Reactor] Starting destruction, all_events_.len()=0, fibers_.size()=0
D [<unknown>:0] 2026-09-09 06:48:44.039 | [Reactor::~Reactor] Destructor body complete, about to destroy member variables
D [<unknown>:0] 2026-09-09 06:48:44.039 | [poll_loop] Exited while loop (stop_=true), starting cleanup
D [<unknown>:0] 2026-09-09 06:48:44.039 | [poll_loop] Cleanup complete, poll_loop exiting
D [<unknown>:0] 2026-09-09 06:48:44.039 | [Reactor::~Reactor] Starting destruction, all_events_.len()=0, fibers_.size()=0
D [<unknown>:0] 2026-09-09 06:48:44.039 | [Reactor::~Reactor] Destructor body complete, about to destroy member variables
D [<unknown>:0] 2026-09-09 06:48:44.040 | [PollThread::shutdown] thread.join() completed!
D [<unknown>:0] 2026-09-09 06:48:44.040 | [PollThread::shutdown] Released join_handle lock
D [<unknown>:0] 2026-09-09 06:48:44.040 | [PollThread::shutdown] Complete
D [<unknown>:0] 2026-09-09 06:48:44.040 | [PollThread::shutdown] thread.join() completed!
D [<unknown>:0] 2026-09-09 06:48:44.040 | [PollThread::shutdown] Released join_handle lock
D [<unknown>:0] 2026-09-09 06:48:44.040 | [PollThread::shutdown] Complete
D [<unknown>:0] 2026-09-09 06:48:44.040 | [PollThread::~PollThread] Destructor called from TID=2337776
D [<unknown>:0] 2026-09-09 06:48:44.040 | [PollThread::shutdown] Called from TID=2337776
D [<unknown>:0] 2026-09-09 06:48:44.040 | [PollThread::shutdown] Already called, returning
D [<unknown>:0] 2026-09-09 06:48:44.040 | [PollThread::~PollThread] Destructor called from TID=2337770
D [<unknown>:0] 2026-09-09 06:48:44.040 | [PollThread::~PollThread] Destructor completeD [<unknown>:0] 2026-09-09 06:48:44.040 | [PollThread::shutdown] Called from TID=2337770
D [<unknown>:0] 2026-09-09 06:48:44.040 | [PollThread::shutdown] Already called, returning
D [<unknown>:0] 2026-09-09 06:48:44.040 | [PollThread::~PollThread] Destructor complete

D [<unknown>:0] 2026-09-09 06:48:44.042 | [PollThread::shutdown] Called from TID=2337778
D [<unknown>:0] 2026-09-09 06:48:44.042 | [PollThread::shutdown] Sending CmdShutdown
D [<unknown>:0] 2026-09-09 06:48:44.042 | [PollThread::shutdown] CmdShutdown sent
D [<unknown>:0] 2026-09-09 06:48:44.042 | [PollThread::shutdown] Acquiring join_handle lock...
D [<unknown>:0] 2026-09-09 06:48:44.042 | [PollThread::shutdown] join_handle lock acquired
D [<unknown>:0] 2026-09-09 06:48:44.042 | [PollThread::shutdown] Calling thread.join()...
D [<unknown>:0] 2026-09-09 06:48:44.043 | [poll_loop] Exited while loop (stop_=true), starting cleanup
D [<unknown>:0] 2026-09-09 06:48:44.043 | [poll_loop] Cleanup complete, poll_loop exiting
D [<unknown>:0] 2026-09-09 06:48:44.043 | [Reactor::~Reactor] Starting destruction, all_events_.len()=0, fibers_.size()=0
D [<unknown>:0] 2026-09-09 06:48:44.043 | [Reactor::~Reactor] Destructor body complete, about to destroy member variables
D [<unknown>:0] 2026-09-09 06:48:44.043 | [PollThread::shutdown] thread.join() completed!
D [<unknown>:0] 2026-09-09 06:48:44.043 | [PollThread::shutdown] Released join_handle lock
D [<unknown>:0] 2026-09-09 06:48:44.043 | [PollThread::shutdown] Complete
D [<unknown>:0] 2026-09-09 06:48:44.043 | [PollThread::~PollThread] Destructor called from TID=2337778
D [<unknown>:0] 2026-09-09 06:48:44.043 | [PollThread::shutdown] Called from TID=2337778
D [<unknown>:0] 2026-09-09 06:48:44.043 | [PollThread::shutdown] Already called, returning
D [<unknown>:0] 2026-09-09 06:48:44.043 | [PollThread::~PollThread] Destructor complete
D [<unknown>:0] 2026-09-09 06:48:44.044 | [PollThread::shutdown] Called from TID=2337767
D [<unknown>:0] 2026-09-09 06:48:44.044 | [PollThread::shutdown] Sending CmdShutdown
D [<unknown>:0] 2026-09-09 06:48:44.044 | [PollThread::shutdown] CmdShutdown sent
D [<unknown>:0] 2026-09-09 06:48:44.044 | [PollThread::shutdown] Acquiring join_handle lock...
D [<unknown>:0] 2026-09-09 06:48:44.044 | [PollThread::shutdown] join_handle lock acquired
D [<unknown>:0] 2026-09-09 06:48:44.044 | [PollThread::shutdown] Calling thread.join()...
D [<unknown>:0] 2026-09-09 06:48:44.044 | [poll_loop] Exited while loop (stop_=true), starting cleanup
D [<unknown>:0] 2026-09-09 06:48:44.044 | [poll_loop] Cleanup complete, poll_loop exiting
D [<unknown>:0] 2026-09-09 06:48:44.044 | [Reactor::~Reactor] Starting destruction, all_events_.len()=0, fibers_.size()=0
D [<unknown>:0] 2026-09-09 06:48:44.044 | [Reactor::~Reactor] Destructor body complete, about to destroy member variables
D [<unknown>:0] 2026-09-09 06:48:44.045 | [PollThread::shutdown] thread.join() completed!
D [<unknown>:0] 2026-09-09 06:48:44.045 | [PollThread::shutdown] Released join_handle lock
D [<unknown>:0] 2026-09-09 06:48:44.045 | [PollThread::shutdown] Complete
D [<unknown>:0] 2026-09-09 06:48:44.045 | [PollThread::~PollThread] Destructor called from TID=2337767
D [<unknown>:0] 2026-09-09 06:48:44.045 | [PollThread::shutdown] Called from TID=2337767
D [<unknown>:0] 2026-09-09 06:48:44.045 | [PollThread::shutdown] Already called, returning
D [<unknown>:0] 2026-09-09 06:48:44.045 | [PollThread::~PollThread] Destructor complete
D [<unknown>:0] 2026-09-09 06:48:44.047 | [PollThread::shutdown] Called from TID=2337781
D [<unknown>:0] 2026-09-09 06:48:44.047 | [PollThread::shutdown] Sending CmdShutdown
D [<unknown>:0] 2026-09-09 06:48:44.047 | [PollThread::shutdown] CmdShutdown sent
D [<unknown>:0] 2026-09-09 06:48:44.047 | [PollThread::shutdown] Acquiring join_handle lock...
D [<unknown>:0] 2026-09-09 06:48:44.047 | [PollThread::shutdown] join_handle lock acquired
D [<unknown>:0] 2026-09-09 06:48:44.047 | [PollThread::shutdown] Calling thread.join()...
D [<unknown>:0] 2026-09-09 06:48:44.048 | [poll_loop] Exited while loop (stop_=true), starting cleanup
D [<unknown>:0] 2026-09-09 06:48:44.048 | [poll_loop] Cleanup complete, poll_loop exiting
D [<unknown>:0] 2026-09-09 06:48:44.048 | [Reactor::~Reactor] Starting destruction, all_events_.len()=0, fibers_.size()=0
D [<unknown>:0] 2026-09-09 06:48:44.048 | [Reactor::~Reactor] Destructor body complete, about to destroy member variables
D [<unknown>:0] 2026-09-09 06:48:44.049 | [PollThread::shutdown] thread.join() completed!
D [<unknown>:0] 2026-09-09 06:48:44.049 | [PollThread::shutdown] Released join_handle lock
D [<unknown>:0] 2026-09-09 06:48:44.049 | [PollThread::shutdown] Complete
D [<unknown>:0] 2026-09-09 06:48:44.049 | [PollThread::~PollThread] Destructor called from TID=2337781
D [<unknown>:0] 2026-09-09 06:48:44.049 | [PollThread::shutdown] Called from TID=2337781
D [<unknown>:0] 2026-09-09 06:48:44.049 | [PollThread::shutdown] Already called, returning
D [<unknown>:0] 2026-09-09 06:48:44.049 | [PollThread::~PollThread] Destructor complete
D [<unknown>:0] 2026-09-09 06:48:44.050 | [PollThread::shutdown] Called from TID=2337771
D [<unknown>:0] 2026-09-09 06:48:44.050 | [PollThread::shutdown] Sending CmdShutdown
D [<unknown>:0] 2026-09-09 06:48:44.050 | [PollThread::shutdown] CmdShutdown sent
D [<unknown>:0] 2026-09-09 06:48:44.050 | [PollThread::shutdown] Acquiring join_handle lock...
D [<unknown>:0] 2026-09-09 06:48:44.050 | [PollThread::shutdown] join_handle lock acquired
D [<unknown>:0] 2026-09-09 06:48:44.050 | [PollThread::shutdown] Calling thread.join()...
D [<unknown>:0] 2026-09-09 06:48:44.051 | [PollThread::shutdown] Called from TID=2337777
D [<unknown>:0] 2026-09-09 06:48:44.051 | [PollThread::shutdown] Sending CmdShutdown
D [<unknown>:0] 2026-09-09 06:48:44.051 | [PollThread::shutdown] CmdShutdown sent
D [<unknown>:0] 2026-09-09 06:48:44.051 | [PollThread::shutdown] Acquiring join_handle lock...
D [<unknown>:0] 2026-09-09 06:48:44.051 | [PollThread::shutdown] join_handle lock acquired
D [<unknown>:0] 2026-09-09 06:48:44.051 | [PollThread::shutdown] Calling thread.join()...
D [<unknown>:0] 2026-09-09 06:48:44.051 | [PollThread::shutdown] Called from TID=2337773
D [<unknown>:0] 2026-09-09 06:48:44.051 | [PollThread::shutdown] Sending CmdShutdown
D [<unknown>:0] 2026-09-09 06:48:44.051 | [PollThread::shutdown] CmdShutdown sent
D [<unknown>:0] 2026-09-09 06:48:44.051 | [PollThread::shutdown] Acquiring join_handle lock...
D [<unknown>:0] 2026-09-09 06:48:44.051 | [PollThread::shutdown] join_handle lock acquired
D [<unknown>:0] 2026-09-09 06:48:44.051 | [PollThread::shutdown] Calling thread.join()...
D [<unknown>:0] 2026-09-09 06:48:44.051 | [PollThread::shutdown] Called from TID=2337769
D [<unknown>:0] 2026-09-09 06:48:44.051 | [PollThread::shutdown] Sending CmdShutdown
D [<unknown>:0] 2026-09-09 06:48:44.051 | [PollThread::shutdown] CmdShutdown sent
D [<unknown>:0] 2026-09-09 06:48:44.051 | [PollThread::shutdown] Acquiring join_handle lock...
D [<unknown>:0] 2026-09-09 06:48:44.051 | [PollThread::shutdown] join_handle lock acquired
D [<unknown>:0] 2026-09-09 06:48:44.051 | [PollThread::shutdown] Calling thread.join()...
D [<unknown>:0] 2026-09-09 06:48:44.051 | [PollThread::shutdown] Called from TID=2337772
D [<unknown>:0] 2026-09-09 06:48:44.051 | [PollThread::shutdown] Sending CmdShutdown
D [<unknown>:0] 2026-09-09 06:48:44.051 | [PollThread::shutdown] CmdShutdown sent
D [<unknown>:0] 2026-09-09 06:48:44.051 | [PollThread::shutdown] Acquiring join_handle lock...
D [<unknown>:0] 2026-09-09 06:48:44.051 | [PollThread::shutdown] join_handle lock acquired
D [<unknown>:0] 2026-09-09 06:48:44.051 | [PollThread::shutdown] Calling thread.join()...
D [<unknown>:0] 2026-09-09 06:48:44.051 | [poll_loop] Exited while loop (stop_=true), starting cleanup
D [<unknown>:0] 2026-09-09 06:48:44.051 | [PollThread::shutdown] Called from TID=2337780D [<unknown>:0] 2026-09-09 06:48:44.051 | [poll_loop] Cleanup complete, poll_loop exiting

D [<unknown>:0] 2026-09-09 06:48:44.051 | [PollThread::shutdown] Sending CmdShutdown
D [<unknown>:0] 2026-09-09 06:48:44.051 | [Reactor::~Reactor] Starting destruction, all_events_.len()=0, fibers_.size()=0D [<unknown>:0] 2026-09-09 06:48:44.051 | [PollThread::shutdown] CmdShutdown sent
D [<unknown>:0] 2026-09-09 06:48:44.051 | [Reactor::~Reactor] Destructor body complete, about to destroy member variables

D [<unknown>:0] 2026-09-09 06:48:44.051 | [poll_loop] Exited while loop (stop_=true), starting cleanup
D [<unknown>:0] 2026-09-09 06:48:44.051 | [poll_loop] Cleanup complete, poll_loop exiting
D [<unknown>:0] 2026-09-09 06:48:44.051 | [PollThread::shutdown] Acquiring join_handle lock...
D [<unknown>:0] 2026-09-09 06:48:44.052 | [PollThread::shutdown] join_handle lock acquired
D [<unknown>:0] 2026-09-09 06:48:44.052 | [Reactor::~Reactor] Starting destruction, all_events_.len()=0, fibers_.size()=0
D [<unknown>:0] 2026-09-09 06:48:44.052 | [Reactor::~Reactor] Destructor body complete, about to destroy member variables
D [<unknown>:0] 2026-09-09 06:48:44.052 | [PollThread::shutdown] Calling thread.join()...
D [<unknown>:0] 2026-09-09 06:48:44.052 | [poll_loop] Exited while loop (stop_=true), starting cleanup
D [<unknown>:0] 2026-09-09 06:48:44.052 | [poll_loop] Cleanup complete, poll_loop exiting
D [<unknown>:0] 2026-09-09 06:48:44.052 | [Reactor::~Reactor] Starting destruction, all_events_.len()=0, fibers_.size()=0
D [<unknown>:0] 2026-09-09 06:48:44.052 | [Reactor::~Reactor] Destructor body complete, about to destroy member variables
D [<unknown>:0] 2026-09-09 06:48:44.052 | [poll_loop] Exited while loop (stop_=true), starting cleanup
D [<unknown>:0] 2026-09-09 06:48:44.052 | [poll_loop] Cleanup complete, poll_loop exiting
D [<unknown>:0] 2026-09-09 06:48:44.052 | [poll_loop] Exited while loop (stop_=true), starting cleanup
D [<unknown>:0] 2026-09-09 06:48:44.052 | [poll_loop] Cleanup complete, poll_loop exiting
D [<unknown>:0] 2026-09-09 06:48:44.052 | [Reactor::~Reactor] Starting destruction, all_events_.len()=0, fibers_.size()=0
D [<unknown>:0] 2026-09-09 06:48:44.052 | [Reactor::~Reactor] Destructor body complete, about to destroy member variables
D [<unknown>:0] 2026-09-09 06:48:44.052 | [Reactor::~Reactor] Starting destruction, all_events_.len()=0, fibers_.size()=0
D [<unknown>:0] 2026-09-09 06:48:44.052 | [Reactor::~Reactor] Destructor body complete, about to destroy member variables
D [<unknown>:0] 2026-09-09 06:48:44.052 | [poll_loop] Exited while loop (stop_=true), starting cleanup
D [<unknown>:0] 2026-09-09 06:48:44.052 | [poll_loop] Cleanup complete, poll_loop exiting
D [<unknown>:0] 2026-09-09 06:48:44.052 | [Reactor::~Reactor] Starting destruction, all_events_.len()=0, fibers_.size()=0
D [<unknown>:0] 2026-09-09 06:48:44.052 | [Reactor::~Reactor] Destructor body complete, about to destroy member variables
D [<unknown>:0] 2026-09-09 06:48:44.053 | [PollThread::shutdown] thread.join() completed!
D [<unknown>:0] 2026-09-09 06:48:44.053 | [PollThread::shutdown] Released join_handle lock
D [<unknown>:0] 2026-09-09 06:48:44.053 | [PollThread::shutdown] Complete
D [<unknown>:0] 2026-09-09 06:48:44.053 | [PollThread::~PollThread] Destructor called from TID=2337777
D [<unknown>:0] 2026-09-09 06:48:44.053 | [PollThread::shutdown] Called from TID=2337777
D [<unknown>:0] 2026-09-09 06:48:44.053 | [PollThread::shutdown] Already called, returning
D [<unknown>:0] 2026-09-09 06:48:44.053 | [PollThread::~PollThread] Destructor complete
D [<unknown>:0] 2026-09-09 06:48:44.053 | [PollThread::shutdown] thread.join() completed!
D [<unknown>:0] 2026-09-09 06:48:44.053 | [PollThread::shutdown] Released join_handle lock
D [<unknown>:0] 2026-09-09 06:48:44.053 | [PollThread::shutdown] Complete
D [<unknown>:0] 2026-09-09 06:48:44.053 | [PollThread::~PollThread] Destructor called from TID=2337771
D [<unknown>:0] 2026-09-09 06:48:44.053 | [PollThread::shutdown] Called from TID=2337771
D [<unknown>:0] 2026-09-09 06:48:44.053 | [PollThread::shutdown] Already called, returning
D [<unknown>:0] 2026-09-09 06:48:44.053 | [PollThread::~PollThread] Destructor complete
D [<unknown>:0] 2026-09-09 06:48:44.053 | [PollThread::shutdown] thread.join() completed!
D [<unknown>:0] 2026-09-09 06:48:44.053 | [PollThread::shutdown] Released join_handle lock
D [<unknown>:0] 2026-09-09 06:48:44.053 | [PollThread::shutdown] Complete
D [<unknown>:0] 2026-09-09 06:48:44.054 | [PollThread::~PollThread] Destructor called from TID=2337773
D [<unknown>:0] 2026-09-09 06:48:44.054 | [PollThread::shutdown] Called from TID=2337773
D [<unknown>:0] 2026-09-09 06:48:44.054 | [PollThread::shutdown] Already called, returning
D [<unknown>:0] 2026-09-09 06:48:44.054 | [PollThread::~PollThread] Destructor complete
D [<unknown>:0] 2026-09-09 06:48:44.054 | [PollThread::shutdown] thread.join() completed!
D [<unknown>:0] 2026-09-09 06:48:44.054 | [PollThread::shutdown] Released join_handle lock
D [<unknown>:0] 2026-09-09 06:48:44.054 | [PollThread::shutdown] Complete
D [<unknown>:0] 2026-09-09 06:48:44.054 | [PollThread::~PollThread] Destructor called from TID=2337772
D [<unknown>:0] 2026-09-09 06:48:44.054 | [PollThread::shutdown] Called from TID=2337772
D [<unknown>:0] 2026-09-09 06:48:44.054 | [PollThread::shutdown] Already called, returning
D [<unknown>:0] 2026-09-09 06:48:44.054 | [PollThread::~PollThread] Destructor complete
D [<unknown>:0] 2026-09-09 06:48:44.054 | [PollThread::shutdown] thread.join() completed!
D [<unknown>:0] 2026-09-09 06:48:44.054 | [PollThread::shutdown] Released join_handle lock
D [<unknown>:0] 2026-09-09 06:48:44.054 | [PollThread::shutdown] Complete
D [<unknown>:0] 2026-09-09 06:48:44.054 | [PollThread::~PollThread] Destructor called from TID=2337769
D [<unknown>:0] 2026-09-09 06:48:44.054 | [PollThread::shutdown] Called from TID=2337769
D [<unknown>:0] 2026-09-09 06:48:44.054 | [PollThread::shutdown] Already called, returning
D [<unknown>:0] 2026-09-09 06:48:44.054 | [PollThread::~PollThread] Destructor complete
D [<unknown>:0] 2026-09-09 06:48:44.054 | [PollThread::shutdown] thread.join() completed!
D [<unknown>:0] 2026-09-09 06:48:44.054 | [PollThread::shutdown] Released join_handle lock
D [<unknown>:0] 2026-09-09 06:48:44.054 | [PollThread::shutdown] Complete
D [<unknown>:0] 2026-09-09 06:48:44.055 | [PollThread::~PollThread] Destructor called from TID=2337780
D [<unknown>:0] 2026-09-09 06:48:44.055 | [PollThread::shutdown] Called from TID=2337780
D [<unknown>:0] 2026-09-09 06:48:44.055 | [PollThread::shutdown] Already called, returning
D [<unknown>:0] 2026-09-09 06:48:44.055 | [PollThread::~PollThread] Destructor complete
D [<unknown>:0] 2026-09-09 06:48:44.058 | [PollThread::shutdown] Called from TID=2337779
D [<unknown>:0] 2026-09-09 06:48:44.058 | [PollThread::shutdown] Sending CmdShutdown
D [<unknown>:0] 2026-09-09 06:48:44.058 | [PollThread::shutdown] CmdShutdown sent
D [<unknown>:0] 2026-09-09 06:48:44.058 | [PollThread::shutdown] Acquiring join_handle lock...
D [<unknown>:0] 2026-09-09 06:48:44.058 | [PollThread::shutdown] join_handle lock acquired
D [<unknown>:0] 2026-09-09 06:48:44.058 | [PollThread::shutdown] Calling thread.join()...
D [<unknown>:0] 2026-09-09 06:48:44.058 | [poll_loop] Exited while loop (stop_=true), starting cleanup
D [<unknown>:0] 2026-09-09 06:48:44.058 | [poll_loop] Cleanup complete, poll_loop exiting
D [<unknown>:0] 2026-09-09 06:48:44.058 | [Reactor::~Reactor] Starting destruction, all_events_.len()=0, fibers_.size()=0
D [<unknown>:0] 2026-09-09 06:48:44.058 | [Reactor::~Reactor] Destructor body complete, about to destroy member variables
D [<unknown>:0] 2026-09-09 06:48:44.059 | [PollThread::shutdown] thread.join() completed!
D [<unknown>:0] 2026-09-09 06:48:44.059 | [PollThread::shutdown] Released join_handle lock
D [<unknown>:0] 2026-09-09 06:48:44.059 | [PollThread::shutdown] Complete
D [<unknown>:0] 2026-09-09 06:48:44.059 | [PollThread::~PollThread] Destructor called from TID=2337779
D [<unknown>:0] 2026-09-09 06:48:44.059 | [PollThread::shutdown] Called from TID=2337779
D [<unknown>:0] 2026-09-09 06:48:44.059 | [PollThread::shutdown] Already called, returning
D [<unknown>:0] 2026-09-09 06:48:44.059 | [PollThread::~PollThread] Destructor complete
D [<unknown>:0] 2026-09-09 06:48:44.081 | [PollThread::shutdown] Called from TID=2337566
D [<unknown>:0] 2026-09-09 06:48:44.081 | [PollThread::shutdown] Sending CmdShutdown
D [<unknown>:0] 2026-09-09 06:48:44.081 | [PollThread::shutdown] CmdShutdown sent
D [<unknown>:0] 2026-09-09 06:48:44.081 | [PollThread::shutdown] Acquiring join_handle lock...
D [<unknown>:0] 2026-09-09 06:48:44.081 | [PollThread::shutdown] join_handle lock acquired
D [<unknown>:0] 2026-09-09 06:48:44.081 | [PollThread::shutdown] Calling thread.join()...
D [<unknown>:0] 2026-09-09 06:48:44.082 | [poll_loop] Exited while loop (stop_=true), starting cleanup
D [<unknown>:0] 2026-09-09 06:48:44.082 | [poll_loop] Cleanup complete, poll_loop exiting
D [<unknown>:0] 2026-09-09 06:48:44.082 | [Reactor::~Reactor] Starting destruction, all_events_.len()=0, fibers_.size()=0
D [<unknown>:0] 2026-09-09 06:48:44.082 | [Reactor::~Reactor] Destructor body complete, about to destroy member variables
D [<unknown>:0] 2026-09-09 06:48:44.082 | [PollThread::shutdown] thread.join() completed!
D [<unknown>:0] 2026-09-09 06:48:44.082 | [PollThread::shutdown] Released join_handle lock
D [<unknown>:0] 2026-09-09 06:48:44.082 | [PollThread::shutdown] Complete
D [<unknown>:0] 2026-09-09 06:48:44.082 | [PollThread::~PollThread] Destructor called from TID=2337566
D [<unknown>:0] 2026-09-09 06:48:44.082 | [PollThread::shutdown] Called from TID=2337566
D [<unknown>:0] 2026-09-09 06:48:44.082 | [PollThread::shutdown] Already called, returning
D [<unknown>:0] 2026-09-09 06:48:44.082 | [PollThread::~PollThread] Destructor complete
D [<unknown>:0] 2026-09-09 06:48:44.082 | [PollThread::shutdown] Called from TID=2337566
D [<unknown>:0] 2026-09-09 06:48:44.082 | [PollThread::shutdown] Sending CmdShutdown
D [<unknown>:0] 2026-09-09 06:48:44.082 | [PollThread::shutdown] CmdShutdown sent
D [<unknown>:0] 2026-09-09 06:48:44.082 | [PollThread::shutdown] Acquiring join_handle lock...
D [<unknown>:0] 2026-09-09 06:48:44.082 | [PollThread::shutdown] join_handle lock acquired
D [<unknown>:0] 2026-09-09 06:48:44.082 | [PollThread::shutdown] Calling thread.join()...
D [<unknown>:0] 2026-09-09 06:48:44.083 | [poll_loop] Exited while loop (stop_=true), starting cleanup
D [<unknown>:0] 2026-09-09 06:48:44.083 | [poll_loop] Cleanup complete, poll_loop exiting
D [<unknown>:0] 2026-09-09 06:48:44.083 | [Reactor::~Reactor] Starting destruction, all_events_.len()=0, fibers_.size()=0
D [<unknown>:0] 2026-09-09 06:48:44.083 | [Reactor::~Reactor] Destructor body complete, about to destroy member variables
D [<unknown>:0] 2026-09-09 06:48:44.084 | [PollThread::shutdown] thread.join() completed!
D [<unknown>:0] 2026-09-09 06:48:44.084 | [PollThread::shutdown] Released join_handle lock
D [<unknown>:0] 2026-09-09 06:48:44.084 | [PollThread::shutdown] Complete
D [<unknown>:0] 2026-09-09 06:48:44.084 | [PollThread::~PollThread] Destructor called from TID=2337566
D [<unknown>:0] 2026-09-09 06:48:44.084 | [PollThread::shutdown] Called from TID=2337566
D [<unknown>:0] 2026-09-09 06:48:44.084 | [PollThread::shutdown] Already called, returning
D [<unknown>:0] 2026-09-09 06:48:44.084 | [PollThread::~PollThread] Destructor complete

TPCC_BENCH_RESULT {"schema_version":1,"engine":"cpp","threads":16,"warehouses":16,"configured_seconds":10,"measured_seconds":10.166553,"commits":6420562,"aborts":1021,"attempts":6421583,"throughput_txn_s":631537.74932368915,"mix":{"NewOrder":2889303,"Payment":2762111,"Delivery":257070,"OrderStatus":255714,"StockLevel":256364}}
