20260909-07:30.33-147761(us) 2379396 * ParseNewFormat  (configuration.cc:102): Using new configuration format
20260909-07:30.33-148013(us) 2379396 * ParseNewFormat  (configuration.cc:162): Loaded 1 sites in 1 shards
20260909-07:30.33-148045(us) 2379396 * handle_new_config_format (dbtest.cc:368):    Site local_s0: shard=0, replica_idx=0, is_leader=1, cluster=localhost
STO_TPCC_NATIVE_ALLOCATOR configured_bytes=4294967296 scope=native_only rust_heap_excluded=1
SiloRuntime[0]::InitializeAllocator()
  hugepgsize: 2097152
  mmap() region [0x78f636400000, 0x78f736600000)
  runtime0 cpu0 owns [0x78f636400000, 0x78f736400000)
Database Benchmark:
  pid: 2379396
settings:
  num-cpus    : 128
  num-threads : 1
  shardIndex  : 0
  paxos_proc_name  : localhost
  nshards     : 1
  is_micro    : 0
  is_replicated : 0
  storage_engine : rust
  var-encode  : yes
  allocator   : jemalloc
system properties:
  tuple_prefetch          : no
  btree_node_prefetch     : yes
tpcc settings:
  cross_partition_transactions : 1
  read_only_snapshots          : 1
  partition_locks              : 0
  separate_tree_per_partition  : 1
  new_order_remote_item_pct    : 1
  new_order_fast_id_gen        : 1
  uniform_item_dist            : 0
  order_status_scan_hack       : 0
  workload_mix                 : [45, 43, 4, 4, 4]
TPC-C Sharding: Initialized policy with 1 warehouses across 1 shards (version 1788939033)
20260909-07:30.33-152062(us) 2379396 * ParseNewFormat  (configuration.cc:102): Using new configuration format
20260909-07:30.33-152110(us) 2379396 * ParseNewFormat  (configuration.cc:162): Loaded 1 sites in 1 shards
20260909-07:30.33-152385(us) 2379396 * Initialize      (srpc_rpc_backend.cc:66): SrpcRpcBackend::Initialize: poll_thread_worker_ created, is_some=1
D [<unknown>:0] 2026-09-09 07:30:33.152 | Server: generated instance_id=5465877762340944028
20260909-07:30.33-152530(us) 2379396 * Initialize      (srpc_rpc_backend.cc:97): SrpcRpcBackend initialized on 127.0.0.1:31007 (listening on 0.0.0.0:31007)
20260909-07:30.33-152550(us) 2379396 * FastTransport   (fasttransport.cc:147): FastTransport initialized with srpc/rpc backend on 127.0.0.1:31007
20260909-07:30.33-152569(us) 2379396 * RunEventLoop    (srpc_rpc_backend.cc:516): SrpcRpcBackend::RunEventLoop: Starting event loop
D [<unknown>:0] 2026-09-09 07:30:33.152 | [poll_loop] Starting poll loop
20260909-07:30.33-153114(us) 2379396 * ParseNewFormat  (configuration.cc:102): Using new configuration format
20260909-07:30.33-153165(us) 2379396 * ParseNewFormat  (configuration.cc:162): Loaded 1 sites in 1 shards
20260909-07:30.33-153386(us) 2379396 * Initialize      (srpc_rpc_backend.cc:66): SrpcRpcBackend::Initialize: poll_thread_worker_ created, is_some=1
D [<unknown>:0] 2026-09-09 07:30:33.153 | Server: generated instance_id=3453472505663102604
20260909-07:30.33-153464(us) 2379396 * Initialize      (srpc_rpc_backend.cc:97): SrpcRpcBackend initialized on 127.0.0.1:31006 (listening on 0.0.0.0:31006)
20260909-07:30.33-153484(us) 2379396 * FastTransport   (fasttransport.cc:147): FastTransport initialized with srpc/rpc backend on 127.0.0.1:31006
20260909-07:30.33-153502(us) 2379396 * RunEventLoop    (srpc_rpc_backend.cc:516): SrpcRpcBackend::RunEventLoop: Starting event loop
20260909-07:30.33-155870(us) 2379396 ! run             (bench.cc:537):     # of loaders size:6
start worker:5020
D [<unknown>:0] 2026-09-09 07:30:33.156 | [poll_loop] Starting poll loop
D [<unknown>:0] 2026-09-09 07:30:33.156 | create a fiber scheduler
20260909-07:30.33-156827(us) 2379396 * benchmark_thread_init (mbta_wrapper.hh:1811): thread_init: thread_id=0, shard_index=0, getShardIndex=0, loader=1
D [<unknown>:0] 2026-09-09 07:30:33.157 | create a fiber scheduler
[INFO] finished loading warehouse
[INFO]   * average warehouse record length: 97 bytes
20260909-07:30.33-158460(us) 2379396 * benchmark_thread_init (mbta_wrapper.hh:1811): thread_init: thread_id=1, shard_index=0, getShardIndex=0, loader=1
[INFO] finished loading item
[INFO]   * average item record length: 84.1739 bytes
20260909-07:30.33-497867(us) 2379396 * benchmark_thread_init (mbta_wrapper.hh:1811): thread_init: thread_id=2, shard_index=0, getShardIndex=0, loader=1
PinToWarehouseId(): coreid=3 pinned to whse=1 (partid=0)
[INFO] finished loading stock
[INFO]   * average stock record length: 8 bytes
20260909-07:30.35-300208(us) 2379396 * benchmark_thread_init (mbta_wrapper.hh:1811): thread_init: thread_id=3, shard_index=0, getShardIndex=0, loader=1
PinToWarehouseId(): coreid=4 pinned to whse=1 (partid=0)
[INFO] finished loading district
[INFO]   * average district record length: 99 bytes
20260909-07:30.35-301737(us) 2379396 * benchmark_thread_init (mbta_wrapper.hh:1811): thread_init: thread_id=4, shard_index=0, getShardIndex=0, loader=1
num batches: 30
PinToWarehouseId(): coreid=5 pinned to whse=1 (partid=0)
[INFO] finished loading customer
[INFO]   * average customer record length: 153.725 bytes 
20260909-07:30.35-849873(us) 2379396 * benchmark_thread_init (mbta_wrapper.hh:1811): thread_init: thread_id=5, shard_index=0, getShardIndex=0, loader=1
PinToWarehouseId(): coreid=6 pinned to whse=1 (partid=0)
[INFO] finished loading order
[INFO]   * average order_line record length: 10.9193 bytes
[INFO]   * average oorder record length: 7.4286 bytes
[INFO]   * average new_order record length: 12 bytes
timed region dataloading took 3028.14 ms
DB size: 194.949 MB
[0, 0, 0] txns persisted in loading phase
20260909-07:30.36-184075(us) 2379396 ! run             (bench.cc:607):     # of nthreads:1
starting benchmark...
--------------Finish loading data and wait for others completing load phase ------------
STO_TPCC_CAPACITY phase=load_complete scope=database allocated_registry_bytes=69854848 max_registry_bytes=8589934592 registry_headroom_bytes=8520079744
STO_TPCC_CAPACITY phase=load_complete table=customer_0 retained_records=90000 consumed_record_ids=90000 retained_key_bytes=1080000 allocated_registry_bytes=17856776 max_retained_records=18446744073709551615 max_consumed_record_ids=18446744073709551615 max_retained_key_bytes=18446744073709551615
STO_TPCC_CAPACITY phase=load_complete table=customer_name_idx_0 retained_records=30000 consumed_record_ids=30000 retained_key_bytes=1200000 allocated_registry_bytes=2156376 max_retained_records=18446744073709551615 max_consumed_record_ids=18446744073709551615 max_retained_key_bytes=18446744073709551615
STO_TPCC_CAPACITY phase=load_complete table=district_0 retained_records=10 consumed_record_ids=10 retained_key_bytes=80 allocated_registry_bytes=205424 max_retained_records=18446744073709551615 max_consumed_record_ids=18446744073709551615 max_retained_key_bytes=18446744073709551615
STO_TPCC_CAPACITY phase=load_complete table=history_0 retained_records=30000 consumed_record_ids=30000 retained_key_bytes=720000 allocated_registry_bytes=2156376 max_retained_records=18446744073709551615 max_consumed_record_ids=18446744073709551615 max_retained_key_bytes=18446744073709551615
STO_TPCC_CAPACITY phase=load_complete table=new_order_0 retained_records=9000 consumed_record_ids=9000 retained_key_bytes=108000 allocated_registry_bytes=649024 max_retained_records=18446744073709551615 max_consumed_record_ids=18446744073709551615 max_retained_key_bytes=18446744073709551615
STO_TPCC_CAPACITY phase=load_complete table=oorder_0 retained_records=30000 consumed_record_ids=30000 retained_key_bytes=360000 allocated_registry_bytes=2156376 max_retained_records=18446744073709551615 max_consumed_record_ids=18446744073709551615 max_retained_key_bytes=18446744073709551615
STO_TPCC_CAPACITY phase=load_complete table=oorder_c_id_idx_0 retained_records=30000 consumed_record_ids=30000 retained_key_bytes=480000 allocated_registry_bytes=2156376 max_retained_records=18446744073709551615 max_consumed_record_ids=18446744073709551615 max_retained_key_bytes=18446744073709551615
STO_TPCC_CAPACITY phase=load_complete table=order_line_0 retained_records=299560 consumed_record_ids=299560 retained_key_bytes=4792960 allocated_registry_bytes=21049824 max_retained_records=18446744073709551615 max_consumed_record_ids=18446744073709551615 max_retained_key_bytes=18446744073709551615
STO_TPCC_CAPACITY phase=load_complete table=stock_0 retained_records=100000 consumed_record_ids=100999 retained_key_bytes=800000 allocated_registry_bytes=7111536 max_retained_records=18446744073709551615 max_consumed_record_ids=18446744073709551615 max_retained_key_bytes=18446744073709551615
STO_TPCC_CAPACITY phase=load_complete table=stock_data_0 retained_records=100000 consumed_record_ids=100999 retained_key_bytes=800000 allocated_registry_bytes=7111536 max_retained_records=18446744073709551615 max_consumed_record_ids=18446744073709551615 max_retained_key_bytes=18446744073709551615
STO_TPCC_CAPACITY phase=load_complete table=warehouse_0 retained_records=1 consumed_record_ids=1 retained_key_bytes=4 allocated_registry_bytes=205424 max_retained_records=18446744073709551615 max_consumed_record_ids=18446744073709551615 max_retained_key_bytes=18446744073709551615
STO_TPCC_CAPACITY phase=load_complete table=item retained_records=100000 consumed_record_ids=100000 retained_key_bytes=400000 allocated_registry_bytes=7039800 max_retained_records=18446744073709551615 max_consumed_record_ids=18446744073709551615 max_retained_key_bytes=18446744073709551615
tpcc: worker id 128 => warehouses [1, 2)
No JEMALLOC_NO_RENAME
20260909-07:30.36-192440(us) 2379396 * benchmark_thread_init (mbta_wrapper.hh:1811): thread_init: thread_id=6, shard_index=0, getShardIndex=0, loader=0
20260909-07:30.36-194000(us) 2379396 * ParseNewFormat  (configuration.cc:102): Using new configuration format
20260909-07:30.36-194061(us) 2379396 * ParseNewFormat  (configuration.cc:162): Loaded 1 sites in 1 shards
20260909-07:30.36-195173(us) 2379396 * ParseNewFormat  (configuration.cc:102): Using new configuration format
20260909-07:30.36-195221(us) 2379396 * ParseNewFormat  (configuration.cc:162): Loaded 1 sites in 1 shards
20260909-07:30.36-195978(us) 2379396 * Initialize      (srpc_rpc_backend.cc:66): SrpcRpcBackend::Initialize: poll_thread_worker_ created, is_some=1
D [<unknown>:0] 2026-09-09 07:30:36.196 | Server: generated instance_id=7057232356408549062
20260909-07:30.36-196065(us) 2379396 * Initialize      (srpc_rpc_backend.cc:97): SrpcRpcBackend initialized on 127.0.0.1:31000 (listening on 0.0.0.0:31000)
20260909-07:30.36-196085(us) 2379396 * FastTransport   (fasttransport.cc:147): FastTransport initialized with srpc/rpc backend on 127.0.0.1:31000
D [<unknown>:0] 2026-09-09 07:30:36.196 | [poll_loop] Starting poll loop
D [<unknown>:0] 2026-09-09 07:30:36.197 | create a fiber scheduler
20260909-07:30.36-197322(us) 2379396 * ParseNewFormat  (configuration.cc:102): Using new configuration format
20260909-07:30.36-197366(us) 2379396 * ParseNewFormat  (configuration.cc:162): Loaded 1 sites in 1 shards
20260909-07:30.36-198525(us) 2379396 ! run             (bench.cc:685):     TPCC_BENCH_MEASURE_START
20260909-07:30.36-198553(us) 2379396 ! run             (bench.cc:693):     start the running time, runTime:180
20260909-07:30.36-198571(us) 2379396 ! run             (bench.cc:705):     runtime time left:180000 ms, bool:1
20260909-07:30.37-204116(us) 2379396 ! run             (bench.cc:705):     runtime time left:179000 ms, bool:1
20260909-07:30.38-209718(us) 2379396 ! run             (bench.cc:705):     runtime time left:178000 ms, bool:1
20260909-07:30.39-217458(us) 2379396 ! run             (bench.cc:705):     runtime time left:177000 ms, bool:1
20260909-07:30.40-225754(us) 2379396 ! run             (bench.cc:705):     runtime time left:176000 ms, bool:1
20260909-07:30.41-231415(us) 2379396 ! run             (bench.cc:705):     runtime time left:175000 ms, bool:1
20260909-07:30.42-236681(us) 2379396 ! run             (bench.cc:705):     runtime time left:174000 ms, bool:1
20260909-07:30.43-244043(us) 2379396 ! run             (bench.cc:705):     runtime time left:173000 ms, bool:1
20260909-07:30.44-250686(us) 2379396 ! run             (bench.cc:705):     runtime time left:172000 ms, bool:1
20260909-07:30.45-257136(us) 2379396 ! run             (bench.cc:705):     runtime time left:171000 ms, bool:1
20260909-07:30.46-262709(us) 2379396 ! run             (bench.cc:705):     runtime time left:170000 ms, bool:1
20260909-07:30.47-271167(us) 2379396 ! run             (bench.cc:705):     runtime time left:169000 ms, bool:1
20260909-07:30.48-278247(us) 2379396 ! run             (bench.cc:705):     runtime time left:168000 ms, bool:1
20260909-07:30.49-286060(us) 2379396 ! run             (bench.cc:705):     runtime time left:167000 ms, bool:1
20260909-07:30.50-292972(us) 2379396 ! run             (bench.cc:705):     runtime time left:166000 ms, bool:1
20260909-07:30.51-300066(us) 2379396 ! run             (bench.cc:705):     runtime time left:165000 ms, bool:1
20260909-07:30.52-308209(us) 2379396 ! run             (bench.cc:705):     runtime time left:164000 ms, bool:1
20260909-07:30.53-313735(us) 2379396 ! run             (bench.cc:705):     runtime time left:163000 ms, bool:1
20260909-07:30.54-319732(us) 2379396 ! run             (bench.cc:705):     runtime time left:162000 ms, bool:1
20260909-07:30.55-326718(us) 2379396 ! run             (bench.cc:705):     runtime time left:161000 ms, bool:1
20260909-07:30.56-333914(us) 2379396 ! run             (bench.cc:705):     runtime time left:160000 ms, bool:1
20260909-07:30.57-340044(us) 2379396 ! run             (bench.cc:705):     runtime time left:159000 ms, bool:1
20260909-07:30.58-346229(us) 2379396 ! run             (bench.cc:705):     runtime time left:158000 ms, bool:1
20260909-07:30.59-353398(us) 2379396 ! run             (bench.cc:705):     runtime time left:157000 ms, bool:1
20260909-07:31.00-359007(us) 2379396 ! run             (bench.cc:705):     runtime time left:156000 ms, bool:1
20260909-07:31.01-366007(us) 2379396 ! run             (bench.cc:705):     runtime time left:155000 ms, bool:1
20260909-07:31.02-371842(us) 2379396 ! run             (bench.cc:705):     runtime time left:154000 ms, bool:1
20260909-07:31.03-377408(us) 2379396 ! run             (bench.cc:705):     runtime time left:153000 ms, bool:1
20260909-07:31.04-383460(us) 2379396 ! run             (bench.cc:705):     runtime time left:152000 ms, bool:1
20260909-07:31.05-389053(us) 2379396 ! run             (bench.cc:705):     runtime time left:151000 ms, bool:1
20260909-07:31.06-394780(us) 2379396 ! run             (bench.cc:705):     runtime time left:150000 ms, bool:1
20260909-07:31.07-402649(us) 2379396 ! run             (bench.cc:705):     runtime time left:149000 ms, bool:1
20260909-07:31.08-409271(us) 2379396 ! run             (bench.cc:705):     runtime time left:148000 ms, bool:1
20260909-07:31.09-414623(us) 2379396 ! run             (bench.cc:705):     runtime time left:147000 ms, bool:1
20260909-07:31.10-419959(us) 2379396 ! run             (bench.cc:705):     runtime time left:146000 ms, bool:1
20260909-07:31.11-427877(us) 2379396 ! run             (bench.cc:705):     runtime time left:145000 ms, bool:1
20260909-07:31.12-434466(us) 2379396 ! run             (bench.cc:705):     runtime time left:144000 ms, bool:1
20260909-07:31.13-440796(us) 2379396 ! run             (bench.cc:705):     runtime time left:143000 ms, bool:1
20260909-07:31.14-446994(us) 2379396 ! run             (bench.cc:705):     runtime time left:142000 ms, bool:1
20260909-07:31.15-453299(us) 2379396 ! run             (bench.cc:705):     runtime time left:141000 ms, bool:1
20260909-07:31.16-463022(us) 2379396 ! run             (bench.cc:705):     runtime time left:140000 ms, bool:1
20260909-07:31.17-470928(us) 2379396 ! run             (bench.cc:705):     runtime time left:139000 ms, bool:1
20260909-07:31.18-480443(us) 2379396 ! run             (bench.cc:705):     runtime time left:138000 ms, bool:1
20260909-07:31.19-486613(us) 2379396 ! run             (bench.cc:705):     runtime time left:137000 ms, bool:1
20260909-07:31.20-492424(us) 2379396 ! run             (bench.cc:705):     runtime time left:136000 ms, bool:1
20260909-07:31.21-498220(us) 2379396 ! run             (bench.cc:705):     runtime time left:135000 ms, bool:1
20260909-07:31.22-505034(us) 2379396 ! run             (bench.cc:705):     runtime time left:134000 ms, bool:1
20260909-07:31.23-510514(us) 2379396 ! run             (bench.cc:705):     runtime time left:133000 ms, bool:1
20260909-07:31.24-517555(us) 2379396 ! run             (bench.cc:705):     runtime time left:132000 ms, bool:1
20260909-07:31.25-522985(us) 2379396 ! run             (bench.cc:705):     runtime time left:131000 ms, bool:1
20260909-07:31.26-529982(us) 2379396 ! run             (bench.cc:705):     runtime time left:130000 ms, bool:1
20260909-07:31.27-535737(us) 2379396 ! run             (bench.cc:705):     runtime time left:129000 ms, bool:1
20260909-07:31.28-543025(us) 2379396 ! run             (bench.cc:705):     runtime time left:128000 ms, bool:1
20260909-07:31.29-548557(us) 2379396 ! run             (bench.cc:705):     runtime time left:127000 ms, bool:1
20260909-07:31.30-556264(us) 2379396 ! run             (bench.cc:705):     runtime time left:126000 ms, bool:1
20260909-07:31.31-564393(us) 2379396 ! run             (bench.cc:705):     runtime time left:125000 ms, bool:1
20260909-07:31.32-571225(us) 2379396 ! run             (bench.cc:705):     runtime time left:124000 ms, bool:1
20260909-07:31.33-576586(us) 2379396 ! run             (bench.cc:705):     runtime time left:123000 ms, bool:1
20260909-07:31.34-583291(us) 2379396 ! run             (bench.cc:705):     runtime time left:122000 ms, bool:1
20260909-07:31.35-590092(us) 2379396 ! run             (bench.cc:705):     runtime time left:121000 ms, bool:1
20260909-07:31.36-597298(us) 2379396 ! run             (bench.cc:705):     runtime time left:120000 ms, bool:1
20260909-07:31.37-602900(us) 2379396 ! run             (bench.cc:705):     runtime time left:119000 ms, bool:1
20260909-07:31.38-609041(us) 2379396 ! run             (bench.cc:705):     runtime time left:118000 ms, bool:1
20260909-07:31.39-615283(us) 2379396 ! run             (bench.cc:705):     runtime time left:117000 ms, bool:1
20260909-07:31.40-622881(us) 2379396 ! run             (bench.cc:705):     runtime time left:116000 ms, bool:1
20260909-07:31.41-628417(us) 2379396 ! run             (bench.cc:705):     runtime time left:115000 ms, bool:1
20260909-07:31.42-636133(us) 2379396 ! run             (bench.cc:705):     runtime time left:114000 ms, bool:1
20260909-07:31.43-641749(us) 2379396 ! run             (bench.cc:705):     runtime time left:113000 ms, bool:1
20260909-07:31.44-648624(us) 2379396 ! run             (bench.cc:705):     runtime time left:112000 ms, bool:1
20260909-07:31.45-656420(us) 2379396 ! run             (bench.cc:705):     runtime time left:111000 ms, bool:1
20260909-07:31.46-664006(us) 2379396 ! run             (bench.cc:705):     runtime time left:110000 ms, bool:1
20260909-07:31.47-670642(us) 2379396 ! run             (bench.cc:705):     runtime time left:109000 ms, bool:1
20260909-07:31.48-676124(us) 2379396 ! run             (bench.cc:705):     runtime time left:108000 ms, bool:1
20260909-07:31.49-681629(us) 2379396 ! run             (bench.cc:705):     runtime time left:107000 ms, bool:1
20260909-07:31.50-688171(us) 2379396 ! run             (bench.cc:705):     runtime time left:106000 ms, bool:1
20260909-07:31.51-695134(us) 2379396 ! run             (bench.cc:705):     runtime time left:105000 ms, bool:1
20260909-07:31.52-701579(us) 2379396 ! run             (bench.cc:705):     runtime time left:104000 ms, bool:1
20260909-07:31.53-707299(us) 2379396 ! run             (bench.cc:705):     runtime time left:103000 ms, bool:1
20260909-07:31.54-715082(us) 2379396 ! run             (bench.cc:705):     runtime time left:102000 ms, bool:1
20260909-07:31.55-721286(us) 2379396 ! run             (bench.cc:705):     runtime time left:101000 ms, bool:1
20260909-07:31.56-727784(us) 2379396 ! run             (bench.cc:705):     runtime time left:100000 ms, bool:1
20260909-07:31.57-737434(us) 2379396 ! run             (bench.cc:705):     runtime time left:99000 ms, bool:1
20260909-07:31.58-744137(us) 2379396 ! run             (bench.cc:705):     runtime time left:98000 ms, bool:1
20260909-07:31.59-751029(us) 2379396 ! run             (bench.cc:705):     runtime time left:97000 ms, bool:1
20260909-07:32.00-756238(us) 2379396 ! run             (bench.cc:705):     runtime time left:96000 ms, bool:1
20260909-07:32.01-762358(us) 2379396 ! run             (bench.cc:705):     runtime time left:95000 ms, bool:1
20260909-07:32.02-768042(us) 2379396 ! run             (bench.cc:705):     runtime time left:94000 ms, bool:1
20260909-07:32.03-775124(us) 2379396 ! run             (bench.cc:705):     runtime time left:93000 ms, bool:1
20260909-07:32.04-780544(us) 2379396 ! run             (bench.cc:705):     runtime time left:92000 ms, bool:1
20260909-07:32.05-790307(us) 2379396 ! run             (bench.cc:705):     runtime time left:91000 ms, bool:1
20260909-07:32.06-797016(us) 2379396 ! run             (bench.cc:705):     runtime time left:90000 ms, bool:1
20260909-07:32.07-804386(us) 2379396 ! run             (bench.cc:705):     runtime time left:89000 ms, bool:1
20260909-07:32.08-813408(us) 2379396 ! run             (bench.cc:705):     runtime time left:88000 ms, bool:1
20260909-07:32.09-821845(us) 2379396 ! run             (bench.cc:705):     runtime time left:87000 ms, bool:1
20260909-07:32.10-827914(us) 2379396 ! run             (bench.cc:705):     runtime time left:86000 ms, bool:1
20260909-07:32.11-833897(us) 2379396 ! run             (bench.cc:705):     runtime time left:85000 ms, bool:1
20260909-07:32.12-839469(us) 2379396 ! run             (bench.cc:705):     runtime time left:84000 ms, bool:1
20260909-07:32.13-847120(us) 2379396 ! run             (bench.cc:705):     runtime time left:83000 ms, bool:1
20260909-07:32.14-853557(us) 2379396 ! run             (bench.cc:705):     runtime time left:82000 ms, bool:1
20260909-07:32.15-859247(us) 2379396 ! run             (bench.cc:705):     runtime time left:81000 ms, bool:1
20260909-07:32.16-865137(us) 2379396 ! run             (bench.cc:705):     runtime time left:80000 ms, bool:1
20260909-07:32.17-870606(us) 2379396 ! run             (bench.cc:705):     runtime time left:79000 ms, bool:1
20260909-07:32.18-876330(us) 2379396 ! run             (bench.cc:705):     runtime time left:78000 ms, bool:1
20260909-07:32.19-881584(us) 2379396 ! run             (bench.cc:705):     runtime time left:77000 ms, bool:1
20260909-07:32.20-889298(us) 2379396 ! run             (bench.cc:705):     runtime time left:76000 ms, bool:1
20260909-07:32.21-896560(us) 2379396 ! run             (bench.cc:705):     runtime time left:75000 ms, bool:1
20260909-07:32.22-902278(us) 2379396 ! run             (bench.cc:705):     runtime time left:74000 ms, bool:1
20260909-07:32.23-909279(us) 2379396 ! run             (bench.cc:705):     runtime time left:73000 ms, bool:1
20260909-07:32.24-914837(us) 2379396 ! run             (bench.cc:705):     runtime time left:72000 ms, bool:1
20260909-07:32.25-923143(us) 2379396 ! run             (bench.cc:705):     runtime time left:71000 ms, bool:1
20260909-07:32.26-928714(us) 2379396 ! run             (bench.cc:705):     runtime time left:70000 ms, bool:1
20260909-07:32.27-935769(us) 2379396 ! run             (bench.cc:705):     runtime time left:69000 ms, bool:1
20260909-07:32.28-942792(us) 2379396 ! run             (bench.cc:705):     runtime time left:68000 ms, bool:1
20260909-07:32.29-948398(us) 2379396 ! run             (bench.cc:705):     runtime time left:67000 ms, bool:1
20260909-07:32.30-955328(us) 2379396 ! run             (bench.cc:705):     runtime time left:66000 ms, bool:1
20260909-07:32.31-960949(us) 2379396 ! run             (bench.cc:705):     runtime time left:65000 ms, bool:1
20260909-07:32.32-968969(us) 2379396 ! run             (bench.cc:705):     runtime time left:64000 ms, bool:1
20260909-07:32.33-978344(us) 2379396 ! run             (bench.cc:705):     runtime time left:63000 ms, bool:1
20260909-07:32.34-986569(us) 2379396 ! run             (bench.cc:705):     runtime time left:62000 ms, bool:1
20260909-07:32.35-992905(us) 2379396 ! run             (bench.cc:705):     runtime time left:61000 ms, bool:1
20260909-07:32.37-1494(us) 2379396 ! run             (bench.cc:705):     runtime time left:60000 ms, bool:1
20260909-07:32.38-7155(us) 2379396 ! run             (bench.cc:705):     runtime time left:59000 ms, bool:1
20260909-07:32.39-12967(us) 2379396 ! run             (bench.cc:705):     runtime time left:58000 ms, bool:1
20260909-07:32.40-21582(us) 2379396 ! run             (bench.cc:705):     runtime time left:57000 ms, bool:1
20260909-07:32.41-28943(us) 2379396 ! run             (bench.cc:705):     runtime time left:56000 ms, bool:1
20260909-07:32.42-37596(us) 2379396 ! run             (bench.cc:705):     runtime time left:55000 ms, bool:1
20260909-07:32.43-43983(us) 2379396 ! run             (bench.cc:705):     runtime time left:54000 ms, bool:1
20260909-07:32.44-51456(us) 2379396 ! run             (bench.cc:705):     runtime time left:53000 ms, bool:1
20260909-07:32.45-58301(us) 2379396 ! run             (bench.cc:705):     runtime time left:52000 ms, bool:1
20260909-07:32.46-63961(us) 2379396 ! run             (bench.cc:705):     runtime time left:51000 ms, bool:1
20260909-07:32.47-69545(us) 2379396 ! run             (bench.cc:705):     runtime time left:50000 ms, bool:1
20260909-07:32.48-75105(us) 2379396 ! run             (bench.cc:705):     runtime time left:49000 ms, bool:1
20260909-07:32.49-81788(us) 2379396 ! run             (bench.cc:705):     runtime time left:48000 ms, bool:1
20260909-07:32.50-86989(us) 2379396 ! run             (bench.cc:705):     runtime time left:47000 ms, bool:1
20260909-07:32.51-92455(us) 2379396 ! run             (bench.cc:705):     runtime time left:46000 ms, bool:1
20260909-07:32.52-98467(us) 2379396 ! run             (bench.cc:705):     runtime time left:45000 ms, bool:1
20260909-07:32.53-105310(us) 2379396 ! run             (bench.cc:705):     runtime time left:44000 ms, bool:1
20260909-07:32.54-110855(us) 2379396 ! run             (bench.cc:705):     runtime time left:43000 ms, bool:1
20260909-07:32.55-116358(us) 2379396 ! run             (bench.cc:705):     runtime time left:42000 ms, bool:1
20260909-07:32.56-122836(us) 2379396 ! run             (bench.cc:705):     runtime time left:41000 ms, bool:1
20260909-07:32.57-128359(us) 2379396 ! run             (bench.cc:705):     runtime time left:40000 ms, bool:1
20260909-07:32.58-133910(us) 2379396 ! run             (bench.cc:705):     runtime time left:39000 ms, bool:1
20260909-07:32.59-140231(us) 2379396 ! run             (bench.cc:705):     runtime time left:38000 ms, bool:1
20260909-07:33.00-146040(us) 2379396 ! run             (bench.cc:705):     runtime time left:37000 ms, bool:1
20260909-07:33.01-153127(us) 2379396 ! run             (bench.cc:705):     runtime time left:36000 ms, bool:1
20260909-07:33.02-158703(us) 2379396 ! run             (bench.cc:705):     runtime time left:35000 ms, bool:1
20260909-07:33.03-164039(us) 2379396 ! run             (bench.cc:705):     runtime time left:34000 ms, bool:1
20260909-07:33.04-172295(us) 2379396 ! run             (bench.cc:705):     runtime time left:33000 ms, bool:1
20260909-07:33.05-177847(us) 2379396 ! run             (bench.cc:705):     runtime time left:32000 ms, bool:1
20260909-07:33.06-184222(us) 2379396 ! run             (bench.cc:705):     runtime time left:31000 ms, bool:1
20260909-07:33.07-189606(us) 2379396 ! run             (bench.cc:705):     runtime time left:30000 ms, bool:1
20260909-07:33.08-195284(us) 2379396 ! run             (bench.cc:705):     runtime time left:29000 ms, bool:1
20260909-07:33.09-201007(us) 2379396 ! run             (bench.cc:705):     runtime time left:28000 ms, bool:1
20260909-07:33.10-208229(us) 2379396 ! run             (bench.cc:705):     runtime time left:27000 ms, bool:1
20260909-07:33.11-215459(us) 2379396 ! run             (bench.cc:705):     runtime time left:26000 ms, bool:1
20260909-07:33.12-222796(us) 2379396 ! run             (bench.cc:705):     runtime time left:25000 ms, bool:1
20260909-07:33.13-230016(us) 2379396 ! run             (bench.cc:705):     runtime time left:24000 ms, bool:1
20260909-07:33.14-237069(us) 2379396 ! run             (bench.cc:705):     runtime time left:23000 ms, bool:1
20260909-07:33.15-242630(us) 2379396 ! run             (bench.cc:705):     runtime time left:22000 ms, bool:1
20260909-07:33.16-248557(us) 2379396 ! run             (bench.cc:705):     runtime time left:21000 ms, bool:1
20260909-07:33.17-253904(us) 2379396 ! run             (bench.cc:705):     runtime time left:20000 ms, bool:1
20260909-07:33.18-259498(us) 2379396 ! run             (bench.cc:705):     runtime time left:19000 ms, bool:1
20260909-07:33.19-265181(us) 2379396 ! run             (bench.cc:705):     runtime time left:18000 ms, bool:1
20260909-07:33.20-271388(us) 2379396 ! run             (bench.cc:705):     runtime time left:17000 ms, bool:1
20260909-07:33.21-276641(us) 2379396 ! run             (bench.cc:705):     runtime time left:16000 ms, bool:1
20260909-07:33.22-282107(us) 2379396 ! run             (bench.cc:705):     runtime time left:15000 ms, bool:1
20260909-07:33.23-287385(us) 2379396 ! run             (bench.cc:705):     runtime time left:14000 ms, bool:1
20260909-07:33.24-294060(us) 2379396 ! run             (bench.cc:705):     runtime time left:13000 ms, bool:1
20260909-07:33.25-301739(us) 2379396 ! run             (bench.cc:705):     runtime time left:12000 ms, bool:1
20260909-07:33.26-308922(us) 2379396 ! run             (bench.cc:705):     runtime time left:11000 ms, bool:1
20260909-07:33.27-314177(us) 2379396 ! run             (bench.cc:705):     runtime time left:10000 ms, bool:1
20260909-07:33.28-319628(us) 2379396 ! run             (bench.cc:705):     runtime time left:9000 ms, bool:1
20260909-07:33.29-328787(us) 2379396 ! run             (bench.cc:705):     runtime time left:8000 ms, bool:1
20260909-07:33.30-334644(us) 2379396 ! run             (bench.cc:705):     runtime time left:7000 ms, bool:1
20260909-07:33.31-340081(us) 2379396 ! run             (bench.cc:705):     runtime time left:6000 ms, bool:1
20260909-07:33.32-345994(us) 2379396 ! run             (bench.cc:705):     runtime time left:5000 ms, bool:1
20260909-07:33.33-353329(us) 2379396 ! run             (bench.cc:705):     runtime time left:4000 ms, bool:1
20260909-07:33.34-360972(us) 2379396 ! run             (bench.cc:705):     runtime time left:3000 ms, bool:1
20260909-07:33.35-369383(us) 2379396 ! run             (bench.cc:705):     runtime time left:2000 ms, bool:1
20260909-07:33.36-375015(us) 2379396 ! run             (bench.cc:705):     runtime time left:1000 ms, bool:1
20260909-07:33.37-380732(us) 2379396 ! run             (bench.cc:718):     runtime_plus:0
[SHUTDOWN] Setting running=false to stop database worker threads
[SHUTDOWN] Calling first stop() to stop client transports
20260909-07:33.37-381035(us) 2379396 ! stop            (bench.cc:514):     stop all rpc clients. set stop=false
20260909-07:33.37-381070(us) 2379396 * Stop            (srpc_rpc_backend.cc:593): SrpcRpcBackend::Stop: BEGIN - Setting stop flag
20260909-07:33.37-381099(us) 2379396 * Stop            (srpc_rpc_backend.cc:596): SrpcRpcBackend::Stop: Waiting for event loop to exit...
20260909-07:33.37-381128(us) 2379396 * Stop            (srpc_rpc_backend.cc:612): SrpcRpcBackend::Stop: Event loop exited successfully
20260909-07:33.37-381161(us) 2379396 * Stop            (srpc_rpc_backend.cc:616): SrpcRpcBackend::Stop: Signaling 0 request queues to stop
20260909-07:33.37-381189(us) 2379396 * Stop            (srpc_rpc_backend.cc:624): SrpcRpcBackend::Stop: Signaling 0 response queues to stop
20260909-07:33.37-381218(us) 2379396 * Stop            (srpc_rpc_backend.cc:635): SrpcRpcBackend::Stop: Server cleanup deferred to destructor
20260909-07:33.37-381246(us) 2379396 * Stop            (srpc_rpc_backend.cc:638): SrpcRpcBackend::Stop: Closing client connections
20260909-07:33.37-381274(us) 2379396 * Stop            (srpc_rpc_backend.cc:642): SrpcRpcBackend::Stop: Found 0 client connections to close
20260909-07:33.37-381303(us) 2379396 * Stop            (srpc_rpc_backend.cc:662): SrpcRpcBackend::Stop: Closed 0 client connections
20260909-07:33.37-381331(us) 2379396 * Stop            (srpc_rpc_backend.cc:675): SrpcRpcBackend stats: msg_size_resp_sent: 0 bytes, counter: 0, avg: 0.000000
20260909-07:33.37-381364(us) 2379396 * Stop            (srpc_rpc_backend.cc:676): SrpcRpcBackend::Stop: END
[SHUTDOWN] First stop() completed
[SHUTDOWN] Joining 1 worker threads
[SHUTDOWN] Joining worker 0
20260909-07:33.37-381465(us) 2379396 * PrintStats      (srpc_rpc_backend.cc:686): SrpcRpcBackend request stats: msg_size_req_sent: 0 bytes, counter: 0, avg: 0.000000
20260909-07:33.38-381558(us) 2379396 * Stop            (srpc_rpc_backend.cc:589): SrpcRpcBackend::Stop: Already stopped, returning
20260909-07:33.38-381591(us) 2379396 * Shutdown        (srpc_rpc_backend.cc:112): SrpcRpcBackend::Shutdown: About to delete server
20260909-07:33.38-381619(us) 2379396 * Shutdown        (srpc_rpc_backend.cc:116): SrpcRpcBackend::Shutdown: Server pointer is valid, deleting...
20260909-07:33.38-381649(us) 2379396 * Shutdown        (srpc_rpc_backend.cc:120): SrpcRpcBackend::Shutdown: Server deleted successfully
20260909-07:33.38-381667(us) 2379396 * Shutdown        (srpc_rpc_backend.cc:132): SrpcRpcBackend::Shutdown: About to shutdown poll_thread_worker_
20260909-07:33.38-381685(us) 2379396 * Shutdown        (srpc_rpc_backend.cc:136): SrpcRpcBackend::Shutdown: poll_thread_worker_ is valid, calling shutdown()
D [<unknown>:0] 2026-09-09 07:33:38.381 | [PollThread::shutdown] Called from TID=2379411
D [<unknown>:0] 2026-09-09 07:33:38.381 | [PollThread::shutdown] Sending CmdShutdown
D [<unknown>:0] 2026-09-09 07:33:38.381 | [PollThread::shutdown] CmdShutdown sent
D [<unknown>:0] 2026-09-09 07:33:38.381 | [PollThread::shutdown] Acquiring join_handle lock...
D [<unknown>:0] 2026-09-09 07:33:38.381 | [PollThread::shutdown] join_handle lock acquired
D [<unknown>:0] 2026-09-09 07:33:38.381 | [PollThread::shutdown] Calling thread.join()...
D [<unknown>:0] 2026-09-09 07:33:38.382 | [poll_loop] Exited while loop (stop_=true), starting cleanup
D [<unknown>:0] 2026-09-09 07:33:38.382 | [poll_loop] Cleanup complete, poll_loop exiting
D [<unknown>:0] 2026-09-09 07:33:38.382 | [Reactor::~Reactor] Starting destruction, all_events_.len()=0, fibers_.size()=0
D [<unknown>:0] 2026-09-09 07:33:38.382 | [Reactor::~Reactor] Destructor body complete, about to destroy member variables
D [<unknown>:0] 2026-09-09 07:33:38.382 | [PollThread::shutdown] thread.join() completed!
D [<unknown>:0] 2026-09-09 07:33:38.382 | [PollThread::shutdown] Released join_handle lock
D [<unknown>:0] 2026-09-09 07:33:38.382 | [PollThread::shutdown] Complete
20260909-07:33.38-382361(us) 2379396 * Shutdown        (srpc_rpc_backend.cc:138): SrpcRpcBackend::Shutdown: poll_thread_worker_->shutdown() completed
D [<unknown>:0] 2026-09-09 07:33:38.382 | [PollThread::~PollThread] Destructor called from TID=2379411
D [<unknown>:0] 2026-09-09 07:33:38.382 | [PollThread::shutdown] Called from TID=2379411
D [<unknown>:0] 2026-09-09 07:33:38.382 | [PollThread::shutdown] Already called, returning
D [<unknown>:0] 2026-09-09 07:33:38.382 | [PollThread::~PollThread] Destructor complete
20260909-07:33.38-382401(us) 2379396 * Shutdown        (srpc_rpc_backend.cc:140): SrpcRpcBackend::Shutdown: poll_thread_worker_ reset to None
20260909-07:33.38-382420(us) 2379396 * Shutdown        (srpc_rpc_backend.cc:145): SrpcRpcBackend::Shutdown: Shutdown sequence completed, destructor will now exit
20260909-07:33.38-382437(us) 2379396 * ~SrpcRpcBackend (srpc_rpc_backend.cc:52): SrpcRpcBackend::~SrpcRpcBackend: START destructor
20260909-07:33.38-382455(us) 2379396 * Stop            (srpc_rpc_backend.cc:589): SrpcRpcBackend::Stop: Already stopped, returning
20260909-07:33.38-382473(us) 2379396 * Shutdown        (srpc_rpc_backend.cc:112): SrpcRpcBackend::Shutdown: About to delete server
20260909-07:33.38-382510(us) 2379396 * Shutdown        (srpc_rpc_backend.cc:129): SrpcRpcBackend::Shutdown: Server pointer is null, skipping deletion
20260909-07:33.38-382527(us) 2379396 * Shutdown        (srpc_rpc_backend.cc:132): SrpcRpcBackend::Shutdown: About to shutdown poll_thread_worker_
20260909-07:33.38-382545(us) 2379396 * Shutdown        (srpc_rpc_backend.cc:142): SrpcRpcBackend::Shutdown: poll_thread_worker_ is null, skipping shutdown
20260909-07:33.38-382562(us) 2379396 * Shutdown        (srpc_rpc_backend.cc:145): SrpcRpcBackend::Shutdown: Shutdown sequence completed, destructor will now exit
20260909-07:33.38-382589(us) 2379396 * ~SrpcRpcBackend (srpc_rpc_backend.cc:54): SrpcRpcBackend::~SrpcRpcBackend: Shutdown() completed
[SHUTDOWN] Worker 0 joined
[SHUTDOWN] All workers joined
[SHUTDOWN] Calling stop_rpc_server()
[STOP_SERVER] Stopping 2 server transports
[STOP_SERVER] Stopping server transport 0
20260909-07:33.38-382774(us) 2379396 * Stop            (srpc_rpc_backend.cc:593): SrpcRpcBackend::Stop: BEGIN - Setting stop flag
20260909-07:33.38-382795(us) 2379396 * Stop            (srpc_rpc_backend.cc:596): SrpcRpcBackend::Stop: Waiting for event loop to exit...
20260909-07:33.38-382859(us) 2379396 * RunEventLoop    (srpc_rpc_backend.cc:577): SrpcRpcBackend::RunEventLoop: Stop flag detected, exiting event loop
20260909-07:33.38-382878(us) 2379396 * RunEventLoop    (srpc_rpc_backend.cc:581): SrpcRpcBackend::RunEventLoop: Exited cleanly
20260909-07:33.38-382896(us) 2379396 * rpc_server      (rpc_setup.cc:126): the rpc_server is terminated on shardIdx:0, alpha:0!
20260909-07:33.38-382989(us) 2379396 * Stop            (srpc_rpc_backend.cc:612): SrpcRpcBackend::Stop: Event loop exited successfully
20260909-07:33.38-383009(us) 2379396 * Stop            (srpc_rpc_backend.cc:616): SrpcRpcBackend::Stop: Signaling 0 request queues to stop
20260909-07:33.38-383027(us) 2379396 * Stop            (srpc_rpc_backend.cc:624): SrpcRpcBackend::Stop: Signaling 0 response queues to stop
20260909-07:33.38-383045(us) 2379396 * Stop            (srpc_rpc_backend.cc:635): SrpcRpcBackend::Stop: Server cleanup deferred to destructor
20260909-07:33.38-383062(us) 2379396 * Stop            (srpc_rpc_backend.cc:638): SrpcRpcBackend::Stop: Closing client connections
20260909-07:33.38-383080(us) 2379396 * Stop            (srpc_rpc_backend.cc:642): SrpcRpcBackend::Stop: Found 0 client connections to close
20260909-07:33.38-383097(us) 2379396 * Stop            (srpc_rpc_backend.cc:662): SrpcRpcBackend::Stop: Closed 0 client connections
20260909-07:33.38-383115(us) 2379396 * Stop            (srpc_rpc_backend.cc:675): SrpcRpcBackend stats: msg_size_resp_sent: 0 bytes, counter: 0, avg: 0.000000
20260909-07:33.38-383134(us) 2379396 * Stop            (srpc_rpc_backend.cc:676): SrpcRpcBackend::Stop: END
[STOP_SERVER] Server transport 0 stopped
[STOP_SERVER] Stopping server transport 1
20260909-07:33.38-383196(us) 2379396 * Stop            (srpc_rpc_backend.cc:593): SrpcRpcBackend::Stop: BEGIN - Setting stop flag
20260909-07:33.38-383214(us) 2379396 * Stop            (srpc_rpc_backend.cc:596): SrpcRpcBackend::Stop: Waiting for event loop to exit...
20260909-07:33.38-383306(us) 2379396 * RunEventLoop    (srpc_rpc_backend.cc:577): SrpcRpcBackend::RunEventLoop: Stop flag detected, exiting event loop
20260909-07:33.38-383325(us) 2379396 * RunEventLoop    (srpc_rpc_backend.cc:581): SrpcRpcBackend::RunEventLoop: Exited cleanly
20260909-07:33.38-383342(us) 2379396 * rpc_server      (rpc_setup.cc:126): the rpc_server is terminated on shardIdx:0, alpha:1!
20260909-07:33.38-393291(us) 2379396 * Stop            (srpc_rpc_backend.cc:612): SrpcRpcBackend::Stop: Event loop exited successfully
20260909-07:33.38-393321(us) 2379396 * Stop            (srpc_rpc_backend.cc:616): SrpcRpcBackend::Stop: Signaling 0 request queues to stop
20260909-07:33.38-393339(us) 2379396 * Stop            (srpc_rpc_backend.cc:624): SrpcRpcBackend::Stop: Signaling 0 response queues to stop
20260909-07:33.38-393356(us) 2379396 * Stop            (srpc_rpc_backend.cc:635): SrpcRpcBackend::Stop: Server cleanup deferred to destructor
20260909-07:33.38-393374(us) 2379396 * Stop            (srpc_rpc_backend.cc:638): SrpcRpcBackend::Stop: Closing client connections
20260909-07:33.38-393391(us) 2379396 * Stop            (srpc_rpc_backend.cc:642): SrpcRpcBackend::Stop: Found 0 client connections to close
20260909-07:33.38-393409(us) 2379396 * Stop            (srpc_rpc_backend.cc:662): SrpcRpcBackend::Stop: Closed 0 client connections
20260909-07:33.38-393426(us) 2379396 * Stop            (srpc_rpc_backend.cc:675): SrpcRpcBackend stats: msg_size_resp_sent: 0 bytes, counter: 0, avg: 0.000000
20260909-07:33.38-393455(us) 2379396 * Stop            (srpc_rpc_backend.cc:676): SrpcRpcBackend::Stop: END
[STOP_SERVER] Server transport 1 stopped
20260909-07:33.38-393486(us) 2379396 * Stop            (srpc_rpc_backend.cc:589): SrpcRpcBackend::Stop: Already stopped, returning
20260909-07:33.38-393504(us) 2379396 * Shutdown        (srpc_rpc_backend.cc:112): SrpcRpcBackend::Shutdown: About to delete server
20260909-07:33.38-393521(us) 2379396 * Shutdown        (srpc_rpc_backend.cc:116): SrpcRpcBackend::Shutdown: Server pointer is valid, deleting...
20260909-07:33.38-393541(us) 2379396 * Shutdown        (srpc_rpc_backend.cc:120): SrpcRpcBackend::Shutdown: Server deleted successfully
20260909-07:33.38-393559(us) 2379396 * Shutdown        (srpc_rpc_backend.cc:132): SrpcRpcBackend::Shutdown: About to shutdown poll_thread_worker_
20260909-07:33.38-393582(us) 2379396 * Shutdown        (srpc_rpc_backend.cc:136): SrpcRpcBackend::Shutdown: poll_thread_worker_ is valid, calling shutdown()
D [<unknown>:0] 2026-09-09 07:33:38.393 | [PollThread::shutdown] Called from TID=2379396
D [<unknown>:0] 2026-09-09 07:33:38.393 | [PollThread::shutdown] Sending CmdShutdown
D [<unknown>:0] 2026-09-09 07:33:38.393 | [PollThread::shutdown] CmdShutdown sent
D [<unknown>:0] 2026-09-09 07:33:38.393 | [PollThread::shutdown] Acquiring join_handle lock...
D [<unknown>:0] 2026-09-09 07:33:38.393 | [PollThread::shutdown] join_handle lock acquired
D [<unknown>:0] 2026-09-09 07:33:38.393 | [PollThread::shutdown] Calling thread.join()...
D [<unknown>:0] 2026-09-09 07:33:38.393 | [poll_loop] Exited while loop (stop_=true), starting cleanup
D [<unknown>:0] 2026-09-09 07:33:38.393 | [poll_loop] Cleanup complete, poll_loop exiting
D [<unknown>:0] 2026-09-09 07:33:38.393 | [Reactor::~Reactor] Starting destruction, all_events_.len()=0, fibers_.size()=0
D [<unknown>:0] 2026-09-09 07:33:38.393 | [Reactor::~Reactor] Destructor body complete, about to destroy member variables
D [<unknown>:0] 2026-09-09 07:33:38.393 | [PollThread::shutdown] thread.join() completed!
D [<unknown>:0] 2026-09-09 07:33:38.393 | [PollThread::shutdown] Released join_handle lock
D [<unknown>:0] 2026-09-09 07:33:38.393 | [PollThread::shutdown] Complete
20260909-07:33.38-393849(us) 2379396 * Shutdown        (srpc_rpc_backend.cc:138): SrpcRpcBackend::Shutdown: poll_thread_worker_->shutdown() completed
D [<unknown>:0] 2026-09-09 07:33:38.393 | [PollThread::~PollThread] Destructor called from TID=2379396
D [<unknown>:0] 2026-09-09 07:33:38.393 | [PollThread::shutdown] Called from TID=2379396
D [<unknown>:0] 2026-09-09 07:33:38.393 | [PollThread::shutdown] Already called, returning
D [<unknown>:0] 2026-09-09 07:33:38.393 | [PollThread::~PollThread] Destructor complete
20260909-07:33.38-393889(us) 2379396 * Shutdown        (srpc_rpc_backend.cc:140): SrpcRpcBackend::Shutdown: poll_thread_worker_ reset to None
20260909-07:33.38-393907(us) 2379396 * Shutdown        (srpc_rpc_backend.cc:145): SrpcRpcBackend::Shutdown: Shutdown sequence completed, destructor will now exit
20260909-07:33.38-393925(us) 2379396 * ~SrpcRpcBackend (srpc_rpc_backend.cc:52): SrpcRpcBackend::~SrpcRpcBackend: START destructor
20260909-07:33.38-393943(us) 2379396 * Stop            (srpc_rpc_backend.cc:589): SrpcRpcBackend::Stop: Already stopped, returning
20260909-07:33.38-393960(us) 2379396 * Shutdown        (srpc_rpc_backend.cc:112): SrpcRpcBackend::Shutdown: About to delete server
20260909-07:33.38-393978(us) 2379396 * Shutdown        (srpc_rpc_backend.cc:129): SrpcRpcBackend::Shutdown: Server pointer is null, skipping deletion
20260909-07:33.38-394000(us) 2379396 * Shutdown        (srpc_rpc_backend.cc:132): SrpcRpcBackend::Shutdown: About to shutdown poll_thread_worker_
20260909-07:33.38-394018(us) 2379396 * Shutdown        (srpc_rpc_backend.cc:142): SrpcRpcBackend::Shutdown: poll_thread_worker_ is null, skipping shutdown
20260909-07:33.38-394035(us) 2379396 * Shutdown        (srpc_rpc_backend.cc:145): SrpcRpcBackend::Shutdown: Shutdown sequence completed, destructor will now exit
20260909-07:33.38-394061(us) 2379396 * ~SrpcRpcBackend (srpc_rpc_backend.cc:54): SrpcRpcBackend::~SrpcRpcBackend: Shutdown() completed
20260909-07:33.38-394100(us) 2379396 * Stop            (srpc_rpc_backend.cc:589): SrpcRpcBackend::Stop: Already stopped, returning
20260909-07:33.38-394118(us) 2379396 * Shutdown        (srpc_rpc_backend.cc:112): SrpcRpcBackend::Shutdown: About to delete server
20260909-07:33.38-394135(us) 2379396 * Shutdown        (srpc_rpc_backend.cc:116): SrpcRpcBackend::Shutdown: Server pointer is valid, deleting...
20260909-07:33.38-394155(us) 2379396 * Shutdown        (srpc_rpc_backend.cc:120): SrpcRpcBackend::Shutdown: Server deleted successfully
20260909-07:33.38-394172(us) 2379396 * Shutdown        (srpc_rpc_backend.cc:132): SrpcRpcBackend::Shutdown: About to shutdown poll_thread_worker_
20260909-07:33.38-394190(us) 2379396 * Shutdown        (srpc_rpc_backend.cc:136): SrpcRpcBackend::Shutdown: poll_thread_worker_ is valid, calling shutdown()
D [<unknown>:0] 2026-09-09 07:33:38.394 | [PollThread::shutdown] Called from TID=2379396
D [<unknown>:0] 2026-09-09 07:33:38.394 | [PollThread::shutdown] Sending CmdShutdown
D [<unknown>:0] 2026-09-09 07:33:38.394 | [PollThread::shutdown] CmdShutdown sent
D [<unknown>:0] 2026-09-09 07:33:38.394 | [PollThread::shutdown] Acquiring join_handle lock...
D [<unknown>:0] 2026-09-09 07:33:38.394 | [PollThread::shutdown] join_handle lock acquired
D [<unknown>:0] 2026-09-09 07:33:38.394 | [PollThread::shutdown] Calling thread.join()...
D [<unknown>:0] 2026-09-09 07:33:38.394 | [poll_loop] Exited while loop (stop_=true), starting cleanup
D [<unknown>:0] 2026-09-09 07:33:38.394 | [poll_loop] Cleanup complete, poll_loop exiting
D [<unknown>:0] 2026-09-09 07:33:38.394 | [Reactor::~Reactor] Starting destruction, all_events_.len()=0, fibers_.size()=0
D [<unknown>:0] 2026-09-09 07:33:38.394 | [Reactor::~Reactor] Destructor body complete, about to destroy member variables
D [<unknown>:0] 2026-09-09 07:33:38.394 | [PollThread::shutdown] thread.join() completed!
D [<unknown>:0] 2026-09-09 07:33:38.394 | [PollThread::shutdown] Released join_handle lock
D [<unknown>:0] 2026-09-09 07:33:38.394 | [PollThread::shutdown] Complete
20260909-07:33.38-394417(us) 2379396 * Shutdown        (srpc_rpc_backend.cc:138): SrpcRpcBackend::Shutdown: poll_thread_worker_->shutdown() completed
D [<unknown>:0] 2026-09-09 07:33:38.394 | [PollThread::~PollThread] Destructor called from TID=2379396
D [<unknown>:0] 2026-09-09 07:33:38.394 | [PollThread::shutdown] Called from TID=2379396
D [<unknown>:0] 2026-09-09 07:33:38.394 | [PollThread::shutdown] Already called, returning
D [<unknown>:0] 2026-09-09 07:33:38.394 | [PollThread::~PollThread] Destructor complete
20260909-07:33.38-394455(us) 2379396 * Shutdown        (srpc_rpc_backend.cc:140): SrpcRpcBackend::Shutdown: poll_thread_worker_ reset to None
20260909-07:33.38-394473(us) 2379396 * Shutdown        (srpc_rpc_backend.cc:145): SrpcRpcBackend::Shutdown: Shutdown sequence completed, destructor will now exit
20260909-07:33.38-394491(us) 2379396 * ~SrpcRpcBackend (srpc_rpc_backend.cc:52): SrpcRpcBackend::~SrpcRpcBackend: START destructor
20260909-07:33.38-394509(us) 2379396 * Stop            (srpc_rpc_backend.cc:589): SrpcRpcBackend::Stop: Already stopped, returning
20260909-07:33.38-394526(us) 2379396 * Shutdown        (srpc_rpc_backend.cc:112): SrpcRpcBackend::Shutdown: About to delete server
20260909-07:33.38-394544(us) 2379396 * Shutdown        (srpc_rpc_backend.cc:129): SrpcRpcBackend::Shutdown: Server pointer is null, skipping deletion
20260909-07:33.38-394561(us) 2379396 * Shutdown        (srpc_rpc_backend.cc:132): SrpcRpcBackend::Shutdown: About to shutdown poll_thread_worker_
20260909-07:33.38-394579(us) 2379396 * Shutdown        (srpc_rpc_backend.cc:142): SrpcRpcBackend::Shutdown: poll_thread_worker_ is null, skipping shutdown
20260909-07:33.38-394596(us) 2379396 * Shutdown        (srpc_rpc_backend.cc:145): SrpcRpcBackend::Shutdown: Shutdown sequence completed, destructor will now exit
20260909-07:33.38-394614(us) 2379396 * ~SrpcRpcBackend (srpc_rpc_backend.cc:54): SrpcRpcBackend::~SrpcRpcBackend: Shutdown() completed
[STOP_SERVER] All server transports stopped
[SHUTDOWN] stop_rpc_server() completed
[SHUTDOWN] Calling second stop()
20260909-07:33.38-394676(us) 2379396 ! stop            (bench.cc:514):     stop all rpc clients. set stop=false
[SHUTDOWN] Second stop() completed
20260909-07:33.38-394699(us) 2379396 ! run             (bench.cc:774):     TPCC_BENCH_MEASURE_END
[SHUTDOWN] Calling do_txn_finish()
[SHUTDOWN] do_txn_finish() completed
--- n_commits per partition ---
 par_id: 0, n_commits: 10221020
STO_TPCC_CAPACITY phase=run_complete scope=database allocated_registry_bytes=4572024352 max_registry_bytes=8589934592 registry_headroom_bytes=4017910240
STO_TPCC_CAPACITY phase=run_complete table=customer_0 retained_records=90000 consumed_record_ids=90000 retained_key_bytes=1080000 allocated_registry_bytes=17856776 max_retained_records=18446744073709551615 max_consumed_record_ids=18446744073709551615 max_retained_key_bytes=18446744073709551615
STO_TPCC_CAPACITY phase=run_complete table=customer_name_idx_0 retained_records=30000 consumed_record_ids=30000 retained_key_bytes=1200000 allocated_registry_bytes=2156376 max_retained_records=18446744073709551615 max_consumed_record_ids=18446744073709551615 max_retained_key_bytes=18446744073709551615
STO_TPCC_CAPACITY phase=run_complete table=district_0 retained_records=10 consumed_record_ids=10 retained_key_bytes=80 allocated_registry_bytes=205424 max_retained_records=18446744073709551615 max_consumed_record_ids=18446744073709551615 max_retained_key_bytes=18446744073709551615
STO_TPCC_CAPACITY phase=run_complete table=history_0 retained_records=4424779 consumed_record_ids=4424779 retained_key_bytes=106194696 allocated_registry_bytes=310504248 max_retained_records=18446744073709551615 max_consumed_record_ids=18446744073709551615 max_retained_key_bytes=18446744073709551615
STO_TPCC_CAPACITY phase=run_complete table=new_order_0 retained_records=4608506 consumed_record_ids=4608506 retained_key_bytes=55302072 allocated_registry_bytes=323344992 max_retained_records=18446744073709551615 max_consumed_record_ids=18446744073709551615 max_retained_key_bytes=18446744073709551615
STO_TPCC_CAPACITY phase=run_complete table=oorder_0 retained_records=4629506 consumed_record_ids=4629506 retained_key_bytes=55554072 allocated_registry_bytes=324851448 max_retained_records=18446744073709551615 max_consumed_record_ids=18446744073709551615 max_retained_key_bytes=18446744073709551615
STO_TPCC_CAPACITY phase=run_complete table=oorder_c_id_idx_0 retained_records=4629506 consumed_record_ids=4629506 retained_key_bytes=74072096 allocated_registry_bytes=324851448 max_retained_records=18446744073709551615 max_consumed_record_ids=18446744073709551615 max_retained_key_bytes=18446744073709551615
STO_TPCC_CAPACITY phase=run_complete table=order_line_0 retained_records=46293881 consumed_record_ids=46293881 retained_key_bytes=740702096 allocated_registry_bytes=3246785344 max_retained_records=18446744073709551615 max_consumed_record_ids=18446744073709551615 max_retained_key_bytes=18446744073709551615
STO_TPCC_CAPACITY phase=run_complete table=stock_0 retained_records=100000 consumed_record_ids=100999 retained_key_bytes=800000 allocated_registry_bytes=7111536 max_retained_records=18446744073709551615 max_consumed_record_ids=18446744073709551615 max_retained_key_bytes=18446744073709551615
STO_TPCC_CAPACITY phase=run_complete table=stock_data_0 retained_records=100000 consumed_record_ids=100999 retained_key_bytes=800000 allocated_registry_bytes=7111536 max_retained_records=18446744073709551615 max_consumed_record_ids=18446744073709551615 max_retained_key_bytes=18446744073709551615
STO_TPCC_CAPACITY phase=run_complete table=warehouse_0 retained_records=1 consumed_record_ids=1 retained_key_bytes=4 allocated_registry_bytes=205424 max_retained_records=18446744073709551615 max_consumed_record_ids=18446744073709551615 max_retained_key_bytes=18446744073709551615
STO_TPCC_CAPACITY phase=run_complete table=item retained_records=100000 consumed_record_ids=100000 retained_key_bytes=400000 allocated_registry_bytes=7039800 max_retained_records=18446744073709551615 max_consumed_record_ids=18446744073709551615 max_retained_key_bytes=18446744073709551615
--- benchmark statistics ---
runtime: 181.196 sec
memory delta: 6078.37 MB
n_commits: 10221020
latency_numer_us: 175076860
latency_numer_us_remote: 0
memory delta rate: 33.5458 MB/sec
logical memory delta: 651.781 MB
logical memory delta rate: 3.5971 MB/sec
agg_nosync_throughput: 56408.6 ops/sec
avg_nosync_per_core_throughput: 56408.6 ops/sec/core
agg_throughput: 56408.6 ops/sec
avg_per_core_throughput: 56408.6 ops/sec/core
agg_persist_throughput: 56408.6 ops/sec
avg_per_core_persist_throughput: 56408.6 ops/sec/core
avg_latency: 0.0171291 ms
avg_persist_latency: 0 ms
agg_abort_rate: 0 aborts/sec
avg_per_core_abort_rate: 0 aborts/sec/core
  NewOrder_local_commit_latency: 0.0191509 ms
  NewOrder_local_abort_latency: 0 ms
  NewOrder_local_abort_ratio: 0
  Payment_local_commit_latency: 0.00635215 ms
  Payment_local_abort_latency: 0 ms
  Payment_local_abort_ratio: 0
  Delivery_local_commit_latency: 0.0897409 ms
  Delivery_local_abort_latency: 0 ms
  Delivery_local_abort_ratio: 0
  OrderStatus_local_commit_latency: 0.0110293 ms
  OrderStatus_local_abort_latency: 0 ms
  OrderStatus_local_abort_ratio: 0
  StockLevel_local_commit_latency: 0.0560394 ms
  StockLevel_local_abort_latency: 0 ms
  StockLevel_local_abort_ratio: 0
  NewOrder_remote_ratio: 0 %
  NewOrder_remote_abort_ratio: 0 %
  NewOrder_remote_commit_latency: 0 ms
  NewOrder_remote_abort_latency: 0 ms
  Payment_remote_ratio: 0 %
  Payment_remote_abort_ratio: 0 %
  Payment_remote_commit_latency: 0 ms
  Payment_remote_abort_latency: 0 ms
--- system counters (for benchmark) ---
--- perf counters (if enabled, for benchmark) ---
--- allocator stats ---
[SiloRuntime 0] ncpus=1
[SiloRuntime 0] cpu=0 fully_faulted?=0 remaining=2680160256 bytes
---------------------------------------
--- system counters for n_commits ---

TPCC_BENCH_RESULT {"schema_version":1,"engine":"rust","threads":1,"warehouses":1,"configured_seconds":180,"measured_seconds":181.196146,"commits":10221020,"aborts":0,"attempts":10221020,"throughput_txn_s":56408.59491569981,"mix":{"NewOrder":4599506,"Payment":4394779,"Delivery":409835,"OrderStatus":408796,"StockLevel":408104}}
[STOP_SERVER] Stopping 0 server transports
[STOP_SERVER] All server transports stopped
	Command being timed: "taskset -c 10 /var/tmp/sto-capacity-20260909.kKklOX/pgo-batched/sto_tpcc_bench --num-threads 1 --shard-config config/mako_sto_tpcc_local.yml --site-name local_s0 --runtime 180 --storage-engine rust --slow-exit"
	User time (seconds): 175.90
	System time (seconds): 16.34
	Percent of CPU this job got: 99%
	Elapsed (wall clock) time (h:mm:ss or m:ss): 3:13.31
	Average shared text size (kbytes): 0
	Average unshared data size (kbytes): 0
	Average stack size (kbytes): 0
	Average total size (kbytes): 0
	Maximum resident set size (kbytes): 6455296
	Average resident set size (kbytes): 0
	Major (requiring I/O) page faults: 0
	Minor (reclaiming a frame) page faults: 1614166
	Voluntary context switches: 3014479
	Involuntary context switches: 1432594
	Swaps: 0
	File system inputs: 0
	File system outputs: 368
	Socket messages sent: 0
	Socket messages received: 0
	Signals delivered: 0
	Page size (bytes): 4096
	Exit status: 0
